<!doctype html public "-//w3c//dtd html 4.0 transitional//en">
<html><head>
<title>Static Call Graph - [.\Objects\RAM\rtx-app-ram.axf]</title></head>
<body><HR>
<H1>Static Call Graph for image .\Objects\RAM\rtx-app-ram.axf</H1><HR>
<BR><P>#&#060CALLGRAPH&#062# ARM Linker, 5060750: Last Updated: Tue Jul 20 19:09:01 2021
<BR><P>
<H3>Maximum Stack Usage =        468 bytes + Unknown(Functions without stacksize, Cycles, Untraceable Function Pointers)</H3><H3>
Call chain for Maximum Stack Depth:</H3>
task_kcd &rArr; KCD_handler &rArr; error_message &rArr; _init_message &rArr; copy
<P>
<H3>
Functions with no stack information
</H3><UL>
 <LI><a href="#[4e]">K_RESTORE</a>
 <LI><a href="#[50]">__user_initial_stackheap</a>
</UL>
</UL>
<P>
<H3>
Mutually Recursive functions
</H3> <LI><a href="#[5]">NMI_Handler</a>&nbsp;&nbsp;&nbsp;&rArr;&nbsp;&nbsp;&nbsp;<a href="#[5]">NMI_Handler</a><BR>
 <LI><a href="#[6]">HardFault_Handler</a>&nbsp;&nbsp;&nbsp;&rArr;&nbsp;&nbsp;&nbsp;<a href="#[6]">HardFault_Handler</a><BR>
 <LI><a href="#[7]">MemManage_Handler</a>&nbsp;&nbsp;&nbsp;&rArr;&nbsp;&nbsp;&nbsp;<a href="#[7]">MemManage_Handler</a><BR>
 <LI><a href="#[8]">BusFault_Handler</a>&nbsp;&nbsp;&nbsp;&rArr;&nbsp;&nbsp;&nbsp;<a href="#[8]">BusFault_Handler</a><BR>
 <LI><a href="#[9]">UsageFault_Handler</a>&nbsp;&nbsp;&nbsp;&rArr;&nbsp;&nbsp;&nbsp;<a href="#[9]">UsageFault_Handler</a><BR>
 <LI><a href="#[b]">DebugMon_Handler</a>&nbsp;&nbsp;&nbsp;&rArr;&nbsp;&nbsp;&nbsp;<a href="#[b]">DebugMon_Handler</a><BR>
 <LI><a href="#[c]">PendSV_Handler</a>&nbsp;&nbsp;&nbsp;&rArr;&nbsp;&nbsp;&nbsp;<a href="#[c]">PendSV_Handler</a><BR>
 <LI><a href="#[d]">SysTick_Handler</a>&nbsp;&nbsp;&nbsp;&rArr;&nbsp;&nbsp;&nbsp;<a href="#[d]">SysTick_Handler</a><BR>
 <LI><a href="#[24]">ADC_IRQHandler</a>&nbsp;&nbsp;&nbsp;&rArr;&nbsp;&nbsp;&nbsp;<a href="#[24]">ADC_IRQHandler</a><BR>
</UL>
<P>
<H3>
Function Pointers
</H3><UL>
 <LI><a href="#[24]">ADC_IRQHandler</a> from startup_lpc17xx.o(.text) referenced from startup_lpc17xx.o(RESET)
 <LI><a href="#[25]">BOD_IRQHandler</a> from startup_lpc17xx.o(.text) referenced from startup_lpc17xx.o(RESET)
 <LI><a href="#[8]">BusFault_Handler</a> from startup_lpc17xx.o(.text) referenced from startup_lpc17xx.o(RESET)
 <LI><a href="#[30]">CANActivity_IRQHandler</a> from startup_lpc17xx.o(.text) referenced from startup_lpc17xx.o(RESET)
 <LI><a href="#[27]">CAN_IRQHandler</a> from startup_lpc17xx.o(.text) referenced from startup_lpc17xx.o(RESET)
 <LI><a href="#[28]">DMA_IRQHandler</a> from startup_lpc17xx.o(.text) referenced from startup_lpc17xx.o(RESET)
 <LI><a href="#[b]">DebugMon_Handler</a> from startup_lpc17xx.o(.text) referenced from startup_lpc17xx.o(RESET)
 <LI><a href="#[20]">EINT0_IRQHandler</a> from startup_lpc17xx.o(.text) referenced from startup_lpc17xx.o(RESET)
 <LI><a href="#[21]">EINT1_IRQHandler</a> from startup_lpc17xx.o(.text) referenced from startup_lpc17xx.o(RESET)
 <LI><a href="#[22]">EINT2_IRQHandler</a> from startup_lpc17xx.o(.text) referenced from startup_lpc17xx.o(RESET)
 <LI><a href="#[23]">EINT3_IRQHandler</a> from startup_lpc17xx.o(.text) referenced from startup_lpc17xx.o(RESET)
 <LI><a href="#[2a]">ENET_IRQHandler</a> from startup_lpc17xx.o(.text) referenced from startup_lpc17xx.o(RESET)
 <LI><a href="#[6]">HardFault_Handler</a> from startup_lpc17xx.o(.text) referenced from startup_lpc17xx.o(RESET)
 <LI><a href="#[18]">I2C0_IRQHandler</a> from startup_lpc17xx.o(.text) referenced from startup_lpc17xx.o(RESET)
 <LI><a href="#[19]">I2C1_IRQHandler</a> from startup_lpc17xx.o(.text) referenced from startup_lpc17xx.o(RESET)
 <LI><a href="#[1a]">I2C2_IRQHandler</a> from startup_lpc17xx.o(.text) referenced from startup_lpc17xx.o(RESET)
 <LI><a href="#[29]">I2S_IRQHandler</a> from startup_lpc17xx.o(.text) referenced from startup_lpc17xx.o(RESET)
 <LI><a href="#[2c]">MCPWM_IRQHandler</a> from startup_lpc17xx.o(.text) referenced from startup_lpc17xx.o(RESET)
 <LI><a href="#[7]">MemManage_Handler</a> from startup_lpc17xx.o(.text) referenced from startup_lpc17xx.o(RESET)
 <LI><a href="#[5]">NMI_Handler</a> from startup_lpc17xx.o(.text) referenced from startup_lpc17xx.o(RESET)
 <LI><a href="#[1e]">PLL0_IRQHandler</a> from startup_lpc17xx.o(.text) referenced from startup_lpc17xx.o(RESET)
 <LI><a href="#[2e]">PLL1_IRQHandler</a> from startup_lpc17xx.o(.text) referenced from startup_lpc17xx.o(RESET)
 <LI><a href="#[17]">PWM1_IRQHandler</a> from startup_lpc17xx.o(.text) referenced from startup_lpc17xx.o(RESET)
 <LI><a href="#[c]">PendSV_Handler</a> from startup_lpc17xx.o(.text) referenced from startup_lpc17xx.o(RESET)
 <LI><a href="#[2d]">QEI_IRQHandler</a> from startup_lpc17xx.o(.text) referenced from startup_lpc17xx.o(RESET)
 <LI><a href="#[2b]">RIT_IRQHandler</a> from startup_lpc17xx.o(.text) referenced from startup_lpc17xx.o(RESET)
 <LI><a href="#[1f]">RTC_IRQHandler</a> from startup_lpc17xx.o(.text) referenced from startup_lpc17xx.o(RESET)
 <LI><a href="#[4]">Reset_Handler</a> from startup_lpc17xx.o(.text) referenced from startup_lpc17xx.o(RESET)
 <LI><a href="#[1b]">SPI_IRQHandler</a> from startup_lpc17xx.o(.text) referenced from startup_lpc17xx.o(RESET)
 <LI><a href="#[1c]">SSP0_IRQHandler</a> from startup_lpc17xx.o(.text) referenced from startup_lpc17xx.o(RESET)
 <LI><a href="#[1d]">SSP1_IRQHandler</a> from startup_lpc17xx.o(.text) referenced from startup_lpc17xx.o(RESET)
 <LI><a href="#[a]">SVC_Handler</a> from k_task.o(i.SVC_Handler) referenced from startup_lpc17xx.o(RESET)
 <LI><a href="#[33]">SVC_RTE</a> from hal.o(.emb_text) referenced from k_task.o(i.k_tsk_create_new)
 <LI><a href="#[d]">SysTick_Handler</a> from startup_lpc17xx.o(.text) referenced from startup_lpc17xx.o(RESET)
 <LI><a href="#[31]">SystemInit</a> from system_lpc17xx.o(i.SystemInit) referenced from startup_lpc17xx.o(.text)
 <LI><a href="#[f]">TIMER0_IRQHandler</a> from startup_lpc17xx.o(.text) referenced from startup_lpc17xx.o(RESET)
 <LI><a href="#[10]">TIMER1_IRQHandler</a> from startup_lpc17xx.o(.text) referenced from startup_lpc17xx.o(RESET)
 <LI><a href="#[11]">TIMER2_IRQHandler</a> from startup_lpc17xx.o(.text) referenced from startup_lpc17xx.o(RESET)
 <LI><a href="#[12]">TIMER3_IRQHandler</a> from startup_lpc17xx.o(.text) referenced from startup_lpc17xx.o(RESET)
 <LI><a href="#[13]">UART0_IRQHandler</a> from uart_irq.o(i.UART0_IRQHandler) referenced from startup_lpc17xx.o(RESET)
 <LI><a href="#[14]">UART1_IRQHandler</a> from startup_lpc17xx.o(.text) referenced from startup_lpc17xx.o(RESET)
 <LI><a href="#[15]">UART2_IRQHandler</a> from startup_lpc17xx.o(.text) referenced from startup_lpc17xx.o(RESET)
 <LI><a href="#[16]">UART3_IRQHandler</a> from startup_lpc17xx.o(.text) referenced from startup_lpc17xx.o(RESET)
 <LI><a href="#[2f]">USBActivity_IRQHandler</a> from startup_lpc17xx.o(.text) referenced from startup_lpc17xx.o(RESET)
 <LI><a href="#[26]">USB_IRQHandler</a> from startup_lpc17xx.o(.text) referenced from startup_lpc17xx.o(RESET)
 <LI><a href="#[9]">UsageFault_Handler</a> from startup_lpc17xx.o(.text) referenced from startup_lpc17xx.o(RESET)
 <LI><a href="#[e]">WDT_IRQHandler</a> from startup_lpc17xx.o(.text) referenced from startup_lpc17xx.o(RESET)
 <LI><a href="#[3d]">__main</a> from __main.o(!!!main) referenced from startup_lpc17xx.o(.text)
 <LI><a href="#[38]">k_pre_rtx_init</a> from k_rtx_init.o(i.k_pre_rtx_init) referenced from main.o(i.main)
 <LI><a href="#[3a]">priv_task1</a> from ae_tasks.o(i.priv_task1) referenced from ae_tasks.o(i.set_ae_tasks)
 <LI><a href="#[37]">putc</a> from uart_polling.o(i.putc) referenced from main.o(i.main)
 <LI><a href="#[3c]">putcp</a> from printf.o(i.putcp) referenced from printf.o(i.tfp_sprintf)
 <LI><a href="#[3b]">task1</a> from ae_tasks.o(i.task1) referenced from ae_tasks.o(i.set_ae_tasks)
 <LI><a href="#[39]">task2</a> from ae_tasks.o(i.task2) referenced from ae_tasks.o(i.priv_task1)
 <LI><a href="#[35]">task_cdisp</a> from cdisp_task.o(i.task_cdisp) referenced from k_task.o(i.k_tsk_init_daemons)
 <LI><a href="#[34]">task_kcd</a> from kcd_task.o(i.task_kcd) referenced from k_task.o(i.k_tsk_init_daemons)
 <LI><a href="#[36]">task_null</a> from null_task.o(i.task_null) referenced from k_task.o(i.k_tsk_init_first)
</UL>
<P>
<H3>
Global Symbols
</H3>
<P><STRONG><a name="[3d]"></a>__main</STRONG> (Thumb, 8 bytes, Stack size 0 bytes, __main.o(!!!main))
<BR><BR>[Calls]<UL><LI><a href="#[3f]">&gt;&gt;</a>&nbsp;&nbsp;&nbsp;__rt_entry
<LI><a href="#[3e]">&gt;&gt;</a>&nbsp;&nbsp;&nbsp;__scatterload
</UL>

<P><STRONG><a name="[3e]"></a>__scatterload</STRONG> (Thumb, 0 bytes, Stack size unknown bytes, __scatter.o(!!!scatter))
<BR><BR>[Called By]<UL><LI><a href="#[3d]">&gt;&gt;</a>&nbsp;&nbsp;&nbsp;__main
</UL>

<P><STRONG><a name="[40]"></a>__scatterload_rt2</STRONG> (Thumb, 44 bytes, Stack size unknown bytes, __scatter.o(!!!scatter), UNUSED)
<BR><BR>[Calls]<UL><LI><a href="#[3f]">&gt;&gt;</a>&nbsp;&nbsp;&nbsp;__rt_entry
</UL>

<P><STRONG><a name="[c0]"></a>__scatterload_rt2_thumb_only</STRONG> (Thumb, 0 bytes, Stack size unknown bytes, __scatter.o(!!!scatter), UNUSED)

<P><STRONG><a name="[c1]"></a>__scatterload_null</STRONG> (Thumb, 0 bytes, Stack size unknown bytes, __scatter.o(!!!scatter), UNUSED)

<P><STRONG><a name="[41]"></a>__scatterload_copy</STRONG> (Thumb, 26 bytes, Stack size unknown bytes, __scatter_copy.o(!!handler_copy), UNUSED)
<BR><BR>[Calls]<UL><LI><a href="#[41]">&gt;&gt;</a>&nbsp;&nbsp;&nbsp;__scatterload_copy
</UL>
<BR>[Called By]<UL><LI><a href="#[41]">&gt;&gt;</a>&nbsp;&nbsp;&nbsp;__scatterload_copy
</UL>

<P><STRONG><a name="[c2]"></a>__scatterload_zeroinit</STRONG> (Thumb, 28 bytes, Stack size unknown bytes, __scatter_zi.o(!!handler_zi), UNUSED)

<P><STRONG><a name="[45]"></a>__rt_lib_init</STRONG> (Thumb, 0 bytes, Stack size unknown bytes, libinit.o(.ARM.Collect$$libinit$$00000000))
<BR><BR>[Called By]<UL><LI><a href="#[44]">&gt;&gt;</a>&nbsp;&nbsp;&nbsp;__rt_entry_li
</UL>

<P><STRONG><a name="[c3]"></a>__rt_lib_init_alloca_1</STRONG> (Thumb, 0 bytes, Stack size unknown bytes, libinit2.o(.ARM.Collect$$libinit$$0000002E))

<P><STRONG><a name="[c4]"></a>__rt_lib_init_argv_1</STRONG> (Thumb, 0 bytes, Stack size unknown bytes, libinit2.o(.ARM.Collect$$libinit$$0000002C))

<P><STRONG><a name="[c5]"></a>__rt_lib_init_atexit_1</STRONG> (Thumb, 0 bytes, Stack size unknown bytes, libinit2.o(.ARM.Collect$$libinit$$0000001B))

<P><STRONG><a name="[c6]"></a>__rt_lib_init_clock_1</STRONG> (Thumb, 0 bytes, Stack size unknown bytes, libinit2.o(.ARM.Collect$$libinit$$00000021))

<P><STRONG><a name="[c7]"></a>__rt_lib_init_cpp_1</STRONG> (Thumb, 0 bytes, Stack size unknown bytes, libinit2.o(.ARM.Collect$$libinit$$00000032))

<P><STRONG><a name="[c8]"></a>__rt_lib_init_exceptions_1</STRONG> (Thumb, 0 bytes, Stack size unknown bytes, libinit2.o(.ARM.Collect$$libinit$$00000030))

<P><STRONG><a name="[c9]"></a>__rt_lib_init_fp_1</STRONG> (Thumb, 0 bytes, Stack size unknown bytes, libinit2.o(.ARM.Collect$$libinit$$00000002))

<P><STRONG><a name="[ca]"></a>__rt_lib_init_fp_trap_1</STRONG> (Thumb, 0 bytes, Stack size unknown bytes, libinit2.o(.ARM.Collect$$libinit$$0000001F))

<P><STRONG><a name="[cb]"></a>__rt_lib_init_getenv_1</STRONG> (Thumb, 0 bytes, Stack size unknown bytes, libinit2.o(.ARM.Collect$$libinit$$00000023))

<P><STRONG><a name="[cc]"></a>__rt_lib_init_heap_1</STRONG> (Thumb, 0 bytes, Stack size unknown bytes, libinit2.o(.ARM.Collect$$libinit$$0000000A))

<P><STRONG><a name="[cd]"></a>__rt_lib_init_lc_collate_1</STRONG> (Thumb, 0 bytes, Stack size unknown bytes, libinit2.o(.ARM.Collect$$libinit$$00000011))

<P><STRONG><a name="[ce]"></a>__rt_lib_init_lc_ctype_1</STRONG> (Thumb, 0 bytes, Stack size unknown bytes, libinit2.o(.ARM.Collect$$libinit$$00000013))

<P><STRONG><a name="[cf]"></a>__rt_lib_init_lc_monetary_1</STRONG> (Thumb, 0 bytes, Stack size unknown bytes, libinit2.o(.ARM.Collect$$libinit$$00000015))

<P><STRONG><a name="[d0]"></a>__rt_lib_init_lc_numeric_1</STRONG> (Thumb, 0 bytes, Stack size unknown bytes, libinit2.o(.ARM.Collect$$libinit$$00000017))

<P><STRONG><a name="[d1]"></a>__rt_lib_init_lc_time_1</STRONG> (Thumb, 0 bytes, Stack size unknown bytes, libinit2.o(.ARM.Collect$$libinit$$00000019))

<P><STRONG><a name="[d2]"></a>__rt_lib_init_preinit_1</STRONG> (Thumb, 0 bytes, Stack size unknown bytes, libinit2.o(.ARM.Collect$$libinit$$00000004))

<P><STRONG><a name="[d3]"></a>__rt_lib_init_rand_1</STRONG> (Thumb, 0 bytes, Stack size unknown bytes, libinit2.o(.ARM.Collect$$libinit$$0000000E))

<P><STRONG><a name="[d4]"></a>__rt_lib_init_return</STRONG> (Thumb, 0 bytes, Stack size unknown bytes, libinit2.o(.ARM.Collect$$libinit$$00000033))

<P><STRONG><a name="[d5]"></a>__rt_lib_init_signal_1</STRONG> (Thumb, 0 bytes, Stack size unknown bytes, libinit2.o(.ARM.Collect$$libinit$$0000001D))

<P><STRONG><a name="[d6]"></a>__rt_lib_init_stdio_1</STRONG> (Thumb, 0 bytes, Stack size unknown bytes, libinit2.o(.ARM.Collect$$libinit$$00000025))

<P><STRONG><a name="[d7]"></a>__rt_lib_init_user_alloc_1</STRONG> (Thumb, 0 bytes, Stack size unknown bytes, libinit2.o(.ARM.Collect$$libinit$$0000000C))

<P><STRONG><a name="[4a]"></a>__rt_lib_shutdown</STRONG> (Thumb, 0 bytes, Stack size unknown bytes, libshutdown.o(.ARM.Collect$$libshutdown$$00000000))
<BR><BR>[Called By]<UL><LI><a href="#[49]">&gt;&gt;</a>&nbsp;&nbsp;&nbsp;__rt_exit_ls
</UL>

<P><STRONG><a name="[d8]"></a>__rt_lib_shutdown_cpp_1</STRONG> (Thumb, 0 bytes, Stack size unknown bytes, libshutdown2.o(.ARM.Collect$$libshutdown$$00000002))

<P><STRONG><a name="[d9]"></a>__rt_lib_shutdown_fp_trap_1</STRONG> (Thumb, 0 bytes, Stack size unknown bytes, libshutdown2.o(.ARM.Collect$$libshutdown$$00000007))

<P><STRONG><a name="[da]"></a>__rt_lib_shutdown_heap_1</STRONG> (Thumb, 0 bytes, Stack size unknown bytes, libshutdown2.o(.ARM.Collect$$libshutdown$$0000000F))

<P><STRONG><a name="[db]"></a>__rt_lib_shutdown_return</STRONG> (Thumb, 0 bytes, Stack size unknown bytes, libshutdown2.o(.ARM.Collect$$libshutdown$$00000010))

<P><STRONG><a name="[dc]"></a>__rt_lib_shutdown_signal_1</STRONG> (Thumb, 0 bytes, Stack size unknown bytes, libshutdown2.o(.ARM.Collect$$libshutdown$$0000000A))

<P><STRONG><a name="[dd]"></a>__rt_lib_shutdown_stdio_1</STRONG> (Thumb, 0 bytes, Stack size unknown bytes, libshutdown2.o(.ARM.Collect$$libshutdown$$00000004))

<P><STRONG><a name="[de]"></a>__rt_lib_shutdown_user_alloc_1</STRONG> (Thumb, 0 bytes, Stack size unknown bytes, libshutdown2.o(.ARM.Collect$$libshutdown$$0000000C))

<P><STRONG><a name="[3f]"></a>__rt_entry</STRONG> (Thumb, 0 bytes, Stack size unknown bytes, __rtentry.o(.ARM.Collect$$rtentry$$00000000))
<BR><BR>[Called By]<UL><LI><a href="#[3d]">&gt;&gt;</a>&nbsp;&nbsp;&nbsp;__main
<LI><a href="#[40]">&gt;&gt;</a>&nbsp;&nbsp;&nbsp;__scatterload_rt2
</UL>

<P><STRONG><a name="[df]"></a>__rt_entry_presh_1</STRONG> (Thumb, 0 bytes, Stack size unknown bytes, __rtentry2.o(.ARM.Collect$$rtentry$$00000002))

<P><STRONG><a name="[42]"></a>__rt_entry_sh</STRONG> (Thumb, 0 bytes, Stack size unknown bytes, __rtentry4.o(.ARM.Collect$$rtentry$$00000004))
<BR><BR>[Stack]<UL><LI>Max Depth = 8 + Unknown Stack Size
<LI>Call Chain = __rt_entry_sh &rArr; __user_setup_stackheap
</UL>
<BR>[Calls]<UL><LI><a href="#[43]">&gt;&gt;</a>&nbsp;&nbsp;&nbsp;__user_setup_stackheap
</UL>

<P><STRONG><a name="[44]"></a>__rt_entry_li</STRONG> (Thumb, 0 bytes, Stack size unknown bytes, __rtentry2.o(.ARM.Collect$$rtentry$$0000000A))
<BR><BR>[Calls]<UL><LI><a href="#[45]">&gt;&gt;</a>&nbsp;&nbsp;&nbsp;__rt_lib_init
</UL>

<P><STRONG><a name="[e0]"></a>__rt_entry_postsh_1</STRONG> (Thumb, 0 bytes, Stack size unknown bytes, __rtentry2.o(.ARM.Collect$$rtentry$$00000009))

<P><STRONG><a name="[46]"></a>__rt_entry_main</STRONG> (Thumb, 0 bytes, Stack size unknown bytes, __rtentry2.o(.ARM.Collect$$rtentry$$0000000D))
<BR><BR>[Stack]<UL><LI>Max Depth = 40 + Unknown Stack Size
<LI>Call Chain = __rt_entry_main &rArr; main &rArr; ae_init_new &rArr; ae_set_init_tasks_info &rArr; set_ae_init_tasks &rArr; set_ae_tasks
</UL>
<BR>[Calls]<UL><LI><a href="#[48]">&gt;&gt;</a>&nbsp;&nbsp;&nbsp;exit
<LI><a href="#[47]">&gt;&gt;</a>&nbsp;&nbsp;&nbsp;main
</UL>

<P><STRONG><a name="[e1]"></a>__rt_entry_postli_1</STRONG> (Thumb, 0 bytes, Stack size unknown bytes, __rtentry2.o(.ARM.Collect$$rtentry$$0000000C))

<P><STRONG><a name="[51]"></a>__rt_exit</STRONG> (Thumb, 0 bytes, Stack size unknown bytes, rtexit.o(.ARM.Collect$$rtexit$$00000000))
<BR><BR>[Called By]<UL><LI><a href="#[48]">&gt;&gt;</a>&nbsp;&nbsp;&nbsp;exit
</UL>

<P><STRONG><a name="[49]"></a>__rt_exit_ls</STRONG> (Thumb, 0 bytes, Stack size unknown bytes, rtexit2.o(.ARM.Collect$$rtexit$$00000003))
<BR><BR>[Calls]<UL><LI><a href="#[4a]">&gt;&gt;</a>&nbsp;&nbsp;&nbsp;__rt_lib_shutdown
</UL>

<P><STRONG><a name="[e2]"></a>__rt_exit_prels_1</STRONG> (Thumb, 0 bytes, Stack size unknown bytes, rtexit2.o(.ARM.Collect$$rtexit$$00000002))

<P><STRONG><a name="[4b]"></a>__rt_exit_exit</STRONG> (Thumb, 0 bytes, Stack size unknown bytes, rtexit2.o(.ARM.Collect$$rtexit$$00000004))
<BR><BR>[Calls]<UL><LI><a href="#[4c]">&gt;&gt;</a>&nbsp;&nbsp;&nbsp;_sys_exit
</UL>

<P><STRONG><a name="[33]"></a>SVC_RTE</STRONG> (Thumb, 0 bytes, Stack size 0 bytes, hal.o(.emb_text))
<BR>[Address Reference Count : 1]<UL><LI> k_task.o(i.k_tsk_create_new)
</UL>
<P><STRONG><a name="[e3]"></a>__rte</STRONG> (Thumb, 8 bytes, Stack size 0 bytes, hal.o(.emb_text), UNUSED)

<P><STRONG><a name="[af]"></a>k_tsk_switch</STRONG> (Thumb, 44 bytes, Stack size 0 bytes, k_task.o(.emb_text))
<BR><BR>[Called By]<UL><LI><a href="#[81]">&gt;&gt;</a>&nbsp;&nbsp;&nbsp;k_tsk_run_new
</UL>

<P><STRONG><a name="[4e]"></a>K_RESTORE</STRONG> (Thumb, 0 bytes, Stack size unknown bytes, k_task.o(.emb_text))
<BR><BR>[Called By]<UL><LI><a href="#[4d]">&gt;&gt;</a>&nbsp;&nbsp;&nbsp;k_tsk_start
</UL>

<P><STRONG><a name="[4d]"></a>k_tsk_start</STRONG> (Thumb, 2 bytes, Stack size 0 bytes, k_task.o(.emb_text))
<BR><BR>[Calls]<UL><LI><a href="#[4e]">&gt;&gt;</a>&nbsp;&nbsp;&nbsp;K_RESTORE
</UL>
<BR>[Called By]<UL><LI><a href="#[58]">&gt;&gt;</a>&nbsp;&nbsp;&nbsp;k_rtx_init
</UL>

<P><STRONG><a name="[4]"></a>Reset_Handler</STRONG> (Thumb, 8 bytes, Stack size 0 bytes, startup_lpc17xx.o(.text))
<BR>[Address Reference Count : 1]<UL><LI> startup_lpc17xx.o(RESET)
</UL>
<P><STRONG><a name="[5]"></a>NMI_Handler</STRONG> (Thumb, 2 bytes, Stack size 0 bytes, startup_lpc17xx.o(.text))
<BR><BR>[Calls]<UL><LI><a href="#[5]">&gt;&gt;</a>&nbsp;&nbsp;&nbsp;NMI_Handler
</UL>
<BR>[Called By]<UL><LI><a href="#[5]">&gt;&gt;</a>&nbsp;&nbsp;&nbsp;NMI_Handler
</UL>
<BR>[Address Reference Count : 1]<UL><LI> startup_lpc17xx.o(RESET)
</UL>
<P><STRONG><a name="[6]"></a>HardFault_Handler</STRONG> (Thumb, 2 bytes, Stack size 0 bytes, startup_lpc17xx.o(.text))
<BR><BR>[Calls]<UL><LI><a href="#[6]">&gt;&gt;</a>&nbsp;&nbsp;&nbsp;HardFault_Handler
</UL>
<BR>[Called By]<UL><LI><a href="#[6]">&gt;&gt;</a>&nbsp;&nbsp;&nbsp;HardFault_Handler
</UL>
<BR>[Address Reference Count : 1]<UL><LI> startup_lpc17xx.o(RESET)
</UL>
<P><STRONG><a name="[7]"></a>MemManage_Handler</STRONG> (Thumb, 2 bytes, Stack size 0 bytes, startup_lpc17xx.o(.text))
<BR><BR>[Calls]<UL><LI><a href="#[7]">&gt;&gt;</a>&nbsp;&nbsp;&nbsp;MemManage_Handler
</UL>
<BR>[Called By]<UL><LI><a href="#[7]">&gt;&gt;</a>&nbsp;&nbsp;&nbsp;MemManage_Handler
</UL>
<BR>[Address Reference Count : 1]<UL><LI> startup_lpc17xx.o(RESET)
</UL>
<P><STRONG><a name="[8]"></a>BusFault_Handler</STRONG> (Thumb, 2 bytes, Stack size 0 bytes, startup_lpc17xx.o(.text))
<BR><BR>[Calls]<UL><LI><a href="#[8]">&gt;&gt;</a>&nbsp;&nbsp;&nbsp;BusFault_Handler
</UL>
<BR>[Called By]<UL><LI><a href="#[8]">&gt;&gt;</a>&nbsp;&nbsp;&nbsp;BusFault_Handler
</UL>
<BR>[Address Reference Count : 1]<UL><LI> startup_lpc17xx.o(RESET)
</UL>
<P><STRONG><a name="[9]"></a>UsageFault_Handler</STRONG> (Thumb, 2 bytes, Stack size 0 bytes, startup_lpc17xx.o(.text))
<BR><BR>[Calls]<UL><LI><a href="#[9]">&gt;&gt;</a>&nbsp;&nbsp;&nbsp;UsageFault_Handler
</UL>
<BR>[Called By]<UL><LI><a href="#[9]">&gt;&gt;</a>&nbsp;&nbsp;&nbsp;UsageFault_Handler
</UL>
<BR>[Address Reference Count : 1]<UL><LI> startup_lpc17xx.o(RESET)
</UL>
<P><STRONG><a name="[b]"></a>DebugMon_Handler</STRONG> (Thumb, 2 bytes, Stack size 0 bytes, startup_lpc17xx.o(.text))
<BR><BR>[Calls]<UL><LI><a href="#[b]">&gt;&gt;</a>&nbsp;&nbsp;&nbsp;DebugMon_Handler
</UL>
<BR>[Called By]<UL><LI><a href="#[b]">&gt;&gt;</a>&nbsp;&nbsp;&nbsp;DebugMon_Handler
</UL>
<BR>[Address Reference Count : 1]<UL><LI> startup_lpc17xx.o(RESET)
</UL>
<P><STRONG><a name="[c]"></a>PendSV_Handler</STRONG> (Thumb, 2 bytes, Stack size 0 bytes, startup_lpc17xx.o(.text))
<BR><BR>[Calls]<UL><LI><a href="#[c]">&gt;&gt;</a>&nbsp;&nbsp;&nbsp;PendSV_Handler
</UL>
<BR>[Called By]<UL><LI><a href="#[c]">&gt;&gt;</a>&nbsp;&nbsp;&nbsp;PendSV_Handler
</UL>
<BR>[Address Reference Count : 1]<UL><LI> startup_lpc17xx.o(RESET)
</UL>
<P><STRONG><a name="[d]"></a>SysTick_Handler</STRONG> (Thumb, 2 bytes, Stack size 0 bytes, startup_lpc17xx.o(.text))
<BR><BR>[Calls]<UL><LI><a href="#[d]">&gt;&gt;</a>&nbsp;&nbsp;&nbsp;SysTick_Handler
</UL>
<BR>[Called By]<UL><LI><a href="#[d]">&gt;&gt;</a>&nbsp;&nbsp;&nbsp;SysTick_Handler
</UL>
<BR>[Address Reference Count : 1]<UL><LI> startup_lpc17xx.o(RESET)
</UL>
<P><STRONG><a name="[24]"></a>ADC_IRQHandler</STRONG> (Thumb, 0 bytes, Stack size 0 bytes, startup_lpc17xx.o(.text))
<BR><BR>[Calls]<UL><LI><a href="#[24]">&gt;&gt;</a>&nbsp;&nbsp;&nbsp;ADC_IRQHandler
</UL>
<BR>[Called By]<UL><LI><a href="#[24]">&gt;&gt;</a>&nbsp;&nbsp;&nbsp;ADC_IRQHandler
</UL>
<BR>[Address Reference Count : 1]<UL><LI> startup_lpc17xx.o(RESET)
</UL>
<P><STRONG><a name="[25]"></a>BOD_IRQHandler</STRONG> (Thumb, 0 bytes, Stack size 0 bytes, startup_lpc17xx.o(.text))
<BR>[Address Reference Count : 1]<UL><LI> startup_lpc17xx.o(RESET)
</UL>
<P><STRONG><a name="[30]"></a>CANActivity_IRQHandler</STRONG> (Thumb, 0 bytes, Stack size 0 bytes, startup_lpc17xx.o(.text))
<BR>[Address Reference Count : 1]<UL><LI> startup_lpc17xx.o(RESET)
</UL>
<P><STRONG><a name="[27]"></a>CAN_IRQHandler</STRONG> (Thumb, 0 bytes, Stack size 0 bytes, startup_lpc17xx.o(.text))
<BR>[Address Reference Count : 1]<UL><LI> startup_lpc17xx.o(RESET)
</UL>
<P><STRONG><a name="[28]"></a>DMA_IRQHandler</STRONG> (Thumb, 0 bytes, Stack size 0 bytes, startup_lpc17xx.o(.text))
<BR>[Address Reference Count : 1]<UL><LI> startup_lpc17xx.o(RESET)
</UL>
<P><STRONG><a name="[20]"></a>EINT0_IRQHandler</STRONG> (Thumb, 0 bytes, Stack size 0 bytes, startup_lpc17xx.o(.text))
<BR>[Address Reference Count : 1]<UL><LI> startup_lpc17xx.o(RESET)
</UL>
<P><STRONG><a name="[21]"></a>EINT1_IRQHandler</STRONG> (Thumb, 0 bytes, Stack size 0 bytes, startup_lpc17xx.o(.text))
<BR>[Address Reference Count : 1]<UL><LI> startup_lpc17xx.o(RESET)
</UL>
<P><STRONG><a name="[22]"></a>EINT2_IRQHandler</STRONG> (Thumb, 0 bytes, Stack size 0 bytes, startup_lpc17xx.o(.text))
<BR>[Address Reference Count : 1]<UL><LI> startup_lpc17xx.o(RESET)
</UL>
<P><STRONG><a name="[23]"></a>EINT3_IRQHandler</STRONG> (Thumb, 0 bytes, Stack size 0 bytes, startup_lpc17xx.o(.text))
<BR>[Address Reference Count : 1]<UL><LI> startup_lpc17xx.o(RESET)
</UL>
<P><STRONG><a name="[2a]"></a>ENET_IRQHandler</STRONG> (Thumb, 0 bytes, Stack size 0 bytes, startup_lpc17xx.o(.text))
<BR>[Address Reference Count : 1]<UL><LI> startup_lpc17xx.o(RESET)
</UL>
<P><STRONG><a name="[18]"></a>I2C0_IRQHandler</STRONG> (Thumb, 0 bytes, Stack size 0 bytes, startup_lpc17xx.o(.text))
<BR>[Address Reference Count : 1]<UL><LI> startup_lpc17xx.o(RESET)
</UL>
<P><STRONG><a name="[19]"></a>I2C1_IRQHandler</STRONG> (Thumb, 0 bytes, Stack size 0 bytes, startup_lpc17xx.o(.text))
<BR>[Address Reference Count : 1]<UL><LI> startup_lpc17xx.o(RESET)
</UL>
<P><STRONG><a name="[1a]"></a>I2C2_IRQHandler</STRONG> (Thumb, 0 bytes, Stack size 0 bytes, startup_lpc17xx.o(.text))
<BR>[Address Reference Count : 1]<UL><LI> startup_lpc17xx.o(RESET)
</UL>
<P><STRONG><a name="[29]"></a>I2S_IRQHandler</STRONG> (Thumb, 0 bytes, Stack size 0 bytes, startup_lpc17xx.o(.text))
<BR>[Address Reference Count : 1]<UL><LI> startup_lpc17xx.o(RESET)
</UL>
<P><STRONG><a name="[2c]"></a>MCPWM_IRQHandler</STRONG> (Thumb, 0 bytes, Stack size 0 bytes, startup_lpc17xx.o(.text))
<BR>[Address Reference Count : 1]<UL><LI> startup_lpc17xx.o(RESET)
</UL>
<P><STRONG><a name="[1e]"></a>PLL0_IRQHandler</STRONG> (Thumb, 0 bytes, Stack size 0 bytes, startup_lpc17xx.o(.text))
<BR>[Address Reference Count : 1]<UL><LI> startup_lpc17xx.o(RESET)
</UL>
<P><STRONG><a name="[2e]"></a>PLL1_IRQHandler</STRONG> (Thumb, 0 bytes, Stack size 0 bytes, startup_lpc17xx.o(.text))
<BR>[Address Reference Count : 1]<UL><LI> startup_lpc17xx.o(RESET)
</UL>
<P><STRONG><a name="[17]"></a>PWM1_IRQHandler</STRONG> (Thumb, 0 bytes, Stack size 0 bytes, startup_lpc17xx.o(.text))
<BR>[Address Reference Count : 1]<UL><LI> startup_lpc17xx.o(RESET)
</UL>
<P><STRONG><a name="[2d]"></a>QEI_IRQHandler</STRONG> (Thumb, 0 bytes, Stack size 0 bytes, startup_lpc17xx.o(.text))
<BR>[Address Reference Count : 1]<UL><LI> startup_lpc17xx.o(RESET)
</UL>
<P><STRONG><a name="[2b]"></a>RIT_IRQHandler</STRONG> (Thumb, 0 bytes, Stack size 0 bytes, startup_lpc17xx.o(.text))
<BR>[Address Reference Count : 1]<UL><LI> startup_lpc17xx.o(RESET)
</UL>
<P><STRONG><a name="[1f]"></a>RTC_IRQHandler</STRONG> (Thumb, 0 bytes, Stack size 0 bytes, startup_lpc17xx.o(.text))
<BR>[Address Reference Count : 1]<UL><LI> startup_lpc17xx.o(RESET)
</UL>
<P><STRONG><a name="[1b]"></a>SPI_IRQHandler</STRONG> (Thumb, 0 bytes, Stack size 0 bytes, startup_lpc17xx.o(.text))
<BR>[Address Reference Count : 1]<UL><LI> startup_lpc17xx.o(RESET)
</UL>
<P><STRONG><a name="[1c]"></a>SSP0_IRQHandler</STRONG> (Thumb, 0 bytes, Stack size 0 bytes, startup_lpc17xx.o(.text))
<BR>[Address Reference Count : 1]<UL><LI> startup_lpc17xx.o(RESET)
</UL>
<P><STRONG><a name="[1d]"></a>SSP1_IRQHandler</STRONG> (Thumb, 0 bytes, Stack size 0 bytes, startup_lpc17xx.o(.text))
<BR>[Address Reference Count : 1]<UL><LI> startup_lpc17xx.o(RESET)
</UL>
<P><STRONG><a name="[f]"></a>TIMER0_IRQHandler</STRONG> (Thumb, 0 bytes, Stack size 0 bytes, startup_lpc17xx.o(.text))
<BR>[Address Reference Count : 1]<UL><LI> startup_lpc17xx.o(RESET)
</UL>
<P><STRONG><a name="[10]"></a>TIMER1_IRQHandler</STRONG> (Thumb, 0 bytes, Stack size 0 bytes, startup_lpc17xx.o(.text))
<BR>[Address Reference Count : 1]<UL><LI> startup_lpc17xx.o(RESET)
</UL>
<P><STRONG><a name="[11]"></a>TIMER2_IRQHandler</STRONG> (Thumb, 0 bytes, Stack size 0 bytes, startup_lpc17xx.o(.text))
<BR>[Address Reference Count : 1]<UL><LI> startup_lpc17xx.o(RESET)
</UL>
<P><STRONG><a name="[12]"></a>TIMER3_IRQHandler</STRONG> (Thumb, 0 bytes, Stack size 0 bytes, startup_lpc17xx.o(.text))
<BR>[Address Reference Count : 1]<UL><LI> startup_lpc17xx.o(RESET)
</UL>
<P><STRONG><a name="[14]"></a>UART1_IRQHandler</STRONG> (Thumb, 0 bytes, Stack size 0 bytes, startup_lpc17xx.o(.text))
<BR>[Address Reference Count : 1]<UL><LI> startup_lpc17xx.o(RESET)
</UL>
<P><STRONG><a name="[15]"></a>UART2_IRQHandler</STRONG> (Thumb, 0 bytes, Stack size 0 bytes, startup_lpc17xx.o(.text))
<BR>[Address Reference Count : 1]<UL><LI> startup_lpc17xx.o(RESET)
</UL>
<P><STRONG><a name="[16]"></a>UART3_IRQHandler</STRONG> (Thumb, 0 bytes, Stack size 0 bytes, startup_lpc17xx.o(.text))
<BR>[Address Reference Count : 1]<UL><LI> startup_lpc17xx.o(RESET)
</UL>
<P><STRONG><a name="[2f]"></a>USBActivity_IRQHandler</STRONG> (Thumb, 0 bytes, Stack size 0 bytes, startup_lpc17xx.o(.text))
<BR>[Address Reference Count : 1]<UL><LI> startup_lpc17xx.o(RESET)
</UL>
<P><STRONG><a name="[26]"></a>USB_IRQHandler</STRONG> (Thumb, 0 bytes, Stack size 0 bytes, startup_lpc17xx.o(.text))
<BR>[Address Reference Count : 1]<UL><LI> startup_lpc17xx.o(RESET)
</UL>
<P><STRONG><a name="[e]"></a>WDT_IRQHandler</STRONG> (Thumb, 0 bytes, Stack size 0 bytes, startup_lpc17xx.o(.text))
<BR>[Address Reference Count : 1]<UL><LI> startup_lpc17xx.o(RESET)
</UL>
<P><STRONG><a name="[50]"></a>__user_initial_stackheap</STRONG> (Thumb, 0 bytes, Stack size unknown bytes, startup_lpc17xx.o(.text))
<BR><BR>[Called By]<UL><LI><a href="#[43]">&gt;&gt;</a>&nbsp;&nbsp;&nbsp;__user_setup_stackheap
</UL>

<P><STRONG><a name="[98]"></a>__aeabi_memcpy4</STRONG> (Thumb, 0 bytes, Stack size 8 bytes, rt_memcpy_w.o(.text))
<BR><BR>[Stack]<UL><LI>Max Depth = 8<LI>Call Chain = __aeabi_memcpy4
</UL>
<BR>[Called By]<UL><LI><a href="#[60]">&gt;&gt;</a>&nbsp;&nbsp;&nbsp;k_tsk_get
<LI><a href="#[69]">&gt;&gt;</a>&nbsp;&nbsp;&nbsp;k_mbx_get
</UL>

<P><STRONG><a name="[e4]"></a>__aeabi_memcpy8</STRONG> (Thumb, 0 bytes, Stack size 8 bytes, rt_memcpy_w.o(.text), UNUSED)

<P><STRONG><a name="[e5]"></a>__rt_memcpy_w</STRONG> (Thumb, 100 bytes, Stack size 8 bytes, rt_memcpy_w.o(.text), UNUSED)

<P><STRONG><a name="[e6]"></a>_memcpy_lastbytes_aligned</STRONG> (Thumb, 0 bytes, Stack size unknown bytes, rt_memcpy_w.o(.text), UNUSED)

<P><STRONG><a name="[e7]"></a>__use_two_region_memory</STRONG> (Thumb, 2 bytes, Stack size 0 bytes, heapauxi.o(.text), UNUSED)

<P><STRONG><a name="[e8]"></a>__rt_heap_escrow$2region</STRONG> (Thumb, 2 bytes, Stack size 0 bytes, heapauxi.o(.text), UNUSED)

<P><STRONG><a name="[e9]"></a>__rt_heap_expand$2region</STRONG> (Thumb, 2 bytes, Stack size 0 bytes, heapauxi.o(.text), UNUSED)

<P><STRONG><a name="[43]"></a>__user_setup_stackheap</STRONG> (Thumb, 74 bytes, Stack size 8 bytes, sys_stackheap_outer.o(.text))
<BR><BR>[Stack]<UL><LI>Max Depth = 8 + Unknown Stack Size
<LI>Call Chain = __user_setup_stackheap
</UL>
<BR>[Calls]<UL><LI><a href="#[4f]">&gt;&gt;</a>&nbsp;&nbsp;&nbsp;__user_perproc_libspace
<LI><a href="#[50]">&gt;&gt;</a>&nbsp;&nbsp;&nbsp;__user_initial_stackheap
</UL>
<BR>[Called By]<UL><LI><a href="#[42]">&gt;&gt;</a>&nbsp;&nbsp;&nbsp;__rt_entry_sh
</UL>

<P><STRONG><a name="[48]"></a>exit</STRONG> (Thumb, 18 bytes, Stack size 8 bytes, exit.o(.text))
<BR><BR>[Stack]<UL><LI>Max Depth = 8 + Unknown Stack Size
<LI>Call Chain = exit
</UL>
<BR>[Calls]<UL><LI><a href="#[51]">&gt;&gt;</a>&nbsp;&nbsp;&nbsp;__rt_exit
</UL>
<BR>[Called By]<UL><LI><a href="#[46]">&gt;&gt;</a>&nbsp;&nbsp;&nbsp;__rt_entry_main
</UL>

<P><STRONG><a name="[ea]"></a>__user_libspace</STRONG> (Thumb, 8 bytes, Stack size 0 bytes, libspace.o(.text), UNUSED)

<P><STRONG><a name="[4f]"></a>__user_perproc_libspace</STRONG> (Thumb, 0 bytes, Stack size 0 bytes, libspace.o(.text))
<BR><BR>[Called By]<UL><LI><a href="#[43]">&gt;&gt;</a>&nbsp;&nbsp;&nbsp;__user_setup_stackheap
</UL>

<P><STRONG><a name="[eb]"></a>__user_perthread_libspace</STRONG> (Thumb, 0 bytes, Stack size 0 bytes, libspace.o(.text), UNUSED)

<P><STRONG><a name="[4c]"></a>_sys_exit</STRONG> (Thumb, 8 bytes, Stack size 0 bytes, sys_exit.o(.text))
<BR><BR>[Called By]<UL><LI><a href="#[4b]">&gt;&gt;</a>&nbsp;&nbsp;&nbsp;__rt_exit_exit
</UL>

<P><STRONG><a name="[ec]"></a>__I$use$semihosting</STRONG> (Thumb, 0 bytes, Stack size 0 bytes, use_no_semi.o(.text), UNUSED)

<P><STRONG><a name="[ed]"></a>__use_no_semihosting_swi</STRONG> (Thumb, 2 bytes, Stack size 0 bytes, use_no_semi.o(.text), UNUSED)

<P><STRONG><a name="[ee]"></a>__semihosting_library_function</STRONG> (Thumb, 0 bytes, Stack size unknown bytes, indicate_semi.o(.text), UNUSED)

<P><STRONG><a name="[52]"></a>KCD_handler</STRONG> (Thumb, 160 bytes, Stack size 168 bytes, kcd_task.o(i.KCD_handler))
<BR><BR>[Stack]<UL><LI>Max Depth = 276<LI>Call Chain = KCD_handler &rArr; error_message &rArr; _init_message &rArr; copy
</UL>
<BR>[Calls]<UL><LI><a href="#[56]">&gt;&gt;</a>&nbsp;&nbsp;&nbsp;strlen
<LI><a href="#[54]">&gt;&gt;</a>&nbsp;&nbsp;&nbsp;get_state
<LI><a href="#[53]">&gt;&gt;</a>&nbsp;&nbsp;&nbsp;error_message
<LI><a href="#[57]">&gt;&gt;</a>&nbsp;&nbsp;&nbsp;_init_message
<LI><a href="#[55]">&gt;&gt;</a>&nbsp;&nbsp;&nbsp;tfp_sprintf
</UL>
<BR>[Called By]<UL><LI><a href="#[34]">&gt;&gt;</a>&nbsp;&nbsp;&nbsp;task_kcd
</UL>

<P><STRONG><a name="[a]"></a>SVC_Handler</STRONG> (Thumb, 216 bytes, Stack size 16 bytes, k_task.o(i.SVC_Handler))
<BR><BR>[Stack]<UL><LI>Max Depth = 320 + Unknown Stack Size
<LI>Call Chain = SVC_Handler &rArr; k_rtx_init &rArr; k_tsk_init &rArr; k_tsk_init_daemons &rArr; k_tsk_create_new &rArr; k_mpool_alloc &rArr; split_block &rArr; tfp_printf &rArr; tfp_format &rArr; putchw
</UL>
<BR>[Calls]<UL><LI><a href="#[5f]">&gt;&gt;</a>&nbsp;&nbsp;&nbsp;k_tsk_set_prio
<LI><a href="#[62]">&gt;&gt;</a>&nbsp;&nbsp;&nbsp;k_tsk_ls
<LI><a href="#[61]">&gt;&gt;</a>&nbsp;&nbsp;&nbsp;k_tsk_gettid
<LI><a href="#[60]">&gt;&gt;</a>&nbsp;&nbsp;&nbsp;k_tsk_get
<LI><a href="#[5d]">&gt;&gt;</a>&nbsp;&nbsp;&nbsp;k_tsk_exit
<LI><a href="#[5c]">&gt;&gt;</a>&nbsp;&nbsp;&nbsp;k_tsk_create
<LI><a href="#[58]">&gt;&gt;</a>&nbsp;&nbsp;&nbsp;k_rtx_init
<LI><a href="#[65]">&gt;&gt;</a>&nbsp;&nbsp;&nbsp;k_send_msg_nb
<LI><a href="#[64]">&gt;&gt;</a>&nbsp;&nbsp;&nbsp;k_send_msg
<LI><a href="#[67]">&gt;&gt;</a>&nbsp;&nbsp;&nbsp;k_recv_msg_nb
<LI><a href="#[66]">&gt;&gt;</a>&nbsp;&nbsp;&nbsp;k_recv_msg
<LI><a href="#[68]">&gt;&gt;</a>&nbsp;&nbsp;&nbsp;k_mbx_ls
<LI><a href="#[69]">&gt;&gt;</a>&nbsp;&nbsp;&nbsp;k_mbx_get
<LI><a href="#[63]">&gt;&gt;</a>&nbsp;&nbsp;&nbsp;k_mbx_create
<LI><a href="#[5b]">&gt;&gt;</a>&nbsp;&nbsp;&nbsp;k_mpool_dump
<LI><a href="#[5a]">&gt;&gt;</a>&nbsp;&nbsp;&nbsp;k_mpool_dealloc
<LI><a href="#[59]">&gt;&gt;</a>&nbsp;&nbsp;&nbsp;k_mpool_alloc
<LI><a href="#[5e]">&gt;&gt;</a>&nbsp;&nbsp;&nbsp;k_tsk_yield
</UL>
<BR>[Address Reference Count : 1]<UL><LI> startup_lpc17xx.o(RESET)
</UL>
<P><STRONG><a name="[31]"></a>SystemInit</STRONG> (Thumb, 192 bytes, Stack size 16 bytes, system_lpc17xx.o(i.SystemInit))
<BR><BR>[Stack]<UL><LI>Max Depth = 16<LI>Call Chain = SystemInit
</UL>
<BR>[Called By]<UL><LI><a href="#[47]">&gt;&gt;</a>&nbsp;&nbsp;&nbsp;main
</UL>
<BR>[Address Reference Count : 1]<UL><LI> startup_lpc17xx.o(.text)
</UL>
<P><STRONG><a name="[13]"></a>UART0_IRQHandler</STRONG> (Thumb, 216 bytes, Stack size 96 bytes, uart_irq.o(i.UART0_IRQHandler))
<BR><BR>[Stack]<UL><LI>Max Depth = 224<LI>Call Chain = UART0_IRQHandler &rArr; _k_send_msg_nb &rArr; tfp_printf &rArr; tfp_format &rArr; putchw
</UL>
<BR>[Calls]<UL><LI><a href="#[5e]">&gt;&gt;</a>&nbsp;&nbsp;&nbsp;k_tsk_yield
<LI><a href="#[6c]">&gt;&gt;</a>&nbsp;&nbsp;&nbsp;_k_send_msg_nb
<LI><a href="#[6d]">&gt;&gt;</a>&nbsp;&nbsp;&nbsp;_k_recv_msg_nb
<LI><a href="#[6a]">&gt;&gt;</a>&nbsp;&nbsp;&nbsp;uart_put_string
<LI><a href="#[6b]">&gt;&gt;</a>&nbsp;&nbsp;&nbsp;uart_put_char
</UL>
<BR>[Address Reference Count : 1]<UL><LI> startup_lpc17xx.o(RESET)
</UL>
<P><STRONG><a name="[57]"></a>_init_message</STRONG> (Thumb, 28 bytes, Stack size 8 bytes, kcd_task.o(i._init_message))
<BR><BR>[Stack]<UL><LI>Max Depth = 20<LI>Call Chain = _init_message &rArr; copy
</UL>
<BR>[Calls]<UL><LI><a href="#[6e]">&gt;&gt;</a>&nbsp;&nbsp;&nbsp;copy
</UL>
<BR>[Called By]<UL><LI><a href="#[34]">&gt;&gt;</a>&nbsp;&nbsp;&nbsp;task_kcd
<LI><a href="#[53]">&gt;&gt;</a>&nbsp;&nbsp;&nbsp;error_message
<LI><a href="#[52]">&gt;&gt;</a>&nbsp;&nbsp;&nbsp;KCD_handler
</UL>

<P><STRONG><a name="[6f]"></a>_k_mbx_create</STRONG> (Thumb, 74 bytes, Stack size 24 bytes, k_msg.o(i._k_mbx_create))
<BR><BR>[Stack]<UL><LI>Max Depth = 192<LI>Call Chain = _k_mbx_create &rArr; init_mailbox &rArr; k_mpool_alloc &rArr; split_block &rArr; tfp_printf &rArr; tfp_format &rArr; putchw
</UL>
<BR>[Calls]<UL><LI><a href="#[71]">&gt;&gt;</a>&nbsp;&nbsp;&nbsp;init_mailbox
<LI><a href="#[70]">&gt;&gt;</a>&nbsp;&nbsp;&nbsp;tfp_printf
</UL>
<BR>[Called By]<UL><LI><a href="#[a6]">&gt;&gt;</a>&nbsp;&nbsp;&nbsp;k_tsk_init
<LI><a href="#[63]">&gt;&gt;</a>&nbsp;&nbsp;&nbsp;k_mbx_create
</UL>

<P><STRONG><a name="[6d]"></a>_k_recv_msg_nb</STRONG> (Thumb, 96 bytes, Stack size 24 bytes, k_msg.o(i._k_recv_msg_nb))
<BR><BR>[Stack]<UL><LI>Max Depth = 124<LI>Call Chain = _k_recv_msg_nb &rArr; unblock_senders &rArr; unblock_task &rArr; k_tsk_run_new_helper &rArr; k_tsk_run_new &rArr; remove_tcb_given_tid
</UL>
<BR>[Calls]<UL><LI><a href="#[72]">&gt;&gt;</a>&nbsp;&nbsp;&nbsp;validate_receive_message
<LI><a href="#[73]">&gt;&gt;</a>&nbsp;&nbsp;&nbsp;pop_ring_buffer
<LI><a href="#[74]">&gt;&gt;</a>&nbsp;&nbsp;&nbsp;unblock_senders
<LI><a href="#[70]">&gt;&gt;</a>&nbsp;&nbsp;&nbsp;tfp_printf
</UL>
<BR>[Called By]<UL><LI><a href="#[67]">&gt;&gt;</a>&nbsp;&nbsp;&nbsp;k_recv_msg_nb
<LI><a href="#[13]">&gt;&gt;</a>&nbsp;&nbsp;&nbsp;UART0_IRQHandler
</UL>

<P><STRONG><a name="[6c]"></a>_k_send_msg_nb</STRONG> (Thumb, 112 bytes, Stack size 32 bytes, k_msg.o(i._k_send_msg_nb))
<BR><BR>[Stack]<UL><LI>Max Depth = 128<LI>Call Chain = _k_send_msg_nb &rArr; tfp_printf &rArr; tfp_format &rArr; putchw
</UL>
<BR>[Calls]<UL><LI><a href="#[75]">&gt;&gt;</a>&nbsp;&nbsp;&nbsp;validate_send_message
<LI><a href="#[78]">&gt;&gt;</a>&nbsp;&nbsp;&nbsp;unblock_task
<LI><a href="#[77]">&gt;&gt;</a>&nbsp;&nbsp;&nbsp;push_ring_buffer
<LI><a href="#[76]">&gt;&gt;</a>&nbsp;&nbsp;&nbsp;get_msg_length
<LI><a href="#[70]">&gt;&gt;</a>&nbsp;&nbsp;&nbsp;tfp_printf
</UL>
<BR>[Called By]<UL><LI><a href="#[65]">&gt;&gt;</a>&nbsp;&nbsp;&nbsp;k_send_msg_nb
<LI><a href="#[13]">&gt;&gt;</a>&nbsp;&nbsp;&nbsp;UART0_IRQHandler
</UL>

<P><STRONG><a name="[79]"></a>ae_init_new</STRONG> (Thumb, 36 bytes, Stack size 16 bytes, ae.o(i.ae_init_new))
<BR><BR>[Stack]<UL><LI>Max Depth = 32<LI>Call Chain = ae_init_new &rArr; ae_set_init_tasks_info &rArr; set_ae_init_tasks &rArr; set_ae_tasks
</UL>
<BR>[Calls]<UL><LI><a href="#[7a]">&gt;&gt;</a>&nbsp;&nbsp;&nbsp;ae_set_sys_info
<LI><a href="#[7b]">&gt;&gt;</a>&nbsp;&nbsp;&nbsp;ae_set_init_tasks_info
</UL>
<BR>[Called By]<UL><LI><a href="#[47]">&gt;&gt;</a>&nbsp;&nbsp;&nbsp;main
</UL>

<P><STRONG><a name="[7b]"></a>ae_set_init_tasks_info</STRONG> (Thumb, 10 bytes, Stack size 0 bytes, ae.o(i.ae_set_init_tasks_info))
<BR><BR>[Stack]<UL><LI>Max Depth = 16<LI>Call Chain = ae_set_init_tasks_info &rArr; set_ae_init_tasks &rArr; set_ae_tasks
</UL>
<BR>[Calls]<UL><LI><a href="#[7c]">&gt;&gt;</a>&nbsp;&nbsp;&nbsp;set_ae_init_tasks
</UL>
<BR>[Called By]<UL><LI><a href="#[79]">&gt;&gt;</a>&nbsp;&nbsp;&nbsp;ae_init_new
</UL>

<P><STRONG><a name="[7a]"></a>ae_set_sys_info</STRONG> (Thumb, 20 bytes, Stack size 0 bytes, ae.o(i.ae_set_sys_info))
<BR><BR>[Called By]<UL><LI><a href="#[79]">&gt;&gt;</a>&nbsp;&nbsp;&nbsp;ae_init_new
</UL>

<P><STRONG><a name="[7d]"></a>block_sender</STRONG> (Thumb, 20 bytes, Stack size 0 bytes, k_msg.o(i.block_sender))
<BR><BR>[Stack]<UL><LI>Max Depth = 52<LI>Call Chain = block_sender &rArr; block_task &rArr; k_tsk_run_new &rArr; remove_tcb_given_tid
</UL>
<BR>[Calls]<UL><LI><a href="#[7e]">&gt;&gt;</a>&nbsp;&nbsp;&nbsp;block_task
</UL>
<BR>[Called By]<UL><LI><a href="#[64]">&gt;&gt;</a>&nbsp;&nbsp;&nbsp;k_send_msg
</UL>

<P><STRONG><a name="[7e]"></a>block_task</STRONG> (Thumb, 46 bytes, Stack size 16 bytes, k_task.o(i.block_task))
<BR><BR>[Stack]<UL><LI>Max Depth = 52<LI>Call Chain = block_task &rArr; k_tsk_run_new &rArr; remove_tcb_given_tid
</UL>
<BR>[Calls]<UL><LI><a href="#[80]">&gt;&gt;</a>&nbsp;&nbsp;&nbsp;enqueue_back
<LI><a href="#[81]">&gt;&gt;</a>&nbsp;&nbsp;&nbsp;k_tsk_run_new
<LI><a href="#[7f]">&gt;&gt;</a>&nbsp;&nbsp;&nbsp;check_task_valid
</UL>
<BR>[Called By]<UL><LI><a href="#[66]">&gt;&gt;</a>&nbsp;&nbsp;&nbsp;k_recv_msg
<LI><a href="#[7d]">&gt;&gt;</a>&nbsp;&nbsp;&nbsp;block_sender
</UL>

<P><STRONG><a name="[7f]"></a>check_task_valid</STRONG> (Thumb, 30 bytes, Stack size 0 bytes, k_task.o(i.check_task_valid))
<BR><BR>[Called By]<UL><LI><a href="#[5f]">&gt;&gt;</a>&nbsp;&nbsp;&nbsp;k_tsk_set_prio
<LI><a href="#[62]">&gt;&gt;</a>&nbsp;&nbsp;&nbsp;k_tsk_ls
<LI><a href="#[60]">&gt;&gt;</a>&nbsp;&nbsp;&nbsp;k_tsk_get
<LI><a href="#[75]">&gt;&gt;</a>&nbsp;&nbsp;&nbsp;validate_send_message
<LI><a href="#[7e]">&gt;&gt;</a>&nbsp;&nbsp;&nbsp;block_task
<LI><a href="#[68]">&gt;&gt;</a>&nbsp;&nbsp;&nbsp;k_mbx_ls
<LI><a href="#[69]">&gt;&gt;</a>&nbsp;&nbsp;&nbsp;k_mbx_get
</UL>

<P><STRONG><a name="[82]"></a>child_index_to_parent_index</STRONG> (Thumb, 20 bytes, Stack size 4 bytes, k_mem_util.o(i.child_index_to_parent_index))
<BR><BR>[Stack]<UL><LI>Max Depth = 4<LI>Call Chain = child_index_to_parent_index
</UL>
<BR>[Calls]<UL><LI><a href="#[83]">&gt;&gt;</a>&nbsp;&nbsp;&nbsp;index_to_relative_index
</UL>
<BR>[Called By]<UL><LI><a href="#[85]">&gt;&gt;</a>&nbsp;&nbsp;&nbsp;coalesce_buddies
<LI><a href="#[5a]">&gt;&gt;</a>&nbsp;&nbsp;&nbsp;k_mpool_dealloc
</UL>

<P><STRONG><a name="[84]"></a>cleanup_mailbox</STRONG> (Thumb, 12 bytes, Stack size 0 bytes, k_msg_util.o(i.cleanup_mailbox))
<BR><BR>[Stack]<UL><LI>Max Depth = 120<LI>Call Chain = cleanup_mailbox &rArr; k_mpool_dealloc &rArr; tfp_printf &rArr; tfp_format &rArr; putchw
</UL>
<BR>[Calls]<UL><LI><a href="#[5a]">&gt;&gt;</a>&nbsp;&nbsp;&nbsp;k_mpool_dealloc
</UL>
<BR>[Called By]<UL><LI><a href="#[96]">&gt;&gt;</a>&nbsp;&nbsp;&nbsp;k_mbx_cleanup
</UL>

<P><STRONG><a name="[ba]"></a>clear_string</STRONG> (Thumb, 20 bytes, Stack size 0 bytes, kcd_task.o(i.clear_string))
<BR><BR>[Called By]<UL><LI><a href="#[34]">&gt;&gt;</a>&nbsp;&nbsp;&nbsp;task_kcd
</UL>

<P><STRONG><a name="[85]"></a>coalesce_buddies</STRONG> (Thumb, 76 bytes, Stack size 24 bytes, k_mem_util.o(i.coalesce_buddies))
<BR><BR>[Stack]<UL><LI>Max Depth = 56<LI>Call Chain = coalesce_buddies &rArr; mark_index_as_unused &rArr; set_used_block
</UL>
<BR>[Calls]<UL><LI><a href="#[86]">&gt;&gt;</a>&nbsp;&nbsp;&nbsp;pointer_to_index
<LI><a href="#[88]">&gt;&gt;</a>&nbsp;&nbsp;&nbsp;mark_index_as_unused
<LI><a href="#[87]">&gt;&gt;</a>&nbsp;&nbsp;&nbsp;index_to_pointer
<LI><a href="#[82]">&gt;&gt;</a>&nbsp;&nbsp;&nbsp;child_index_to_parent_index
</UL>
<BR>[Called By]<UL><LI><a href="#[5a]">&gt;&gt;</a>&nbsp;&nbsp;&nbsp;k_mpool_dealloc
</UL>

<P><STRONG><a name="[6e]"></a>copy</STRONG> (Thumb, 32 bytes, Stack size 12 bytes, kcd_task.o(i.copy))
<BR><BR>[Stack]<UL><LI>Max Depth = 12<LI>Call Chain = copy
</UL>
<BR>[Called By]<UL><LI><a href="#[57]">&gt;&gt;</a>&nbsp;&nbsp;&nbsp;_init_message
</UL>

<P><STRONG><a name="[89]"></a>dump_mailboxes</STRONG> (Thumb, 42 bytes, Stack size 16 bytes, ae_tasks_util.o(i.dump_mailboxes))
<BR><BR>[Stack]<UL><LI>Max Depth = 120<LI>Call Chain = dump_mailboxes &rArr; dump_mbx_info &rArr; tfp_printf &rArr; tfp_format &rArr; putchw
</UL>
<BR>[Calls]<UL><LI><a href="#[70]">&gt;&gt;</a>&nbsp;&nbsp;&nbsp;tfp_printf
<LI><a href="#[8a]">&gt;&gt;</a>&nbsp;&nbsp;&nbsp;dump_mbx_info
</UL>
<BR>[Called By]<UL><LI><a href="#[3a]">&gt;&gt;</a>&nbsp;&nbsp;&nbsp;priv_task1
</UL>

<P><STRONG><a name="[8a]"></a>dump_mbx_info</STRONG> (Thumb, 34 bytes, Stack size 8 bytes, ae_tasks_util.o(i.dump_mbx_info))
<BR><BR>[Stack]<UL><LI>Max Depth = 104<LI>Call Chain = dump_mbx_info &rArr; tfp_printf &rArr; tfp_format &rArr; putchw
</UL>
<BR>[Calls]<UL><LI><a href="#[70]">&gt;&gt;</a>&nbsp;&nbsp;&nbsp;tfp_printf
</UL>
<BR>[Called By]<UL><LI><a href="#[89]">&gt;&gt;</a>&nbsp;&nbsp;&nbsp;dump_mailboxes
<LI><a href="#[3a]">&gt;&gt;</a>&nbsp;&nbsp;&nbsp;priv_task1
</UL>

<P><STRONG><a name="[8b]"></a>dump_task_info</STRONG> (Thumb, 104 bytes, Stack size 8 bytes, ae_tasks_util.o(i.dump_task_info))
<BR><BR>[Stack]<UL><LI>Max Depth = 104<LI>Call Chain = dump_task_info &rArr; tfp_printf &rArr; tfp_format &rArr; putchw
</UL>
<BR>[Calls]<UL><LI><a href="#[70]">&gt;&gt;</a>&nbsp;&nbsp;&nbsp;tfp_printf
</UL>
<BR>[Called By]<UL><LI><a href="#[8c]">&gt;&gt;</a>&nbsp;&nbsp;&nbsp;dump_tasks
</UL>

<P><STRONG><a name="[8c]"></a>dump_tasks</STRONG> (Thumb, 54 bytes, Stack size 48 bytes, ae_tasks_util.o(i.dump_tasks))
<BR><BR>[Stack]<UL><LI>Max Depth = 152<LI>Call Chain = dump_tasks &rArr; dump_task_info &rArr; tfp_printf &rArr; tfp_format &rArr; putchw
</UL>
<BR>[Calls]<UL><LI><a href="#[70]">&gt;&gt;</a>&nbsp;&nbsp;&nbsp;tfp_printf
<LI><a href="#[8b]">&gt;&gt;</a>&nbsp;&nbsp;&nbsp;dump_task_info
</UL>
<BR>[Called By]<UL><LI><a href="#[3a]">&gt;&gt;</a>&nbsp;&nbsp;&nbsp;priv_task1
</UL>

<P><STRONG><a name="[80]"></a>enqueue_back</STRONG> (Thumb, 36 bytes, Stack size 8 bytes, k_task_util.o(i.enqueue_back))
<BR><BR>[Stack]<UL><LI>Max Depth = 8<LI>Call Chain = enqueue_back
</UL>
<BR>[Called By]<UL><LI><a href="#[5f]">&gt;&gt;</a>&nbsp;&nbsp;&nbsp;k_tsk_set_prio
<LI><a href="#[ac]">&gt;&gt;</a>&nbsp;&nbsp;&nbsp;k_tsk_init_daemons
<LI><a href="#[5d]">&gt;&gt;</a>&nbsp;&nbsp;&nbsp;k_tsk_exit
<LI><a href="#[5c]">&gt;&gt;</a>&nbsp;&nbsp;&nbsp;k_tsk_create
<LI><a href="#[a6]">&gt;&gt;</a>&nbsp;&nbsp;&nbsp;k_tsk_init
<LI><a href="#[78]">&gt;&gt;</a>&nbsp;&nbsp;&nbsp;unblock_task
<LI><a href="#[a9]">&gt;&gt;</a>&nbsp;&nbsp;&nbsp;k_tsk_run_new_helper
<LI><a href="#[7e]">&gt;&gt;</a>&nbsp;&nbsp;&nbsp;block_task
</UL>

<P><STRONG><a name="[b0]"></a>enqueue_front</STRONG> (Thumb, 36 bytes, Stack size 8 bytes, k_task_util.o(i.enqueue_front))
<BR><BR>[Stack]<UL><LI>Max Depth = 8<LI>Call Chain = enqueue_front
</UL>
<BR>[Called By]<UL><LI><a href="#[a9]">&gt;&gt;</a>&nbsp;&nbsp;&nbsp;k_tsk_run_new_helper
</UL>

<P><STRONG><a name="[53]"></a>error_message</STRONG> (Thumb, 36 bytes, Stack size 88 bytes, kcd_task.o(i.error_message))
<BR><BR>[Stack]<UL><LI>Max Depth = 108<LI>Call Chain = error_message &rArr; _init_message &rArr; copy
</UL>
<BR>[Calls]<UL><LI><a href="#[56]">&gt;&gt;</a>&nbsp;&nbsp;&nbsp;strlen
<LI><a href="#[57]">&gt;&gt;</a>&nbsp;&nbsp;&nbsp;_init_message
</UL>
<BR>[Called By]<UL><LI><a href="#[34]">&gt;&gt;</a>&nbsp;&nbsp;&nbsp;task_kcd
<LI><a href="#[52]">&gt;&gt;</a>&nbsp;&nbsp;&nbsp;KCD_handler
</UL>

<P><STRONG><a name="[9b]"></a>getIRAM</STRONG> (Thumb, 12 bytes, Stack size 0 bytes, k_mem.o(i.getIRAM))
<BR><BR>[Called By]<UL><LI><a href="#[5b]">&gt;&gt;</a>&nbsp;&nbsp;&nbsp;k_mpool_dump
<LI><a href="#[5a]">&gt;&gt;</a>&nbsp;&nbsp;&nbsp;k_mpool_dealloc
<LI><a href="#[9a]">&gt;&gt;</a>&nbsp;&nbsp;&nbsp;k_mpool_create
<LI><a href="#[59]">&gt;&gt;</a>&nbsp;&nbsp;&nbsp;k_mpool_alloc
</UL>

<P><STRONG><a name="[b9]"></a>get_index</STRONG> (Thumb, 42 bytes, Stack size 0 bytes, kcd_task.o(i.get_index))
<BR><BR>[Called By]<UL><LI><a href="#[34]">&gt;&gt;</a>&nbsp;&nbsp;&nbsp;task_kcd
</UL>

<P><STRONG><a name="[76]"></a>get_msg_length</STRONG> (Thumb, 6 bytes, Stack size 0 bytes, k_msg_util.o(i.get_msg_length))
<BR><BR>[Called By]<UL><LI><a href="#[74]">&gt;&gt;</a>&nbsp;&nbsp;&nbsp;unblock_senders
<LI><a href="#[64]">&gt;&gt;</a>&nbsp;&nbsp;&nbsp;k_send_msg
<LI><a href="#[6c]">&gt;&gt;</a>&nbsp;&nbsp;&nbsp;_k_send_msg_nb
</UL>

<P><STRONG><a name="[8d]"></a>get_next_tid</STRONG> (Thumb, 38 bytes, Stack size 8 bytes, k_task.o(i.get_next_tid))
<BR><BR>[Stack]<UL><LI>Max Depth = 28<LI>Call Chain = get_next_tid &rArr; queue_pop &rArr; remove_tcb_given_tid
</UL>
<BR>[Calls]<UL><LI><a href="#[8e]">&gt;&gt;</a>&nbsp;&nbsp;&nbsp;queue_pop
</UL>
<BR>[Called By]<UL><LI><a href="#[5c]">&gt;&gt;</a>&nbsp;&nbsp;&nbsp;k_tsk_create
</UL>

<P><STRONG><a name="[bf]"></a>get_ring_buffer_free_bytes</STRONG> (Thumb, 10 bytes, Stack size 0 bytes, k_msg_util.o(i.get_ring_buffer_free_bytes))
<BR><BR>[Called By]<UL><LI><a href="#[74]">&gt;&gt;</a>&nbsp;&nbsp;&nbsp;unblock_senders
</UL>

<P><STRONG><a name="[94]"></a>get_side</STRONG> (Thumb, 8 bytes, Stack size 0 bytes, k_mem_util.o(i.get_side))
<BR><BR>[Called By]<UL><LI><a href="#[93]">&gt;&gt;</a>&nbsp;&nbsp;&nbsp;is_buddy_free
<LI><a href="#[5a]">&gt;&gt;</a>&nbsp;&nbsp;&nbsp;k_mpool_dealloc
</UL>

<P><STRONG><a name="[54]"></a>get_state</STRONG> (Thumb, 36 bytes, Stack size 0 bytes, kcd_task.o(i.get_state))
<BR><BR>[Called By]<UL><LI><a href="#[52]">&gt;&gt;</a>&nbsp;&nbsp;&nbsp;KCD_handler
</UL>

<P><STRONG><a name="[95]"></a>get_used_block</STRONG> (Thumb, 22 bytes, Stack size 0 bytes, k_mem_util.o(i.get_used_block))
<BR><BR>[Called By]<UL><LI><a href="#[9f]">&gt;&gt;</a>&nbsp;&nbsp;&nbsp;split_block
<LI><a href="#[a3]">&gt;&gt;</a>&nbsp;&nbsp;&nbsp;pointer_to_height
<LI><a href="#[93]">&gt;&gt;</a>&nbsp;&nbsp;&nbsp;is_buddy_free
</UL>

<P><STRONG><a name="[8f]"></a>height_to_size</STRONG> (Thumb, 18 bytes, Stack size 0 bytes, k_mem_util.o(i.height_to_size))
<BR><BR>[Called By]<UL><LI><a href="#[86]">&gt;&gt;</a>&nbsp;&nbsp;&nbsp;pointer_to_index
<LI><a href="#[87]">&gt;&gt;</a>&nbsp;&nbsp;&nbsp;index_to_pointer
<LI><a href="#[5b]">&gt;&gt;</a>&nbsp;&nbsp;&nbsp;k_mpool_dump
<LI><a href="#[59]">&gt;&gt;</a>&nbsp;&nbsp;&nbsp;k_mpool_alloc
</UL>

<P><STRONG><a name="[87]"></a>index_to_pointer</STRONG> (Thumb, 36 bytes, Stack size 12 bytes, k_mem_util.o(i.index_to_pointer))
<BR><BR>[Stack]<UL><LI>Max Depth = 12<LI>Call Chain = index_to_pointer
</UL>
<BR>[Calls]<UL><LI><a href="#[83]">&gt;&gt;</a>&nbsp;&nbsp;&nbsp;index_to_relative_index
<LI><a href="#[8f]">&gt;&gt;</a>&nbsp;&nbsp;&nbsp;height_to_size
</UL>
<BR>[Called By]<UL><LI><a href="#[a0]">&gt;&gt;</a>&nbsp;&nbsp;&nbsp;mark_index_as_used
<LI><a href="#[88]">&gt;&gt;</a>&nbsp;&nbsp;&nbsp;mark_index_as_unused
<LI><a href="#[85]">&gt;&gt;</a>&nbsp;&nbsp;&nbsp;coalesce_buddies
<LI><a href="#[5a]">&gt;&gt;</a>&nbsp;&nbsp;&nbsp;k_mpool_dealloc
</UL>

<P><STRONG><a name="[83]"></a>index_to_relative_index</STRONG> (Thumb, 10 bytes, Stack size 0 bytes, k_mem_util.o(i.index_to_relative_index))
<BR><BR>[Called By]<UL><LI><a href="#[b5]">&gt;&gt;</a>&nbsp;&nbsp;&nbsp;parent_index_to_child_index
<LI><a href="#[87]">&gt;&gt;</a>&nbsp;&nbsp;&nbsp;index_to_pointer
<LI><a href="#[82]">&gt;&gt;</a>&nbsp;&nbsp;&nbsp;child_index_to_parent_index
</UL>

<P><STRONG><a name="[a2]"></a>init_list</STRONG> (Thumb, 6 bytes, Stack size 0 bytes, k_mem_util.o(i.init_list))
<BR><BR>[Called By]<UL><LI><a href="#[9a]">&gt;&gt;</a>&nbsp;&nbsp;&nbsp;k_mpool_create
</UL>

<P><STRONG><a name="[71]"></a>init_mailbox</STRONG> (Thumb, 54 bytes, Stack size 16 bytes, k_msg_util.o(i.init_mailbox))
<BR><BR>[Stack]<UL><LI>Max Depth = 168<LI>Call Chain = init_mailbox &rArr; k_mpool_alloc &rArr; split_block &rArr; tfp_printf &rArr; tfp_format &rArr; putchw
</UL>
<BR>[Calls]<UL><LI><a href="#[59]">&gt;&gt;</a>&nbsp;&nbsp;&nbsp;k_mpool_alloc
<LI><a href="#[91]">&gt;&gt;</a>&nbsp;&nbsp;&nbsp;init_ring_buffer_queue
<LI><a href="#[90]">&gt;&gt;</a>&nbsp;&nbsp;&nbsp;init_queue
</UL>
<BR>[Called By]<UL><LI><a href="#[6f]">&gt;&gt;</a>&nbsp;&nbsp;&nbsp;_k_mbx_create
</UL>

<P><STRONG><a name="[b2]"></a>init_printf</STRONG> (Thumb, 8 bytes, Stack size 0 bytes, printf.o(i.init_printf))
<BR><BR>[Called By]<UL><LI><a href="#[47]">&gt;&gt;</a>&nbsp;&nbsp;&nbsp;main
</UL>

<P><STRONG><a name="[90]"></a>init_queue</STRONG> (Thumb, 8 bytes, Stack size 0 bytes, k_task_util.o(i.init_queue))
<BR><BR>[Called By]<UL><LI><a href="#[92]">&gt;&gt;</a>&nbsp;&nbsp;&nbsp;init_queues
<LI><a href="#[71]">&gt;&gt;</a>&nbsp;&nbsp;&nbsp;init_mailbox
</UL>

<P><STRONG><a name="[92]"></a>init_queues</STRONG> (Thumb, 30 bytes, Stack size 4 bytes, k_task_util.o(i.init_queues))
<BR><BR>[Stack]<UL><LI>Max Depth = 4<LI>Call Chain = init_queues
</UL>
<BR>[Calls]<UL><LI><a href="#[90]">&gt;&gt;</a>&nbsp;&nbsp;&nbsp;init_queue
</UL>
<BR>[Called By]<UL><LI><a href="#[a6]">&gt;&gt;</a>&nbsp;&nbsp;&nbsp;k_tsk_init
</UL>

<P><STRONG><a name="[91]"></a>init_ring_buffer_queue</STRONG> (Thumb, 12 bytes, Stack size 0 bytes, k_msg_util.o(i.init_ring_buffer_queue))
<BR><BR>[Called By]<UL><LI><a href="#[71]">&gt;&gt;</a>&nbsp;&nbsp;&nbsp;init_mailbox
</UL>

<P><STRONG><a name="[93]"></a>is_buddy_free</STRONG> (Thumb, 42 bytes, Stack size 4 bytes, k_mem_util.o(i.is_buddy_free))
<BR><BR>[Stack]<UL><LI>Max Depth = 4<LI>Call Chain = is_buddy_free
</UL>
<BR>[Calls]<UL><LI><a href="#[95]">&gt;&gt;</a>&nbsp;&nbsp;&nbsp;get_used_block
<LI><a href="#[94]">&gt;&gt;</a>&nbsp;&nbsp;&nbsp;get_side
</UL>
<BR>[Called By]<UL><LI><a href="#[5a]">&gt;&gt;</a>&nbsp;&nbsp;&nbsp;k_mpool_dealloc
</UL>

<P><STRONG><a name="[aa]"></a>k_alloc_k_stack</STRONG> (Thumb, 36 bytes, Stack size 0 bytes, k_mem.o(i.k_alloc_k_stack))
<BR><BR>[Called By]<UL><LI><a href="#[60]">&gt;&gt;</a>&nbsp;&nbsp;&nbsp;k_tsk_get
<LI><a href="#[a7]">&gt;&gt;</a>&nbsp;&nbsp;&nbsp;k_tsk_create_new
</UL>

<P><STRONG><a name="[a4]"></a>k_alloc_p_stack</STRONG> (Thumb, 32 bytes, Stack size 0 bytes, k_mem.o(i.k_alloc_p_stack))
<BR><BR>[Called By]<UL><LI><a href="#[38]">&gt;&gt;</a>&nbsp;&nbsp;&nbsp;k_pre_rtx_init
</UL>

<P><STRONG><a name="[96]"></a>k_mbx_cleanup</STRONG> (Thumb, 42 bytes, Stack size 8 bytes, k_msg.o(i.k_mbx_cleanup))
<BR><BR>[Stack]<UL><LI>Max Depth = 128<LI>Call Chain = k_mbx_cleanup &rArr; cleanup_mailbox &rArr; k_mpool_dealloc &rArr; tfp_printf &rArr; tfp_format &rArr; putchw
</UL>
<BR>[Calls]<UL><LI><a href="#[84]">&gt;&gt;</a>&nbsp;&nbsp;&nbsp;cleanup_mailbox
<LI><a href="#[97]">&gt;&gt;</a>&nbsp;&nbsp;&nbsp;unblock_all_senders
</UL>
<BR>[Called By]<UL><LI><a href="#[5d]">&gt;&gt;</a>&nbsp;&nbsp;&nbsp;k_tsk_exit
</UL>

<P><STRONG><a name="[63]"></a>k_mbx_create</STRONG> (Thumb, 10 bytes, Stack size 0 bytes, k_msg.o(i.k_mbx_create))
<BR><BR>[Stack]<UL><LI>Max Depth = 192<LI>Call Chain = k_mbx_create &rArr; _k_mbx_create &rArr; init_mailbox &rArr; k_mpool_alloc &rArr; split_block &rArr; tfp_printf &rArr; tfp_format &rArr; putchw
</UL>
<BR>[Calls]<UL><LI><a href="#[6f]">&gt;&gt;</a>&nbsp;&nbsp;&nbsp;_k_mbx_create
</UL>
<BR>[Called By]<UL><LI><a href="#[35]">&gt;&gt;</a>&nbsp;&nbsp;&nbsp;task_cdisp
<LI><a href="#[a]">&gt;&gt;</a>&nbsp;&nbsp;&nbsp;SVC_Handler
</UL>

<P><STRONG><a name="[69]"></a>k_mbx_get</STRONG> (Thumb, 74 bytes, Stack size 40 bytes, k_msg.o(i.k_mbx_get))
<BR><BR>[Stack]<UL><LI>Max Depth = 136<LI>Call Chain = k_mbx_get &rArr; tfp_printf &rArr; tfp_format &rArr; putchw
</UL>
<BR>[Calls]<UL><LI><a href="#[7f]">&gt;&gt;</a>&nbsp;&nbsp;&nbsp;check_task_valid
<LI><a href="#[70]">&gt;&gt;</a>&nbsp;&nbsp;&nbsp;tfp_printf
<LI><a href="#[98]">&gt;&gt;</a>&nbsp;&nbsp;&nbsp;__aeabi_memcpy4
</UL>
<BR>[Called By]<UL><LI><a href="#[a]">&gt;&gt;</a>&nbsp;&nbsp;&nbsp;SVC_Handler
</UL>

<P><STRONG><a name="[68]"></a>k_mbx_ls</STRONG> (Thumb, 108 bytes, Stack size 32 bytes, k_msg.o(i.k_mbx_ls))
<BR><BR>[Stack]<UL><LI>Max Depth = 128<LI>Call Chain = k_mbx_ls &rArr; tfp_printf &rArr; tfp_format &rArr; putchw
</UL>
<BR>[Calls]<UL><LI><a href="#[7f]">&gt;&gt;</a>&nbsp;&nbsp;&nbsp;check_task_valid
<LI><a href="#[70]">&gt;&gt;</a>&nbsp;&nbsp;&nbsp;tfp_printf
</UL>
<BR>[Called By]<UL><LI><a href="#[a]">&gt;&gt;</a>&nbsp;&nbsp;&nbsp;SVC_Handler
</UL>

<P><STRONG><a name="[99]"></a>k_mem_init</STRONG> (Thumb, 52 bytes, Stack size 16 bytes, k_mem.o(i.k_mem_init))
<BR><BR>[Stack]<UL><LI>Max Depth = 136<LI>Call Chain = k_mem_init &rArr; k_mpool_create &rArr; tfp_printf &rArr; tfp_format &rArr; putchw
</UL>
<BR>[Calls]<UL><LI><a href="#[70]">&gt;&gt;</a>&nbsp;&nbsp;&nbsp;tfp_printf
<LI><a href="#[9a]">&gt;&gt;</a>&nbsp;&nbsp;&nbsp;k_mpool_create
</UL>
<BR>[Called By]<UL><LI><a href="#[38]">&gt;&gt;</a>&nbsp;&nbsp;&nbsp;k_pre_rtx_init
</UL>

<P><STRONG><a name="[59]"></a>k_mpool_alloc</STRONG> (Thumb, 176 bytes, Stack size 32 bytes, k_mem.o(i.k_mpool_alloc))
<BR><BR>[Stack]<UL><LI>Max Depth = 152<LI>Call Chain = k_mpool_alloc &rArr; split_block &rArr; tfp_printf &rArr; tfp_format &rArr; putchw
</UL>
<BR>[Calls]<UL><LI><a href="#[70]">&gt;&gt;</a>&nbsp;&nbsp;&nbsp;tfp_printf
<LI><a href="#[9f]">&gt;&gt;</a>&nbsp;&nbsp;&nbsp;split_block
<LI><a href="#[9c]">&gt;&gt;</a>&nbsp;&nbsp;&nbsp;size_to_height
<LI><a href="#[9e]">&gt;&gt;</a>&nbsp;&nbsp;&nbsp;pop_node
<LI><a href="#[86]">&gt;&gt;</a>&nbsp;&nbsp;&nbsp;pointer_to_index
<LI><a href="#[a0]">&gt;&gt;</a>&nbsp;&nbsp;&nbsp;mark_index_as_used
<LI><a href="#[9d]">&gt;&gt;</a>&nbsp;&nbsp;&nbsp;list_empty
<LI><a href="#[8f]">&gt;&gt;</a>&nbsp;&nbsp;&nbsp;height_to_size
<LI><a href="#[9b]">&gt;&gt;</a>&nbsp;&nbsp;&nbsp;getIRAM
</UL>
<BR>[Called By]<UL><LI><a href="#[a7]">&gt;&gt;</a>&nbsp;&nbsp;&nbsp;k_tsk_create_new
<LI><a href="#[a]">&gt;&gt;</a>&nbsp;&nbsp;&nbsp;SVC_Handler
<LI><a href="#[71]">&gt;&gt;</a>&nbsp;&nbsp;&nbsp;init_mailbox
</UL>

<P><STRONG><a name="[9a]"></a>k_mpool_create</STRONG> (Thumb, 184 bytes, Stack size 24 bytes, k_mem.o(i.k_mpool_create))
<BR><BR>[Stack]<UL><LI>Max Depth = 120<LI>Call Chain = k_mpool_create &rArr; tfp_printf &rArr; tfp_format &rArr; putchw
</UL>
<BR>[Calls]<UL><LI><a href="#[70]">&gt;&gt;</a>&nbsp;&nbsp;&nbsp;tfp_printf
<LI><a href="#[88]">&gt;&gt;</a>&nbsp;&nbsp;&nbsp;mark_index_as_unused
<LI><a href="#[a1]">&gt;&gt;</a>&nbsp;&nbsp;&nbsp;log_2
<LI><a href="#[a2]">&gt;&gt;</a>&nbsp;&nbsp;&nbsp;init_list
<LI><a href="#[9b]">&gt;&gt;</a>&nbsp;&nbsp;&nbsp;getIRAM
</UL>
<BR>[Called By]<UL><LI><a href="#[99]">&gt;&gt;</a>&nbsp;&nbsp;&nbsp;k_mem_init
</UL>

<P><STRONG><a name="[5a]"></a>k_mpool_dealloc</STRONG> (Thumb, 166 bytes, Stack size 24 bytes, k_mem.o(i.k_mpool_dealloc))
<BR><BR>[Stack]<UL><LI>Max Depth = 120<LI>Call Chain = k_mpool_dealloc &rArr; tfp_printf &rArr; tfp_format &rArr; putchw
</UL>
<BR>[Calls]<UL><LI><a href="#[70]">&gt;&gt;</a>&nbsp;&nbsp;&nbsp;tfp_printf
<LI><a href="#[86]">&gt;&gt;</a>&nbsp;&nbsp;&nbsp;pointer_to_index
<LI><a href="#[a3]">&gt;&gt;</a>&nbsp;&nbsp;&nbsp;pointer_to_height
<LI><a href="#[88]">&gt;&gt;</a>&nbsp;&nbsp;&nbsp;mark_index_as_unused
<LI><a href="#[93]">&gt;&gt;</a>&nbsp;&nbsp;&nbsp;is_buddy_free
<LI><a href="#[87]">&gt;&gt;</a>&nbsp;&nbsp;&nbsp;index_to_pointer
<LI><a href="#[94]">&gt;&gt;</a>&nbsp;&nbsp;&nbsp;get_side
<LI><a href="#[85]">&gt;&gt;</a>&nbsp;&nbsp;&nbsp;coalesce_buddies
<LI><a href="#[82]">&gt;&gt;</a>&nbsp;&nbsp;&nbsp;child_index_to_parent_index
<LI><a href="#[9b]">&gt;&gt;</a>&nbsp;&nbsp;&nbsp;getIRAM
</UL>
<BR>[Called By]<UL><LI><a href="#[5d]">&gt;&gt;</a>&nbsp;&nbsp;&nbsp;k_tsk_exit
<LI><a href="#[a]">&gt;&gt;</a>&nbsp;&nbsp;&nbsp;SVC_Handler
<LI><a href="#[84]">&gt;&gt;</a>&nbsp;&nbsp;&nbsp;cleanup_mailbox
</UL>

<P><STRONG><a name="[5b]"></a>k_mpool_dump</STRONG> (Thumb, 104 bytes, Stack size 32 bytes, k_mem.o(i.k_mpool_dump))
<BR><BR>[Stack]<UL><LI>Max Depth = 128<LI>Call Chain = k_mpool_dump &rArr; tfp_printf &rArr; tfp_format &rArr; putchw
</UL>
<BR>[Calls]<UL><LI><a href="#[70]">&gt;&gt;</a>&nbsp;&nbsp;&nbsp;tfp_printf
<LI><a href="#[8f]">&gt;&gt;</a>&nbsp;&nbsp;&nbsp;height_to_size
<LI><a href="#[9b]">&gt;&gt;</a>&nbsp;&nbsp;&nbsp;getIRAM
</UL>
<BR>[Called By]<UL><LI><a href="#[a]">&gt;&gt;</a>&nbsp;&nbsp;&nbsp;SVC_Handler
</UL>

<P><STRONG><a name="[38]"></a>k_pre_rtx_init</STRONG> (Thumb, 30 bytes, Stack size 8 bytes, k_rtx_init.o(i.k_pre_rtx_init))
<BR><BR>[Stack]<UL><LI>Max Depth = 144<LI>Call Chain = k_pre_rtx_init &rArr; k_mem_init &rArr; k_mpool_create &rArr; tfp_printf &rArr; tfp_format &rArr; putchw
</UL>
<BR>[Calls]<UL><LI><a href="#[99]">&gt;&gt;</a>&nbsp;&nbsp;&nbsp;k_mem_init
<LI><a href="#[a4]">&gt;&gt;</a>&nbsp;&nbsp;&nbsp;k_alloc_p_stack
</UL>
<BR>[Address Reference Count : 1]<UL><LI> main.o(i.main)
</UL>
<P><STRONG><a name="[66]"></a>k_recv_msg</STRONG> (Thumb, 110 bytes, Stack size 24 bytes, k_msg.o(i.k_recv_msg))
<BR><BR>[Stack]<UL><LI>Max Depth = 124<LI>Call Chain = k_recv_msg &rArr; unblock_senders &rArr; unblock_task &rArr; k_tsk_run_new_helper &rArr; k_tsk_run_new &rArr; remove_tcb_given_tid
</UL>
<BR>[Calls]<UL><LI><a href="#[72]">&gt;&gt;</a>&nbsp;&nbsp;&nbsp;validate_receive_message
<LI><a href="#[73]">&gt;&gt;</a>&nbsp;&nbsp;&nbsp;pop_ring_buffer
<LI><a href="#[7e]">&gt;&gt;</a>&nbsp;&nbsp;&nbsp;block_task
<LI><a href="#[74]">&gt;&gt;</a>&nbsp;&nbsp;&nbsp;unblock_senders
<LI><a href="#[70]">&gt;&gt;</a>&nbsp;&nbsp;&nbsp;tfp_printf
</UL>
<BR>[Called By]<UL><LI><a href="#[a]">&gt;&gt;</a>&nbsp;&nbsp;&nbsp;SVC_Handler
</UL>

<P><STRONG><a name="[67]"></a>k_recv_msg_nb</STRONG> (Thumb, 10 bytes, Stack size 0 bytes, k_msg.o(i.k_recv_msg_nb))
<BR><BR>[Stack]<UL><LI>Max Depth = 124<LI>Call Chain = k_recv_msg_nb &rArr; _k_recv_msg_nb &rArr; unblock_senders &rArr; unblock_task &rArr; k_tsk_run_new_helper &rArr; k_tsk_run_new &rArr; remove_tcb_given_tid
</UL>
<BR>[Calls]<UL><LI><a href="#[6d]">&gt;&gt;</a>&nbsp;&nbsp;&nbsp;_k_recv_msg_nb
</UL>
<BR>[Called By]<UL><LI><a href="#[a]">&gt;&gt;</a>&nbsp;&nbsp;&nbsp;SVC_Handler
</UL>

<P><STRONG><a name="[58]"></a>k_rtx_init</STRONG> (Thumb, 66 bytes, Stack size 24 bytes, k_rtx_init.o(i.k_rtx_init))
<BR><BR>[Stack]<UL><LI>Max Depth = 304 + Unknown Stack Size
<LI>Call Chain = k_rtx_init &rArr; k_tsk_init &rArr; k_tsk_init_daemons &rArr; k_tsk_create_new &rArr; k_mpool_alloc &rArr; split_block &rArr; tfp_printf &rArr; tfp_format &rArr; putchw
</UL>
<BR>[Calls]<UL><LI><a href="#[4d]">&gt;&gt;</a>&nbsp;&nbsp;&nbsp;k_tsk_start
<LI><a href="#[a6]">&gt;&gt;</a>&nbsp;&nbsp;&nbsp;k_tsk_init
<LI><a href="#[a5]">&gt;&gt;</a>&nbsp;&nbsp;&nbsp;uart_irq_init
</UL>
<BR>[Called By]<UL><LI><a href="#[a]">&gt;&gt;</a>&nbsp;&nbsp;&nbsp;SVC_Handler
</UL>

<P><STRONG><a name="[64]"></a>k_send_msg</STRONG> (Thumb, 108 bytes, Stack size 16 bytes, k_msg.o(i.k_send_msg))
<BR><BR>[Stack]<UL><LI>Max Depth = 112<LI>Call Chain = k_send_msg &rArr; tfp_printf &rArr; tfp_format &rArr; putchw
</UL>
<BR>[Calls]<UL><LI><a href="#[75]">&gt;&gt;</a>&nbsp;&nbsp;&nbsp;validate_send_message
<LI><a href="#[78]">&gt;&gt;</a>&nbsp;&nbsp;&nbsp;unblock_task
<LI><a href="#[77]">&gt;&gt;</a>&nbsp;&nbsp;&nbsp;push_ring_buffer
<LI><a href="#[76]">&gt;&gt;</a>&nbsp;&nbsp;&nbsp;get_msg_length
<LI><a href="#[7d]">&gt;&gt;</a>&nbsp;&nbsp;&nbsp;block_sender
<LI><a href="#[70]">&gt;&gt;</a>&nbsp;&nbsp;&nbsp;tfp_printf
</UL>
<BR>[Called By]<UL><LI><a href="#[a]">&gt;&gt;</a>&nbsp;&nbsp;&nbsp;SVC_Handler
</UL>

<P><STRONG><a name="[65]"></a>k_send_msg_nb</STRONG> (Thumb, 10 bytes, Stack size 0 bytes, k_msg.o(i.k_send_msg_nb))
<BR><BR>[Stack]<UL><LI>Max Depth = 128<LI>Call Chain = k_send_msg_nb &rArr; _k_send_msg_nb &rArr; tfp_printf &rArr; tfp_format &rArr; putchw
</UL>
<BR>[Calls]<UL><LI><a href="#[6c]">&gt;&gt;</a>&nbsp;&nbsp;&nbsp;_k_send_msg_nb
</UL>
<BR>[Called By]<UL><LI><a href="#[a]">&gt;&gt;</a>&nbsp;&nbsp;&nbsp;SVC_Handler
</UL>

<P><STRONG><a name="[5c]"></a>k_tsk_create</STRONG> (Thumb, 162 bytes, Stack size 48 bytes, k_task.o(i.k_tsk_create))
<BR><BR>[Stack]<UL><LI>Max Depth = 232<LI>Call Chain = k_tsk_create &rArr; k_tsk_create_new &rArr; k_mpool_alloc &rArr; split_block &rArr; tfp_printf &rArr; tfp_format &rArr; putchw
</UL>
<BR>[Calls]<UL><LI><a href="#[a8]">&gt;&gt;</a>&nbsp;&nbsp;&nbsp;prio_to_array_index
<LI><a href="#[80]">&gt;&gt;</a>&nbsp;&nbsp;&nbsp;enqueue_back
<LI><a href="#[a7]">&gt;&gt;</a>&nbsp;&nbsp;&nbsp;k_tsk_create_new
<LI><a href="#[8d]">&gt;&gt;</a>&nbsp;&nbsp;&nbsp;get_next_tid
<LI><a href="#[a9]">&gt;&gt;</a>&nbsp;&nbsp;&nbsp;k_tsk_run_new_helper
<LI><a href="#[70]">&gt;&gt;</a>&nbsp;&nbsp;&nbsp;tfp_printf
</UL>
<BR>[Called By]<UL><LI><a href="#[a]">&gt;&gt;</a>&nbsp;&nbsp;&nbsp;SVC_Handler
</UL>

<P><STRONG><a name="[a7]"></a>k_tsk_create_new</STRONG> (Thumb, 208 bytes, Stack size 32 bytes, k_task.o(i.k_tsk_create_new))
<BR><BR>[Stack]<UL><LI>Max Depth = 184<LI>Call Chain = k_tsk_create_new &rArr; k_mpool_alloc &rArr; split_block &rArr; tfp_printf &rArr; tfp_format &rArr; putchw
</UL>
<BR>[Calls]<UL><LI><a href="#[59]">&gt;&gt;</a>&nbsp;&nbsp;&nbsp;k_mpool_alloc
<LI><a href="#[aa]">&gt;&gt;</a>&nbsp;&nbsp;&nbsp;k_alloc_k_stack
</UL>
<BR>[Called By]<UL><LI><a href="#[ac]">&gt;&gt;</a>&nbsp;&nbsp;&nbsp;k_tsk_init_daemons
<LI><a href="#[5c]">&gt;&gt;</a>&nbsp;&nbsp;&nbsp;k_tsk_create
<LI><a href="#[a6]">&gt;&gt;</a>&nbsp;&nbsp;&nbsp;k_tsk_init
</UL>

<P><STRONG><a name="[5d]"></a>k_tsk_exit</STRONG> (Thumb, 48 bytes, Stack size 16 bytes, k_task.o(i.k_tsk_exit))
<BR><BR>[Stack]<UL><LI>Max Depth = 144<LI>Call Chain = k_tsk_exit &rArr; k_mbx_cleanup &rArr; cleanup_mailbox &rArr; k_mpool_dealloc &rArr; tfp_printf &rArr; tfp_format &rArr; putchw
</UL>
<BR>[Calls]<UL><LI><a href="#[80]">&gt;&gt;</a>&nbsp;&nbsp;&nbsp;enqueue_back
<LI><a href="#[81]">&gt;&gt;</a>&nbsp;&nbsp;&nbsp;k_tsk_run_new
<LI><a href="#[96]">&gt;&gt;</a>&nbsp;&nbsp;&nbsp;k_mbx_cleanup
<LI><a href="#[70]">&gt;&gt;</a>&nbsp;&nbsp;&nbsp;tfp_printf
<LI><a href="#[5a]">&gt;&gt;</a>&nbsp;&nbsp;&nbsp;k_mpool_dealloc
</UL>
<BR>[Called By]<UL><LI><a href="#[a]">&gt;&gt;</a>&nbsp;&nbsp;&nbsp;SVC_Handler
</UL>

<P><STRONG><a name="[60]"></a>k_tsk_get</STRONG> (Thumb, 150 bytes, Stack size 56 bytes, k_task.o(i.k_tsk_get))
<BR><BR>[Stack]<UL><LI>Max Depth = 152<LI>Call Chain = k_tsk_get &rArr; tfp_printf &rArr; tfp_format &rArr; putchw
</UL>
<BR>[Calls]<UL><LI><a href="#[7f]">&gt;&gt;</a>&nbsp;&nbsp;&nbsp;check_task_valid
<LI><a href="#[70]">&gt;&gt;</a>&nbsp;&nbsp;&nbsp;tfp_printf
<LI><a href="#[aa]">&gt;&gt;</a>&nbsp;&nbsp;&nbsp;k_alloc_k_stack
<LI><a href="#[98]">&gt;&gt;</a>&nbsp;&nbsp;&nbsp;__aeabi_memcpy4
</UL>
<BR>[Called By]<UL><LI><a href="#[a]">&gt;&gt;</a>&nbsp;&nbsp;&nbsp;SVC_Handler
</UL>

<P><STRONG><a name="[61]"></a>k_tsk_gettid</STRONG> (Thumb, 8 bytes, Stack size 0 bytes, k_task.o(i.k_tsk_gettid))
<BR><BR>[Called By]<UL><LI><a href="#[a]">&gt;&gt;</a>&nbsp;&nbsp;&nbsp;SVC_Handler
</UL>

<P><STRONG><a name="[a6]"></a>k_tsk_init</STRONG> (Thumb, 194 bytes, Stack size 48 bytes, k_task.o(i.k_tsk_init))
<BR><BR>[Stack]<UL><LI>Max Depth = 280<LI>Call Chain = k_tsk_init &rArr; k_tsk_init_daemons &rArr; k_tsk_create_new &rArr; k_mpool_alloc &rArr; split_block &rArr; tfp_printf &rArr; tfp_format &rArr; putchw
</UL>
<BR>[Calls]<UL><LI><a href="#[ae]">&gt;&gt;</a>&nbsp;&nbsp;&nbsp;remove_tcb_given_tid
<LI><a href="#[a8]">&gt;&gt;</a>&nbsp;&nbsp;&nbsp;prio_to_array_index
<LI><a href="#[92]">&gt;&gt;</a>&nbsp;&nbsp;&nbsp;init_queues
<LI><a href="#[80]">&gt;&gt;</a>&nbsp;&nbsp;&nbsp;enqueue_back
<LI><a href="#[ad]">&gt;&gt;</a>&nbsp;&nbsp;&nbsp;scheduler
<LI><a href="#[ab]">&gt;&gt;</a>&nbsp;&nbsp;&nbsp;k_tsk_init_first
<LI><a href="#[ac]">&gt;&gt;</a>&nbsp;&nbsp;&nbsp;k_tsk_init_daemons
<LI><a href="#[a7]">&gt;&gt;</a>&nbsp;&nbsp;&nbsp;k_tsk_create_new
<LI><a href="#[6f]">&gt;&gt;</a>&nbsp;&nbsp;&nbsp;_k_mbx_create
</UL>
<BR>[Called By]<UL><LI><a href="#[58]">&gt;&gt;</a>&nbsp;&nbsp;&nbsp;k_rtx_init
</UL>

<P><STRONG><a name="[ac]"></a>k_tsk_init_daemons</STRONG> (Thumb, 154 bytes, Stack size 48 bytes, k_task.o(i.k_tsk_init_daemons))
<BR><BR>[Stack]<UL><LI>Max Depth = 232<LI>Call Chain = k_tsk_init_daemons &rArr; k_tsk_create_new &rArr; k_mpool_alloc &rArr; split_block &rArr; tfp_printf &rArr; tfp_format &rArr; putchw
</UL>
<BR>[Calls]<UL><LI><a href="#[a8]">&gt;&gt;</a>&nbsp;&nbsp;&nbsp;prio_to_array_index
<LI><a href="#[80]">&gt;&gt;</a>&nbsp;&nbsp;&nbsp;enqueue_back
<LI><a href="#[a7]">&gt;&gt;</a>&nbsp;&nbsp;&nbsp;k_tsk_create_new
</UL>
<BR>[Called By]<UL><LI><a href="#[a6]">&gt;&gt;</a>&nbsp;&nbsp;&nbsp;k_tsk_init
</UL>

<P><STRONG><a name="[ab]"></a>k_tsk_init_first</STRONG> (Thumb, 22 bytes, Stack size 0 bytes, k_task.o(i.k_tsk_init_first))
<BR><BR>[Called By]<UL><LI><a href="#[a6]">&gt;&gt;</a>&nbsp;&nbsp;&nbsp;k_tsk_init
</UL>

<P><STRONG><a name="[62]"></a>k_tsk_ls</STRONG> (Thumb, 92 bytes, Stack size 24 bytes, k_task.o(i.k_tsk_ls))
<BR><BR>[Stack]<UL><LI>Max Depth = 120<LI>Call Chain = k_tsk_ls &rArr; tfp_printf &rArr; tfp_format &rArr; putchw
</UL>
<BR>[Calls]<UL><LI><a href="#[7f]">&gt;&gt;</a>&nbsp;&nbsp;&nbsp;check_task_valid
<LI><a href="#[70]">&gt;&gt;</a>&nbsp;&nbsp;&nbsp;tfp_printf
</UL>
<BR>[Called By]<UL><LI><a href="#[a]">&gt;&gt;</a>&nbsp;&nbsp;&nbsp;SVC_Handler
</UL>

<P><STRONG><a name="[81]"></a>k_tsk_run_new</STRONG> (Thumb, 98 bytes, Stack size 24 bytes, k_task.o(i.k_tsk_run_new))
<BR><BR>[Stack]<UL><LI>Max Depth = 36<LI>Call Chain = k_tsk_run_new &rArr; remove_tcb_given_tid
</UL>
<BR>[Calls]<UL><LI><a href="#[ae]">&gt;&gt;</a>&nbsp;&nbsp;&nbsp;remove_tcb_given_tid
<LI><a href="#[a8]">&gt;&gt;</a>&nbsp;&nbsp;&nbsp;prio_to_array_index
<LI><a href="#[ad]">&gt;&gt;</a>&nbsp;&nbsp;&nbsp;scheduler
<LI><a href="#[af]">&gt;&gt;</a>&nbsp;&nbsp;&nbsp;k_tsk_switch
</UL>
<BR>[Called By]<UL><LI><a href="#[5d]">&gt;&gt;</a>&nbsp;&nbsp;&nbsp;k_tsk_exit
<LI><a href="#[a9]">&gt;&gt;</a>&nbsp;&nbsp;&nbsp;k_tsk_run_new_helper
<LI><a href="#[7e]">&gt;&gt;</a>&nbsp;&nbsp;&nbsp;block_task
</UL>

<P><STRONG><a name="[a9]"></a>k_tsk_run_new_helper</STRONG> (Thumb, 58 bytes, Stack size 16 bytes, k_task.o(i.k_tsk_run_new_helper))
<BR><BR>[Stack]<UL><LI>Max Depth = 52<LI>Call Chain = k_tsk_run_new_helper &rArr; k_tsk_run_new &rArr; remove_tcb_given_tid
</UL>
<BR>[Calls]<UL><LI><a href="#[a8]">&gt;&gt;</a>&nbsp;&nbsp;&nbsp;prio_to_array_index
<LI><a href="#[b0]">&gt;&gt;</a>&nbsp;&nbsp;&nbsp;enqueue_front
<LI><a href="#[80]">&gt;&gt;</a>&nbsp;&nbsp;&nbsp;enqueue_back
<LI><a href="#[81]">&gt;&gt;</a>&nbsp;&nbsp;&nbsp;k_tsk_run_new
</UL>
<BR>[Called By]<UL><LI><a href="#[5f]">&gt;&gt;</a>&nbsp;&nbsp;&nbsp;k_tsk_set_prio
<LI><a href="#[5c]">&gt;&gt;</a>&nbsp;&nbsp;&nbsp;k_tsk_create
<LI><a href="#[78]">&gt;&gt;</a>&nbsp;&nbsp;&nbsp;unblock_task
<LI><a href="#[74]">&gt;&gt;</a>&nbsp;&nbsp;&nbsp;unblock_senders
<LI><a href="#[5e]">&gt;&gt;</a>&nbsp;&nbsp;&nbsp;k_tsk_yield
</UL>

<P><STRONG><a name="[5f]"></a>k_tsk_set_prio</STRONG> (Thumb, 180 bytes, Stack size 24 bytes, k_task.o(i.k_tsk_set_prio))
<BR><BR>[Stack]<UL><LI>Max Depth = 120<LI>Call Chain = k_tsk_set_prio &rArr; tfp_printf &rArr; tfp_format &rArr; putchw
</UL>
<BR>[Calls]<UL><LI><a href="#[ae]">&gt;&gt;</a>&nbsp;&nbsp;&nbsp;remove_tcb_given_tid
<LI><a href="#[a8]">&gt;&gt;</a>&nbsp;&nbsp;&nbsp;prio_to_array_index
<LI><a href="#[80]">&gt;&gt;</a>&nbsp;&nbsp;&nbsp;enqueue_back
<LI><a href="#[a9]">&gt;&gt;</a>&nbsp;&nbsp;&nbsp;k_tsk_run_new_helper
<LI><a href="#[7f]">&gt;&gt;</a>&nbsp;&nbsp;&nbsp;check_task_valid
<LI><a href="#[70]">&gt;&gt;</a>&nbsp;&nbsp;&nbsp;tfp_printf
</UL>
<BR>[Called By]<UL><LI><a href="#[a]">&gt;&gt;</a>&nbsp;&nbsp;&nbsp;SVC_Handler
</UL>

<P><STRONG><a name="[5e]"></a>k_tsk_yield</STRONG> (Thumb, 12 bytes, Stack size 0 bytes, k_task.o(i.k_tsk_yield))
<BR><BR>[Stack]<UL><LI>Max Depth = 52<LI>Call Chain = k_tsk_yield &rArr; k_tsk_run_new_helper &rArr; k_tsk_run_new &rArr; remove_tcb_given_tid
</UL>
<BR>[Calls]<UL><LI><a href="#[a9]">&gt;&gt;</a>&nbsp;&nbsp;&nbsp;k_tsk_run_new_helper
</UL>
<BR>[Called By]<UL><LI><a href="#[a]">&gt;&gt;</a>&nbsp;&nbsp;&nbsp;SVC_Handler
<LI><a href="#[13]">&gt;&gt;</a>&nbsp;&nbsp;&nbsp;UART0_IRQHandler
</UL>

<P><STRONG><a name="[9d]"></a>list_empty</STRONG> (Thumb, 20 bytes, Stack size 0 bytes, k_mem_util.o(i.list_empty))
<BR><BR>[Called By]<UL><LI><a href="#[59]">&gt;&gt;</a>&nbsp;&nbsp;&nbsp;k_mpool_alloc
</UL>

<P><STRONG><a name="[a1]"></a>log_2</STRONG> (Thumb, 14 bytes, Stack size 0 bytes, k_mem_util.o(i.log_2))
<BR><BR>[Called By]<UL><LI><a href="#[9c]">&gt;&gt;</a>&nbsp;&nbsp;&nbsp;size_to_height
<LI><a href="#[9a]">&gt;&gt;</a>&nbsp;&nbsp;&nbsp;k_mpool_create
</UL>

<P><STRONG><a name="[47]"></a>main</STRONG> (Thumb, 72 bytes, Stack size 8 bytes, main.o(i.main))
<BR><BR>[Stack]<UL><LI>Max Depth = 40<LI>Call Chain = main &rArr; ae_init_new &rArr; ae_set_init_tasks_info &rArr; set_ae_init_tasks &rArr; set_ae_tasks
</UL>
<BR>[Calls]<UL><LI><a href="#[b1]">&gt;&gt;</a>&nbsp;&nbsp;&nbsp;uart_init
<LI><a href="#[79]">&gt;&gt;</a>&nbsp;&nbsp;&nbsp;ae_init_new
<LI><a href="#[31]">&gt;&gt;</a>&nbsp;&nbsp;&nbsp;SystemInit
<LI><a href="#[b2]">&gt;&gt;</a>&nbsp;&nbsp;&nbsp;init_printf
</UL>
<BR>[Called By]<UL><LI><a href="#[46]">&gt;&gt;</a>&nbsp;&nbsp;&nbsp;__rt_entry_main
</UL>

<P><STRONG><a name="[88]"></a>mark_index_as_unused</STRONG> (Thumb, 52 bytes, Stack size 16 bytes, k_mem_util.o(i.mark_index_as_unused))
<BR><BR>[Stack]<UL><LI>Max Depth = 32<LI>Call Chain = mark_index_as_unused &rArr; set_used_block
</UL>
<BR>[Calls]<UL><LI><a href="#[b3]">&gt;&gt;</a>&nbsp;&nbsp;&nbsp;set_used_block
<LI><a href="#[b4]">&gt;&gt;</a>&nbsp;&nbsp;&nbsp;push_node
<LI><a href="#[87]">&gt;&gt;</a>&nbsp;&nbsp;&nbsp;index_to_pointer
</UL>
<BR>[Called By]<UL><LI><a href="#[9f]">&gt;&gt;</a>&nbsp;&nbsp;&nbsp;split_block
<LI><a href="#[85]">&gt;&gt;</a>&nbsp;&nbsp;&nbsp;coalesce_buddies
<LI><a href="#[5a]">&gt;&gt;</a>&nbsp;&nbsp;&nbsp;k_mpool_dealloc
<LI><a href="#[9a]">&gt;&gt;</a>&nbsp;&nbsp;&nbsp;k_mpool_create
</UL>

<P><STRONG><a name="[a0]"></a>mark_index_as_used</STRONG> (Thumb, 32 bytes, Stack size 16 bytes, k_mem_util.o(i.mark_index_as_used))
<BR><BR>[Stack]<UL><LI>Max Depth = 32<LI>Call Chain = mark_index_as_used &rArr; set_used_block
</UL>
<BR>[Calls]<UL><LI><a href="#[b3]">&gt;&gt;</a>&nbsp;&nbsp;&nbsp;set_used_block
<LI><a href="#[87]">&gt;&gt;</a>&nbsp;&nbsp;&nbsp;index_to_pointer
</UL>
<BR>[Called By]<UL><LI><a href="#[9f]">&gt;&gt;</a>&nbsp;&nbsp;&nbsp;split_block
<LI><a href="#[59]">&gt;&gt;</a>&nbsp;&nbsp;&nbsp;k_mpool_alloc
</UL>

<P><STRONG><a name="[b5]"></a>parent_index_to_child_index</STRONG> (Thumb, 26 bytes, Stack size 12 bytes, k_mem_util.o(i.parent_index_to_child_index))
<BR><BR>[Stack]<UL><LI>Max Depth = 12<LI>Call Chain = parent_index_to_child_index
</UL>
<BR>[Calls]<UL><LI><a href="#[83]">&gt;&gt;</a>&nbsp;&nbsp;&nbsp;index_to_relative_index
</UL>
<BR>[Called By]<UL><LI><a href="#[9f]">&gt;&gt;</a>&nbsp;&nbsp;&nbsp;split_block
</UL>

<P><STRONG><a name="[b7]"></a>peek_ring_buffer</STRONG> (Thumb, 22 bytes, Stack size 0 bytes, k_msg_util.o(i.peek_ring_buffer))
<BR><BR>[Called By]<UL><LI><a href="#[72]">&gt;&gt;</a>&nbsp;&nbsp;&nbsp;validate_receive_message
<LI><a href="#[73]">&gt;&gt;</a>&nbsp;&nbsp;&nbsp;pop_ring_buffer
</UL>

<P><STRONG><a name="[a3]"></a>pointer_to_height</STRONG> (Thumb, 38 bytes, Stack size 16 bytes, k_mem_util.o(i.pointer_to_height))
<BR><BR>[Stack]<UL><LI>Max Depth = 28<LI>Call Chain = pointer_to_height &rArr; pointer_to_index
</UL>
<BR>[Calls]<UL><LI><a href="#[95]">&gt;&gt;</a>&nbsp;&nbsp;&nbsp;get_used_block
<LI><a href="#[86]">&gt;&gt;</a>&nbsp;&nbsp;&nbsp;pointer_to_index
</UL>
<BR>[Called By]<UL><LI><a href="#[5a]">&gt;&gt;</a>&nbsp;&nbsp;&nbsp;k_mpool_dealloc
</UL>

<P><STRONG><a name="[86]"></a>pointer_to_index</STRONG> (Thumb, 44 bytes, Stack size 12 bytes, k_mem_util.o(i.pointer_to_index))
<BR><BR>[Stack]<UL><LI>Max Depth = 12<LI>Call Chain = pointer_to_index
</UL>
<BR>[Calls]<UL><LI><a href="#[b6]">&gt;&gt;</a>&nbsp;&nbsp;&nbsp;relative_index_to_index
<LI><a href="#[8f]">&gt;&gt;</a>&nbsp;&nbsp;&nbsp;height_to_size
</UL>
<BR>[Called By]<UL><LI><a href="#[9f]">&gt;&gt;</a>&nbsp;&nbsp;&nbsp;split_block
<LI><a href="#[a3]">&gt;&gt;</a>&nbsp;&nbsp;&nbsp;pointer_to_height
<LI><a href="#[85]">&gt;&gt;</a>&nbsp;&nbsp;&nbsp;coalesce_buddies
<LI><a href="#[5a]">&gt;&gt;</a>&nbsp;&nbsp;&nbsp;k_mpool_dealloc
<LI><a href="#[59]">&gt;&gt;</a>&nbsp;&nbsp;&nbsp;k_mpool_alloc
</UL>

<P><STRONG><a name="[9e]"></a>pop_node</STRONG> (Thumb, 22 bytes, Stack size 0 bytes, k_mem_util.o(i.pop_node))
<BR><BR>[Called By]<UL><LI><a href="#[59]">&gt;&gt;</a>&nbsp;&nbsp;&nbsp;k_mpool_alloc
</UL>

<P><STRONG><a name="[73]"></a>pop_ring_buffer</STRONG> (Thumb, 80 bytes, Stack size 16 bytes, k_msg_util.o(i.pop_ring_buffer))
<BR><BR>[Stack]<UL><LI>Max Depth = 16<LI>Call Chain = pop_ring_buffer
</UL>
<BR>[Calls]<UL><LI><a href="#[b7]">&gt;&gt;</a>&nbsp;&nbsp;&nbsp;peek_ring_buffer
</UL>
<BR>[Called By]<UL><LI><a href="#[66]">&gt;&gt;</a>&nbsp;&nbsp;&nbsp;k_recv_msg
<LI><a href="#[6d]">&gt;&gt;</a>&nbsp;&nbsp;&nbsp;_k_recv_msg_nb
</UL>

<P><STRONG><a name="[a8]"></a>prio_to_array_index</STRONG> (Thumb, 14 bytes, Stack size 0 bytes, k_task_util.o(i.prio_to_array_index))
<BR><BR>[Called By]<UL><LI><a href="#[5f]">&gt;&gt;</a>&nbsp;&nbsp;&nbsp;k_tsk_set_prio
<LI><a href="#[81]">&gt;&gt;</a>&nbsp;&nbsp;&nbsp;k_tsk_run_new
<LI><a href="#[ac]">&gt;&gt;</a>&nbsp;&nbsp;&nbsp;k_tsk_init_daemons
<LI><a href="#[5c]">&gt;&gt;</a>&nbsp;&nbsp;&nbsp;k_tsk_create
<LI><a href="#[a6]">&gt;&gt;</a>&nbsp;&nbsp;&nbsp;k_tsk_init
<LI><a href="#[78]">&gt;&gt;</a>&nbsp;&nbsp;&nbsp;unblock_task
<LI><a href="#[a9]">&gt;&gt;</a>&nbsp;&nbsp;&nbsp;k_tsk_run_new_helper
</UL>

<P><STRONG><a name="[3a]"></a>priv_task1</STRONG> (Thumb, 268 bytes, Stack size 16 bytes, ae_tasks.o(i.priv_task1))
<BR><BR>[Stack]<UL><LI>Max Depth = 168<LI>Call Chain = priv_task1 &rArr; dump_tasks &rArr; dump_task_info &rArr; tfp_printf &rArr; tfp_format &rArr; putchw
</UL>
<BR>[Calls]<UL><LI><a href="#[70]">&gt;&gt;</a>&nbsp;&nbsp;&nbsp;tfp_printf
<LI><a href="#[6a]">&gt;&gt;</a>&nbsp;&nbsp;&nbsp;uart_put_string
<LI><a href="#[6b]">&gt;&gt;</a>&nbsp;&nbsp;&nbsp;uart_put_char
<LI><a href="#[8c]">&gt;&gt;</a>&nbsp;&nbsp;&nbsp;dump_tasks
<LI><a href="#[8a]">&gt;&gt;</a>&nbsp;&nbsp;&nbsp;dump_mbx_info
<LI><a href="#[89]">&gt;&gt;</a>&nbsp;&nbsp;&nbsp;dump_mailboxes
</UL>
<BR>[Address Reference Count : 1]<UL><LI> ae_tasks.o(i.set_ae_tasks)
</UL>
<P><STRONG><a name="[b4]"></a>push_node</STRONG> (Thumb, 12 bytes, Stack size 0 bytes, k_mem_util.o(i.push_node))
<BR><BR>[Called By]<UL><LI><a href="#[88]">&gt;&gt;</a>&nbsp;&nbsp;&nbsp;mark_index_as_unused
</UL>

<P><STRONG><a name="[77]"></a>push_ring_buffer</STRONG> (Thumb, 74 bytes, Stack size 16 bytes, k_msg_util.o(i.push_ring_buffer))
<BR><BR>[Stack]<UL><LI>Max Depth = 16<LI>Call Chain = push_ring_buffer
</UL>
<BR>[Called By]<UL><LI><a href="#[74]">&gt;&gt;</a>&nbsp;&nbsp;&nbsp;unblock_senders
<LI><a href="#[64]">&gt;&gt;</a>&nbsp;&nbsp;&nbsp;k_send_msg
<LI><a href="#[6c]">&gt;&gt;</a>&nbsp;&nbsp;&nbsp;_k_send_msg_nb
</UL>

<P><STRONG><a name="[37]"></a>putc</STRONG> (Thumb, 16 bytes, Stack size 0 bytes, uart_polling.o(i.putc))
<BR><BR>[Stack]<UL><LI>Max Depth = 8<LI>Call Chain = putc &rArr; uart_put_string
</UL>
<BR>[Calls]<UL><LI><a href="#[6a]">&gt;&gt;</a>&nbsp;&nbsp;&nbsp;uart_put_string
<LI><a href="#[6b]">&gt;&gt;</a>&nbsp;&nbsp;&nbsp;uart_put_char
</UL>
<BR>[Address Reference Count : 1]<UL><LI> main.o(i.main)
</UL>
<P><STRONG><a name="[8e]"></a>queue_pop</STRONG> (Thumb, 20 bytes, Stack size 8 bytes, k_task_util.o(i.queue_pop))
<BR><BR>[Stack]<UL><LI>Max Depth = 20<LI>Call Chain = queue_pop &rArr; remove_tcb_given_tid
</UL>
<BR>[Calls]<UL><LI><a href="#[ae]">&gt;&gt;</a>&nbsp;&nbsp;&nbsp;remove_tcb_given_tid
</UL>
<BR>[Called By]<UL><LI><a href="#[8d]">&gt;&gt;</a>&nbsp;&nbsp;&nbsp;get_next_tid
<LI><a href="#[78]">&gt;&gt;</a>&nbsp;&nbsp;&nbsp;unblock_task
</UL>

<P><STRONG><a name="[b6]"></a>relative_index_to_index</STRONG> (Thumb, 10 bytes, Stack size 0 bytes, k_mem_util.o(i.relative_index_to_index))
<BR><BR>[Called By]<UL><LI><a href="#[86]">&gt;&gt;</a>&nbsp;&nbsp;&nbsp;pointer_to_index
</UL>

<P><STRONG><a name="[ae]"></a>remove_tcb_given_tid</STRONG> (Thumb, 76 bytes, Stack size 12 bytes, k_task_util.o(i.remove_tcb_given_tid))
<BR><BR>[Stack]<UL><LI>Max Depth = 12<LI>Call Chain = remove_tcb_given_tid
</UL>
<BR>[Called By]<UL><LI><a href="#[8e]">&gt;&gt;</a>&nbsp;&nbsp;&nbsp;queue_pop
<LI><a href="#[5f]">&gt;&gt;</a>&nbsp;&nbsp;&nbsp;k_tsk_set_prio
<LI><a href="#[81]">&gt;&gt;</a>&nbsp;&nbsp;&nbsp;k_tsk_run_new
<LI><a href="#[a6]">&gt;&gt;</a>&nbsp;&nbsp;&nbsp;k_tsk_init
</UL>

<P><STRONG><a name="[ad]"></a>scheduler</STRONG> (Thumb, 36 bytes, Stack size 0 bytes, k_task.o(i.scheduler))
<BR><BR>[Called By]<UL><LI><a href="#[81]">&gt;&gt;</a>&nbsp;&nbsp;&nbsp;k_tsk_run_new
<LI><a href="#[a6]">&gt;&gt;</a>&nbsp;&nbsp;&nbsp;k_tsk_init
</UL>

<P><STRONG><a name="[7c]"></a>set_ae_init_tasks</STRONG> (Thumb, 16 bytes, Stack size 0 bytes, ae_tasks.o(i.set_ae_init_tasks))
<BR><BR>[Stack]<UL><LI>Max Depth = 16<LI>Call Chain = set_ae_init_tasks &rArr; set_ae_tasks
</UL>
<BR>[Calls]<UL><LI><a href="#[b8]">&gt;&gt;</a>&nbsp;&nbsp;&nbsp;set_ae_tasks
</UL>
<BR>[Called By]<UL><LI><a href="#[7b]">&gt;&gt;</a>&nbsp;&nbsp;&nbsp;ae_set_init_tasks_info
</UL>

<P><STRONG><a name="[b8]"></a>set_ae_tasks</STRONG> (Thumb, 48 bytes, Stack size 16 bytes, ae_tasks.o(i.set_ae_tasks))
<BR><BR>[Stack]<UL><LI>Max Depth = 16<LI>Call Chain = set_ae_tasks
</UL>
<BR>[Called By]<UL><LI><a href="#[7c]">&gt;&gt;</a>&nbsp;&nbsp;&nbsp;set_ae_init_tasks
</UL>

<P><STRONG><a name="[b3]"></a>set_used_block</STRONG> (Thumb, 34 bytes, Stack size 16 bytes, k_mem_util.o(i.set_used_block))
<BR><BR>[Stack]<UL><LI>Max Depth = 16<LI>Call Chain = set_used_block
</UL>
<BR>[Called By]<UL><LI><a href="#[a0]">&gt;&gt;</a>&nbsp;&nbsp;&nbsp;mark_index_as_used
<LI><a href="#[88]">&gt;&gt;</a>&nbsp;&nbsp;&nbsp;mark_index_as_unused
</UL>

<P><STRONG><a name="[9c]"></a>size_to_height</STRONG> (Thumb, 40 bytes, Stack size 4 bytes, k_mem_util.o(i.size_to_height))
<BR><BR>[Stack]<UL><LI>Max Depth = 4<LI>Call Chain = size_to_height
</UL>
<BR>[Calls]<UL><LI><a href="#[a1]">&gt;&gt;</a>&nbsp;&nbsp;&nbsp;log_2
</UL>
<BR>[Called By]<UL><LI><a href="#[59]">&gt;&gt;</a>&nbsp;&nbsp;&nbsp;k_mpool_alloc
</UL>

<P><STRONG><a name="[9f]"></a>split_block</STRONG> (Thumb, 92 bytes, Stack size 24 bytes, k_mem_util.o(i.split_block))
<BR><BR>[Stack]<UL><LI>Max Depth = 120<LI>Call Chain = split_block &rArr; tfp_printf &rArr; tfp_format &rArr; putchw
</UL>
<BR>[Calls]<UL><LI><a href="#[b5]">&gt;&gt;</a>&nbsp;&nbsp;&nbsp;parent_index_to_child_index
<LI><a href="#[95]">&gt;&gt;</a>&nbsp;&nbsp;&nbsp;get_used_block
<LI><a href="#[70]">&gt;&gt;</a>&nbsp;&nbsp;&nbsp;tfp_printf
<LI><a href="#[86]">&gt;&gt;</a>&nbsp;&nbsp;&nbsp;pointer_to_index
<LI><a href="#[a0]">&gt;&gt;</a>&nbsp;&nbsp;&nbsp;mark_index_as_used
<LI><a href="#[88]">&gt;&gt;</a>&nbsp;&nbsp;&nbsp;mark_index_as_unused
</UL>
<BR>[Called By]<UL><LI><a href="#[59]">&gt;&gt;</a>&nbsp;&nbsp;&nbsp;k_mpool_alloc
</UL>

<P><STRONG><a name="[56]"></a>strlen</STRONG> (Thumb, 18 bytes, Stack size 0 bytes, kcd_task.o(i.strlen))
<BR><BR>[Called By]<UL><LI><a href="#[53]">&gt;&gt;</a>&nbsp;&nbsp;&nbsp;error_message
<LI><a href="#[52]">&gt;&gt;</a>&nbsp;&nbsp;&nbsp;KCD_handler
</UL>

<P><STRONG><a name="[3b]"></a>task1</STRONG> (Thumb, 174 bytes, Stack size 0 bytes, ae_tasks.o(i.task1))
<BR><BR>[Stack]<UL><LI>Max Depth = 96<LI>Call Chain = task1 &rArr; tfp_printf &rArr; tfp_format &rArr; putchw
</UL>
<BR>[Calls]<UL><LI><a href="#[70]">&gt;&gt;</a>&nbsp;&nbsp;&nbsp;tfp_printf
<LI><a href="#[6a]">&gt;&gt;</a>&nbsp;&nbsp;&nbsp;uart_put_string
<LI><a href="#[6b]">&gt;&gt;</a>&nbsp;&nbsp;&nbsp;uart_put_char
</UL>
<BR>[Address Reference Count : 1]<UL><LI> ae_tasks.o(i.set_ae_tasks)
</UL>
<P><STRONG><a name="[39]"></a>task2</STRONG> (Thumb, 36 bytes, Stack size 8 bytes, ae_tasks.o(i.task2))
<BR><BR>[Stack]<UL><LI>Max Depth = 16<LI>Call Chain = task2 &rArr; uart_put_string
</UL>
<BR>[Calls]<UL><LI><a href="#[6a]">&gt;&gt;</a>&nbsp;&nbsp;&nbsp;uart_put_string
</UL>
<BR>[Address Reference Count : 1]<UL><LI> ae_tasks.o(i.priv_task1)
</UL>
<P><STRONG><a name="[35]"></a>task_cdisp</STRONG> (Thumb, 44 bytes, Stack size 128 bytes, cdisp_task.o(i.task_cdisp))
<BR><BR>[Stack]<UL><LI>Max Depth = 320<LI>Call Chain = task_cdisp &rArr; k_mbx_create &rArr; _k_mbx_create &rArr; init_mailbox &rArr; k_mpool_alloc &rArr; split_block &rArr; tfp_printf &rArr; tfp_format &rArr; putchw
</UL>
<BR>[Calls]<UL><LI><a href="#[63]">&gt;&gt;</a>&nbsp;&nbsp;&nbsp;k_mbx_create
</UL>
<BR>[Address Reference Count : 1]<UL><LI> k_task.o(i.k_tsk_init_daemons)
</UL>
<P><STRONG><a name="[34]"></a>task_kcd</STRONG> (Thumb, 190 bytes, Stack size 192 bytes, kcd_task.o(i.task_kcd))
<BR><BR>[Stack]<UL><LI>Max Depth = 468<LI>Call Chain = task_kcd &rArr; KCD_handler &rArr; error_message &rArr; _init_message &rArr; copy
</UL>
<BR>[Calls]<UL><LI><a href="#[b9]">&gt;&gt;</a>&nbsp;&nbsp;&nbsp;get_index
<LI><a href="#[53]">&gt;&gt;</a>&nbsp;&nbsp;&nbsp;error_message
<LI><a href="#[ba]">&gt;&gt;</a>&nbsp;&nbsp;&nbsp;clear_string
<LI><a href="#[57]">&gt;&gt;</a>&nbsp;&nbsp;&nbsp;_init_message
<LI><a href="#[52]">&gt;&gt;</a>&nbsp;&nbsp;&nbsp;KCD_handler
</UL>
<BR>[Address Reference Count : 1]<UL><LI> k_task.o(i.k_tsk_init_daemons)
</UL>
<P><STRONG><a name="[36]"></a>task_null</STRONG> (Thumb, 24 bytes, Stack size 0 bytes, null_task.o(i.task_null))
<BR><BR>[Stack]<UL><LI>Max Depth = 96<LI>Call Chain = task_null &rArr; tfp_printf &rArr; tfp_format &rArr; putchw
</UL>
<BR>[Calls]<UL><LI><a href="#[70]">&gt;&gt;</a>&nbsp;&nbsp;&nbsp;tfp_printf
</UL>
<BR>[Address Reference Count : 1]<UL><LI> k_task.o(i.k_tsk_init_first)
</UL>
<P><STRONG><a name="[bb]"></a>tfp_format</STRONG> (Thumb, 242 bytes, Stack size 48 bytes, printf.o(i.tfp_format))
<BR><BR>[Stack]<UL><LI>Max Depth = 72<LI>Call Chain = tfp_format &rArr; putchw
</UL>
<BR>[Calls]<UL><LI><a href="#[bc]">&gt;&gt;</a>&nbsp;&nbsp;&nbsp;ui2a
<LI><a href="#[bd]">&gt;&gt;</a>&nbsp;&nbsp;&nbsp;putchw
</UL>
<BR>[Called By]<UL><LI><a href="#[70]">&gt;&gt;</a>&nbsp;&nbsp;&nbsp;tfp_printf
<LI><a href="#[55]">&gt;&gt;</a>&nbsp;&nbsp;&nbsp;tfp_sprintf
</UL>

<P><STRONG><a name="[70]"></a>tfp_printf</STRONG> (Thumb, 24 bytes, Stack size 24 bytes, printf.o(i.tfp_printf))
<BR><BR>[Stack]<UL><LI>Max Depth = 96<LI>Call Chain = tfp_printf &rArr; tfp_format &rArr; putchw
</UL>
<BR>[Calls]<UL><LI><a href="#[bb]">&gt;&gt;</a>&nbsp;&nbsp;&nbsp;tfp_format
</UL>
<BR>[Called By]<UL><LI><a href="#[36]">&gt;&gt;</a>&nbsp;&nbsp;&nbsp;task_null
<LI><a href="#[5f]">&gt;&gt;</a>&nbsp;&nbsp;&nbsp;k_tsk_set_prio
<LI><a href="#[62]">&gt;&gt;</a>&nbsp;&nbsp;&nbsp;k_tsk_ls
<LI><a href="#[60]">&gt;&gt;</a>&nbsp;&nbsp;&nbsp;k_tsk_get
<LI><a href="#[5d]">&gt;&gt;</a>&nbsp;&nbsp;&nbsp;k_tsk_exit
<LI><a href="#[5c]">&gt;&gt;</a>&nbsp;&nbsp;&nbsp;k_tsk_create
<LI><a href="#[64]">&gt;&gt;</a>&nbsp;&nbsp;&nbsp;k_send_msg
<LI><a href="#[66]">&gt;&gt;</a>&nbsp;&nbsp;&nbsp;k_recv_msg
<LI><a href="#[68]">&gt;&gt;</a>&nbsp;&nbsp;&nbsp;k_mbx_ls
<LI><a href="#[69]">&gt;&gt;</a>&nbsp;&nbsp;&nbsp;k_mbx_get
<LI><a href="#[6f]">&gt;&gt;</a>&nbsp;&nbsp;&nbsp;_k_mbx_create
<LI><a href="#[9f]">&gt;&gt;</a>&nbsp;&nbsp;&nbsp;split_block
<LI><a href="#[5b]">&gt;&gt;</a>&nbsp;&nbsp;&nbsp;k_mpool_dump
<LI><a href="#[5a]">&gt;&gt;</a>&nbsp;&nbsp;&nbsp;k_mpool_dealloc
<LI><a href="#[9a]">&gt;&gt;</a>&nbsp;&nbsp;&nbsp;k_mpool_create
<LI><a href="#[59]">&gt;&gt;</a>&nbsp;&nbsp;&nbsp;k_mpool_alloc
<LI><a href="#[99]">&gt;&gt;</a>&nbsp;&nbsp;&nbsp;k_mem_init
<LI><a href="#[6c]">&gt;&gt;</a>&nbsp;&nbsp;&nbsp;_k_send_msg_nb
<LI><a href="#[6d]">&gt;&gt;</a>&nbsp;&nbsp;&nbsp;_k_recv_msg_nb
<LI><a href="#[8c]">&gt;&gt;</a>&nbsp;&nbsp;&nbsp;dump_tasks
<LI><a href="#[8a]">&gt;&gt;</a>&nbsp;&nbsp;&nbsp;dump_mbx_info
<LI><a href="#[89]">&gt;&gt;</a>&nbsp;&nbsp;&nbsp;dump_mailboxes
<LI><a href="#[3b]">&gt;&gt;</a>&nbsp;&nbsp;&nbsp;task1
<LI><a href="#[3a]">&gt;&gt;</a>&nbsp;&nbsp;&nbsp;priv_task1
<LI><a href="#[8b]">&gt;&gt;</a>&nbsp;&nbsp;&nbsp;dump_task_info
</UL>

<P><STRONG><a name="[55]"></a>tfp_sprintf</STRONG> (Thumb, 30 bytes, Stack size 24 bytes, printf.o(i.tfp_sprintf))
<BR><BR>[Stack]<UL><LI>Max Depth = 96<LI>Call Chain = tfp_sprintf &rArr; tfp_format &rArr; putchw
</UL>
<BR>[Calls]<UL><LI><a href="#[bb]">&gt;&gt;</a>&nbsp;&nbsp;&nbsp;tfp_format
<LI><a href="#[3c]">&gt;&gt;</a>&nbsp;&nbsp;&nbsp;putcp
</UL>
<BR>[Called By]<UL><LI><a href="#[52]">&gt;&gt;</a>&nbsp;&nbsp;&nbsp;KCD_handler
</UL>

<P><STRONG><a name="[b1]"></a>uart_init</STRONG> (Thumb, 82 bytes, Stack size 0 bytes, uart_polling.o(i.uart_init))
<BR><BR>[Called By]<UL><LI><a href="#[47]">&gt;&gt;</a>&nbsp;&nbsp;&nbsp;main
</UL>

<P><STRONG><a name="[a5]"></a>uart_irq_init</STRONG> (Thumb, 118 bytes, Stack size 16 bytes, uart_irq.o(i.uart_irq_init))
<BR><BR>[Stack]<UL><LI>Max Depth = 16<LI>Call Chain = uart_irq_init
</UL>
<BR>[Calls]<UL><LI><a href="#[be]">&gt;&gt;</a>&nbsp;&nbsp;&nbsp;__NVIC_EnableIRQ
</UL>
<BR>[Called By]<UL><LI><a href="#[58]">&gt;&gt;</a>&nbsp;&nbsp;&nbsp;k_rtx_init
</UL>

<P><STRONG><a name="[6b]"></a>uart_put_char</STRONG> (Thumb, 30 bytes, Stack size 0 bytes, uart_polling.o(i.uart_put_char))
<BR><BR>[Called By]<UL><LI><a href="#[13]">&gt;&gt;</a>&nbsp;&nbsp;&nbsp;UART0_IRQHandler
<LI><a href="#[6a]">&gt;&gt;</a>&nbsp;&nbsp;&nbsp;uart_put_string
<LI><a href="#[37]">&gt;&gt;</a>&nbsp;&nbsp;&nbsp;putc
<LI><a href="#[3b]">&gt;&gt;</a>&nbsp;&nbsp;&nbsp;task1
<LI><a href="#[3a]">&gt;&gt;</a>&nbsp;&nbsp;&nbsp;priv_task1
</UL>

<P><STRONG><a name="[6a]"></a>uart_put_string</STRONG> (Thumb, 34 bytes, Stack size 8 bytes, uart_polling.o(i.uart_put_string))
<BR><BR>[Stack]<UL><LI>Max Depth = 8<LI>Call Chain = uart_put_string
</UL>
<BR>[Calls]<UL><LI><a href="#[6b]">&gt;&gt;</a>&nbsp;&nbsp;&nbsp;uart_put_char
</UL>
<BR>[Called By]<UL><LI><a href="#[13]">&gt;&gt;</a>&nbsp;&nbsp;&nbsp;UART0_IRQHandler
<LI><a href="#[37]">&gt;&gt;</a>&nbsp;&nbsp;&nbsp;putc
<LI><a href="#[39]">&gt;&gt;</a>&nbsp;&nbsp;&nbsp;task2
<LI><a href="#[3b]">&gt;&gt;</a>&nbsp;&nbsp;&nbsp;task1
<LI><a href="#[3a]">&gt;&gt;</a>&nbsp;&nbsp;&nbsp;priv_task1
</UL>

<P><STRONG><a name="[97]"></a>unblock_all_senders</STRONG> (Thumb, 22 bytes, Stack size 8 bytes, k_msg.o(i.unblock_all_senders))
<BR><BR>[Stack]<UL><LI>Max Depth = 76<LI>Call Chain = unblock_all_senders &rArr; unblock_task &rArr; k_tsk_run_new_helper &rArr; k_tsk_run_new &rArr; remove_tcb_given_tid
</UL>
<BR>[Calls]<UL><LI><a href="#[78]">&gt;&gt;</a>&nbsp;&nbsp;&nbsp;unblock_task
</UL>
<BR>[Called By]<UL><LI><a href="#[96]">&gt;&gt;</a>&nbsp;&nbsp;&nbsp;k_mbx_cleanup
</UL>

<P><STRONG><a name="[74]"></a>unblock_senders</STRONG> (Thumb, 112 bytes, Stack size 32 bytes, k_msg.o(i.unblock_senders))
<BR><BR>[Stack]<UL><LI>Max Depth = 100<LI>Call Chain = unblock_senders &rArr; unblock_task &rArr; k_tsk_run_new_helper &rArr; k_tsk_run_new &rArr; remove_tcb_given_tid
</UL>
<BR>[Calls]<UL><LI><a href="#[78]">&gt;&gt;</a>&nbsp;&nbsp;&nbsp;unblock_task
<LI><a href="#[77]">&gt;&gt;</a>&nbsp;&nbsp;&nbsp;push_ring_buffer
<LI><a href="#[a9]">&gt;&gt;</a>&nbsp;&nbsp;&nbsp;k_tsk_run_new_helper
<LI><a href="#[bf]">&gt;&gt;</a>&nbsp;&nbsp;&nbsp;get_ring_buffer_free_bytes
<LI><a href="#[76]">&gt;&gt;</a>&nbsp;&nbsp;&nbsp;get_msg_length
</UL>
<BR>[Called By]<UL><LI><a href="#[66]">&gt;&gt;</a>&nbsp;&nbsp;&nbsp;k_recv_msg
<LI><a href="#[6d]">&gt;&gt;</a>&nbsp;&nbsp;&nbsp;_k_recv_msg_nb
</UL>

<P><STRONG><a name="[78]"></a>unblock_task</STRONG> (Thumb, 58 bytes, Stack size 16 bytes, k_task.o(i.unblock_task))
<BR><BR>[Stack]<UL><LI>Max Depth = 68<LI>Call Chain = unblock_task &rArr; k_tsk_run_new_helper &rArr; k_tsk_run_new &rArr; remove_tcb_given_tid
</UL>
<BR>[Calls]<UL><LI><a href="#[8e]">&gt;&gt;</a>&nbsp;&nbsp;&nbsp;queue_pop
<LI><a href="#[a8]">&gt;&gt;</a>&nbsp;&nbsp;&nbsp;prio_to_array_index
<LI><a href="#[80]">&gt;&gt;</a>&nbsp;&nbsp;&nbsp;enqueue_back
<LI><a href="#[a9]">&gt;&gt;</a>&nbsp;&nbsp;&nbsp;k_tsk_run_new_helper
</UL>
<BR>[Called By]<UL><LI><a href="#[74]">&gt;&gt;</a>&nbsp;&nbsp;&nbsp;unblock_senders
<LI><a href="#[97]">&gt;&gt;</a>&nbsp;&nbsp;&nbsp;unblock_all_senders
<LI><a href="#[64]">&gt;&gt;</a>&nbsp;&nbsp;&nbsp;k_send_msg
<LI><a href="#[6c]">&gt;&gt;</a>&nbsp;&nbsp;&nbsp;_k_send_msg_nb
</UL>

<P><STRONG><a name="[72]"></a>validate_receive_message</STRONG> (Thumb, 52 bytes, Stack size 12 bytes, k_msg_util.o(i.validate_receive_message))
<BR><BR>[Stack]<UL><LI>Max Depth = 12<LI>Call Chain = validate_receive_message
</UL>
<BR>[Calls]<UL><LI><a href="#[b7]">&gt;&gt;</a>&nbsp;&nbsp;&nbsp;peek_ring_buffer
</UL>
<BR>[Called By]<UL><LI><a href="#[66]">&gt;&gt;</a>&nbsp;&nbsp;&nbsp;k_recv_msg
<LI><a href="#[6d]">&gt;&gt;</a>&nbsp;&nbsp;&nbsp;_k_recv_msg_nb
</UL>

<P><STRONG><a name="[75]"></a>validate_send_message</STRONG> (Thumb, 82 bytes, Stack size 24 bytes, k_msg_util.o(i.validate_send_message))
<BR><BR>[Stack]<UL><LI>Max Depth = 24<LI>Call Chain = validate_send_message
</UL>
<BR>[Calls]<UL><LI><a href="#[7f]">&gt;&gt;</a>&nbsp;&nbsp;&nbsp;check_task_valid
</UL>
<BR>[Called By]<UL><LI><a href="#[64]">&gt;&gt;</a>&nbsp;&nbsp;&nbsp;k_send_msg
<LI><a href="#[6c]">&gt;&gt;</a>&nbsp;&nbsp;&nbsp;_k_send_msg_nb
</UL>
<P>
<H3>
Local Symbols
</H3>
<P><STRONG><a name="[be]"></a>__NVIC_EnableIRQ</STRONG> (Thumb, 26 bytes, Stack size 0 bytes, uart_irq.o(i.__NVIC_EnableIRQ))
<BR><BR>[Called By]<UL><LI><a href="#[a5]">&gt;&gt;</a>&nbsp;&nbsp;&nbsp;uart_irq_init
</UL>

<P><STRONG><a name="[bd]"></a>putchw</STRONG> (Thumb, 70 bytes, Stack size 24 bytes, printf.o(i.putchw))
<BR><BR>[Stack]<UL><LI>Max Depth = 24<LI>Call Chain = putchw
</UL>
<BR>[Called By]<UL><LI><a href="#[bb]">&gt;&gt;</a>&nbsp;&nbsp;&nbsp;tfp_format
</UL>

<P><STRONG><a name="[3c]"></a>putcp</STRONG> (Thumb, 10 bytes, Stack size 0 bytes, printf.o(i.putcp))
<BR><BR>[Called By]<UL><LI><a href="#[55]">&gt;&gt;</a>&nbsp;&nbsp;&nbsp;tfp_sprintf
</UL>
<BR>[Address Reference Count : 1]<UL><LI> printf.o(i.tfp_sprintf)
</UL>
<P><STRONG><a name="[bc]"></a>ui2a</STRONG> (Thumb, 82 bytes, Stack size 20 bytes, printf.o(i.ui2a))
<BR><BR>[Stack]<UL><LI>Max Depth = 20<LI>Call Chain = ui2a
</UL>
<BR>[Called By]<UL><LI><a href="#[bb]">&gt;&gt;</a>&nbsp;&nbsp;&nbsp;tfp_format
</UL>
<P>
<H3>
Undefined Global Symbols
</H3><HR></body></html>
