Component: ARM Compiler 5.06 update 6 (build 750) Tool: armlink [4d35ed]

==============================================================================

Section Cross References

    uart_polling.o(i.putc) refers to uart_polling.o(i.uart_put_string) for uart_put_string
    uart_polling.o(i.putc) refers to uart_polling.o(i.uart_put_char) for uart_put_char
    uart_polling.o(i.uart_put_string) refers to uart_polling.o(i.uart_put_char) for uart_put_char
    uart_irq.o(i.UART0_IRQHandler) refers to uart_polling.o(i.uart_put_string) for uart_put_string
    uart_irq.o(i.UART0_IRQHandler) refers to uart_polling.o(i.uart_put_char) for uart_put_char
    uart_irq.o(i.UART0_IRQHandler) refers to k_msg.o(i._k_send_msg_nb) for _k_send_msg_nb
    uart_irq.o(i.UART0_IRQHandler) refers to k_msg.o(i._k_recv_msg_nb) for _k_recv_msg_nb
    uart_irq.o(i.UART0_IRQHandler) refers to k_task.o(i.k_tsk_yield) for k_tsk_yield
    uart_irq.o(i.UART0_IRQHandler) refers to uart_irq.o(.data) for .data
    uart_irq.o(i.uart_irq_init) refers to uart_irq.o(i.__NVIC_EnableIRQ) for __NVIC_EnableIRQ
    uart_irq.o(.data) refers to uart_irq.o(.data) for g_buffer
    k_mem.o(i.k_alloc_k_stack) refers to k_rtx_init.o(.data) for errno
    k_mem.o(i.k_alloc_k_stack) refers to k_mem.o(.bss) for .bss
    k_mem.o(i.k_alloc_p_stack) refers to k_rtx_init.o(.data) for errno
    k_mem.o(i.k_alloc_p_stack) refers to k_mem.o(.bss) for .bss
    k_mem.o(i.k_mem_init) refers to printf.o(i.tfp_printf) for tfp_printf
    k_mem.o(i.k_mem_init) refers to k_mem.o(i.k_mpool_create) for k_mpool_create
    k_mem.o(i.k_mpool_alloc) refers to printf.o(i.tfp_printf) for tfp_printf
    k_mem.o(i.k_mpool_alloc) refers to k_mem.o(i.getIRAM) for getIRAM
    k_mem.o(i.k_mpool_alloc) refers to k_mem_util.o(i.size_to_height) for size_to_height
    k_mem.o(i.k_mpool_alloc) refers to k_mem_util.o(i.list_empty) for list_empty
    k_mem.o(i.k_mpool_alloc) refers to k_mem_util.o(i.pop_node) for pop_node
    k_mem.o(i.k_mpool_alloc) refers to k_mem_util.o(i.split_block) for split_block
    k_mem.o(i.k_mpool_alloc) refers to k_mem_util.o(i.height_to_size) for height_to_size
    k_mem.o(i.k_mpool_alloc) refers to k_mem_util.o(i.pointer_to_index) for pointer_to_index
    k_mem.o(i.k_mpool_alloc) refers to k_mem_util.o(i.mark_index_as_used) for mark_index_as_used
    k_mem.o(i.k_mpool_alloc) refers to k_rtx_init.o(.data) for errno
    k_mem.o(i.k_mpool_alloc) refers to k_mem_util.o(.bss) for free_lists
    k_mem.o(i.k_mpool_create) refers to printf.o(i.tfp_printf) for tfp_printf
    k_mem.o(i.k_mpool_create) refers to k_mem.o(i.getIRAM) for getIRAM
    k_mem.o(i.k_mpool_create) refers to k_mem_util.o(i.log_2) for log_2
    k_mem.o(i.k_mpool_create) refers to k_mem_util.o(i.init_list) for init_list
    k_mem.o(i.k_mpool_create) refers to k_mem_util.o(i.mark_index_as_unused) for mark_index_as_unused
    k_mem.o(i.k_mpool_create) refers to k_rtx_init.o(.data) for errno
    k_mem.o(i.k_mpool_create) refers to k_mem_util.o(.bss) for free_lists
    k_mem.o(i.k_mpool_create) refers to k_mem_util.o(.data) for SET_IRAM1_SIZE_LOG2
    k_mem.o(i.k_mpool_dealloc) refers to printf.o(i.tfp_printf) for tfp_printf
    k_mem.o(i.k_mpool_dealloc) refers to k_mem.o(i.getIRAM) for getIRAM
    k_mem.o(i.k_mpool_dealloc) refers to k_mem_util.o(i.pointer_to_height) for pointer_to_height
    k_mem.o(i.k_mpool_dealloc) refers to k_mem_util.o(i.pointer_to_index) for pointer_to_index
    k_mem.o(i.k_mpool_dealloc) refers to k_mem_util.o(i.mark_index_as_unused) for mark_index_as_unused
    k_mem.o(i.k_mpool_dealloc) refers to k_mem_util.o(i.get_side) for get_side
    k_mem.o(i.k_mpool_dealloc) refers to k_mem_util.o(i.index_to_pointer) for index_to_pointer
    k_mem.o(i.k_mpool_dealloc) refers to k_mem_util.o(i.coalesce_buddies) for coalesce_buddies
    k_mem.o(i.k_mpool_dealloc) refers to k_mem_util.o(i.child_index_to_parent_index) for child_index_to_parent_index
    k_mem.o(i.k_mpool_dealloc) refers to k_mem_util.o(i.is_buddy_free) for is_buddy_free
    k_mem.o(i.k_mpool_dealloc) refers to k_rtx_init.o(.data) for errno
    k_mem.o(i.k_mpool_dealloc) refers to k_mem_util.o(.data) for SET_IRAM1_BASE
    k_mem.o(i.k_mpool_dump) refers to printf.o(i.tfp_printf) for tfp_printf
    k_mem.o(i.k_mpool_dump) refers to k_mem.o(i.getIRAM) for getIRAM
    k_mem.o(i.k_mpool_dump) refers to k_mem_util.o(i.height_to_size) for height_to_size
    k_mem.o(i.k_mpool_dump) refers to k_mem_util.o(.bss) for free_lists
    k_msg.o(i._k_mbx_create) refers to printf.o(i.tfp_printf) for tfp_printf
    k_msg.o(i._k_mbx_create) refers to k_msg_util.o(i.init_mailbox) for init_mailbox
    k_msg.o(i._k_mbx_create) refers to k_msg.o(.bss) for .bss
    k_msg.o(i._k_mbx_create) refers to k_rtx_init.o(.data) for errno
    k_msg.o(i._k_recv_msg_nb) refers to printf.o(i.tfp_printf) for tfp_printf
[...]
    libshutdown.o(.ARM.Collect$$libshutdown$$00000000) refers (Special) to libshutdown2.o(.ARM.Collect$$libshutdown$$00000004) for __rt_lib_shutdown_stdio_1
    libshutdown.o(.ARM.Collect$$libshutdown$$00000000) refers (Special) to libshutdown2.o(.ARM.Collect$$libshutdown$$0000000C) for __rt_lib_shutdown_user_alloc_1
    sys_command.o(.text) refers (Special) to use_no_semi.o(.text) for __I$use$semihosting
    sys_command.o(.text) refers (Special) to indicate_semi.o(.text) for __semihosting_library_function
    defsig_abrt_inner.o(.text) refers to defsig_general.o(.text) for __default_signal_display
    defsig_rtred_inner.o(.text) refers to defsig_general.o(.text) for __default_signal_display
    defsig_rtmem_inner.o(.text) refers to defsig_general.o(.text) for __default_signal_display
    defsig_rtmem_outer.o(.text) refers to defsig_rtmem_inner.o(.text) for __rt_SIGRTMEM_inner
    defsig_rtmem_outer.o(.text) refers to defsig_exit.o(.text) for __sig_exit
    defsig_rtmem_formal.o(.text) refers to rt_raise.o(.text) for __rt_raise
    defsig_stak_inner.o(.text) refers to defsig_general.o(.text) for __default_signal_display
    defsig_pvfn_inner.o(.text) refers to defsig_general.o(.text) for __default_signal_display
    defsig_cppl_inner.o(.text) refers to defsig_general.o(.text) for __default_signal_display
    defsig_segv_inner.o(.text) refers to defsig_general.o(.text) for __default_signal_display
    defsig_other.o(.text) refers to defsig_general.o(.text) for __default_signal_display


==============================================================================

Removing Unused input sections from the image.

    Removing uart_polling.o(.rev16_text), (4 bytes).
    Removing uart_polling.o(.revsh_text), (4 bytes).
    Removing uart_polling.o(.rrx_text), (6 bytes).
    Removing uart_polling.o(i.uart_get_char), (36 bytes).
    Removing uart_irq.o(.rev16_text), (4 bytes).
    Removing uart_irq.o(.revsh_text), (4 bytes).
    Removing uart_irq.o(.rrx_text), (6 bytes).
    Removing uart_irq.o(.data), (4 bytes).
    Removing uart_irq.o(.data), (1 bytes).
    Removing hal.o(.rev16_text), (4 bytes).
    Removing hal.o(.revsh_text), (4 bytes).
    Removing hal.o(.rrx_text), (6 bytes).
    Removing k_mem.o(.rev16_text), (4 bytes).
    Removing k_mem.o(.revsh_text), (4 bytes).
    Removing k_mem.o(.rrx_text), (6 bytes).
    Removing k_mem.o(.constdata), (4 bytes).
    Removing k_msg.o(.rev16_text), (4 bytes).
    Removing k_msg.o(.revsh_text), (4 bytes).
    Removing k_msg.o(.rrx_text), (6 bytes).
    Removing k_rtx_init.o(.rev16_text), (4 bytes).
    Removing k_rtx_init.o(.revsh_text), (4 bytes).
    Removing k_rtx_init.o(.rrx_text), (6 bytes).
    Removing k_rtx_init.o(i.k_get_sys_info), (4 bytes).
    Removing k_task.o(.rev16_text), (4 bytes).
    Removing k_task.o(.revsh_text), (4 bytes).
    Removing k_task.o(.rrx_text), (6 bytes).
    Removing k_mem_util.o(.rev16_text), (4 bytes).
    Removing k_mem_util.o(.revsh_text), (4 bytes).
    Removing k_mem_util.o(.rrx_text), (6 bytes).
    Removing k_mem_util.o(i.remove_node), (8 bytes).
    Removing k_task_util.o(.rev16_text), (4 bytes).
    Removing k_task_util.o(.revsh_text), (4 bytes).
    Removing k_task_util.o(.rrx_text), (6 bytes).
    Removing k_task_util.o(i.visualize), (160 bytes).
    Removing k_msg_util.o(.rev16_text), (4 bytes).
    Removing k_msg_util.o(.revsh_text), (4 bytes).
    Removing k_msg_util.o(.rrx_text), (6 bytes).
    Removing cdisp_task.o(.rev16_text), (4 bytes).
    Removing cdisp_task.o(.revsh_text), (4 bytes).
    Removing cdisp_task.o(.rrx_text), (6 bytes).
    Removing null_task.o(.rev16_text), (4 bytes).
    Removing null_task.o(.revsh_text), (4 bytes).
    Removing null_task.o(.rrx_text), (6 bytes).
    Removing system_lpc17xx.o(.rev16_text), (4 bytes).
    Removing system_lpc17xx.o(.revsh_text), (4 bytes).
    Removing system_lpc17xx.o(.rrx_text), (6 bytes).
    Removing system_lpc17xx.o(i.SystemCoreClockUpdate), (208 bytes).
    Removing system_lpc17xx.o(.data), (4 bytes).
    Removing main.o(.rev16_text), (4 bytes).
    Removing main.o(.revsh_text), (4 bytes).
    Removing ae.o(i.ae_init), (36 bytes).
    Removing ae.o(i.ae_set_task_info), (10 bytes).
    Removing ae_tasks.o(i.task3), (36 bytes).

53 unused section(s) (total 701 bytes) removed from the image.

==============================================================================

Image Symbol Table

    Local Symbols

    Symbol Name                              Value     Ov Type        Size  Object(Section)

    ../clib/angel/boardlib.s                 0x00000000   Number         0  boardshut.o ABSOLUTE
    ../clib/angel/boardlib.s                 0x00000000   Number         0  boardinit3.o ABSOLUTE
    ../clib/angel/boardlib.s                 0x00000000   Number         0  boardinit2.o ABSOLUTE
    ../clib/angel/boardlib.s                 0x00000000   Number         0  boardinit1.o ABSOLUTE
    ../clib/angel/handlers.s                 0x00000000   Number         0  __scatter_zi.o ABSOLUTE
    ../clib/angel/handlers.s                 0x00000000   Number         0  __scatter_copy.o ABSOLUTE
    ../clib/angel/kernel.s                   0x00000000   Number         0  __rtentry4.o ABSOLUTE
    ../clib/angel/kernel.s                   0x00000000   Number         0  rtexit2.o ABSOLUTE
    ../clib/angel/kernel.s                   0x00000000   Number         0  __rtentry.o ABSOLUTE
    ../clib/angel/kernel.s                   0x00000000   Number         0  __rtentry2.o ABSOLUTE
    ../clib/angel/kernel.s                   0x00000000   Number         0  rtexit.o ABSOLUTE
    ../clib/angel/rt.s                       0x00000000   Number         0  rt_div0.o ABSOLUTE
    ../clib/angel/rt.s                       0x00000000   Number         0  aeabi_ldiv0.o ABSOLUTE
    ../clib/angel/rt.s                       0x00000000   Number         0  aeabi_ldiv0_sigfpe.o ABSOLUTE
    ../clib/angel/rt.s                       0x00000000   Number         0  rt_raise.o ABSOLUTE
    ../clib/angel/scatter.s                  0x00000000   Number         0  __scatter.o ABSOLUTE
    ../clib/angel/startup.s                  0x00000000   Number         0  __main.o ABSOLUTE
    ../clib/angel/sys.s                      0x00000000   Number         0  libspace.o ABSOLUTE
    ../clib/angel/sys.s                      0x00000000   Number         0  sys_stackheap_outer.o ABSOLUTE
    ../clib/angel/sys.s                      0x00000000   Number         0  indicate_semi.o ABSOLUTE
    ../clib/angel/sys.s                      0x00000000   Number         0  use_no_semi.o ABSOLUTE
    ../clib/angel/sysapp.c                   0x00000000   Number         0  sys_command.o ABSOLUTE
    ../clib/angel/sysapp.c                   0x00000000   Number         0  sys_exit.o ABSOLUTE
    ../clib/angel/sysapp.c                   0x00000000   Number         0  sys_wrch.o ABSOLUTE
    ../clib/armsys.c                         0x00000000   Number         0  _get_argv_nomalloc.o ABSOLUTE
    ../clib/armsys.c                         0x00000000   Number         0  no_argv.o ABSOLUTE
    ../clib/armsys.c                         0x00000000   Number         0  argv_veneer.o ABSOLUTE
    ../clib/armsys.c                         0x00000000   Number         0  argv_veneer.o ABSOLUTE
    ../clib/heapalloc.c                      0x00000000   Number         0  hrguard.o ABSOLUTE
    ../clib/heapaux.c                        0x00000000   Number         0  heapauxi.o ABSOLUTE
    ../clib/libinit.s                        0x00000000   Number         0  libshutdown.o ABSOLUTE
    ../clib/libinit.s                        0x00000000   Number         0  libinit2.o ABSOLUTE
    ../clib/libinit.s                        0x00000000   Number         0  libshutdown2.o ABSOLUTE
    ../clib/libinit.s                        0x00000000   Number         0  libinit.o ABSOLUTE
    ../clib/longlong.s                       0x00000000   Number         0  lludivv7m.o ABSOLUTE
    ../clib/memcpset.s                       0x00000000   Number         0  rt_memcpy_w.o ABSOLUTE
    ../clib/signal.c                         0x00000000   Number         0  defsig_rtmem_inner.o ABSOLUTE
    ../clib/signal.c                         0x00000000   Number         0  defsig_abrt_inner.o ABSOLUTE
    ../clib/signal.c                         0x00000000   Number         0  defsig_fpe_inner.o ABSOLUTE
    ../clib/signal.c                         0x00000000   Number         0  defsig_fpe_outer.o ABSOLUTE
    ../clib/signal.c                         0x00000000   Number         0  defsig_rtred_inner.o ABSOLUTE
    ../clib/signal.c                         0x00000000   Number         0  defsig_other.o ABSOLUTE
    ../clib/signal.c                         0x00000000   Number         0  defsig_segv_inner.o ABSOLUTE
    ../clib/signal.c                         0x00000000   Number         0  defsig_cppl_inner.o ABSOLUTE
    ../clib/signal.c                         0x00000000   Number         0  defsig_pvfn_inner.o ABSOLUTE
    ../clib/signal.c                         0x00000000   Number         0  defsig_stak_inner.o ABSOLUTE
    ../clib/signal.c                         0x00000000   Number         0  defsig_rtmem_formal.o ABSOLUTE
    ../clib/signal.c                         0x00000000   Number         0  defsig_rtmem_outer.o ABSOLUTE
    ../clib/signal.c                         0x00000000   Number         0  defsig_fpe_formal.o ABSOLUTE
    ../clib/signal.c                         0x00000000   Number         0  defsig_general.o ABSOLUTE
    ../clib/signal.c                         0x00000000   Number         0  __raise.o ABSOLUTE
    ../clib/signal.c                         0x00000000   Number         0  defsig_exit.o ABSOLUTE
    ../clib/signal.s                         0x00000000   Number         0  defsig.o ABSOLUTE
    ../clib/stdlib.c                         0x00000000   Number         0  exit.o ABSOLUTE
    ../fplib/fpinit.s                        0x00000000   Number         0  fpinit.o ABSOLUTE
    RTE\Device\LPC1768\startup_LPC17xx.s     0x00000000   Number         0  startup_lpc17xx.o ABSOLUTE
    RTE\Device\LPC1768\system_LPC17xx.c      0x00000000   Number         0  system_lpc17xx.o ABSOLUTE
    RTE\\Device\\LPC1768\\system_LPC17xx.c   0x00000000   Number         0  system_lpc17xx.o ABSOLUTE
    dc.s                                     0x00000000   Number         0  dc.o ABSOLUTE
    src\\bsp\\LPC1768\\uart_irq.c            0x00000000   Number         0  uart_irq.o ABSOLUTE
    src\\bsp\\LPC1768\\uart_polling.c        0x00000000   Number         0  uart_polling.o ABSOLUTE
    src\\kernel\\HAL.c                       0x00000000   Number         0  hal.o ABSOLUTE
    src\\kernel\\k_mem.c                     0x00000000   Number         0  k_mem.o ABSOLUTE
    src\\kernel\\k_mem_util.c                0x00000000   Number         0  k_mem_util.o ABSOLUTE
    src\\kernel\\k_msg.c                     0x00000000   Number         0  k_msg.o ABSOLUTE
    src\\kernel\\k_msg_util.c                0x00000000   Number         0  k_msg_util.o ABSOLUTE
    src\\kernel\\k_rtx_init.c                0x00000000   Number         0  k_rtx_init.o ABSOLUTE
    src\\kernel\\k_task.c                    0x00000000   Number         0  k_task.o ABSOLUTE
    src\\kernel\\k_task_util.c               0x00000000   Number         0  k_task_util.o ABSOLUTE
    src\\main.c                              0x00000000   Number         0  main.o ABSOLUTE
    src\\tasks\\cdisp_task.c                 0x00000000   Number         0  cdisp_task.o ABSOLUTE
    src\\tasks\\null_task.c                  0x00000000   Number         0  null_task.o ABSOLUTE
    src\ae\ae.c                              0x00000000   Number         0  ae.o ABSOLUTE
    src\ae\ae_tasks.c                        0x00000000   Number         0  ae_tasks.o ABSOLUTE
    src\ae\ae_tasks_util.c                   0x00000000   Number         0  ae_tasks_util.o ABSOLUTE
    src\bsp\LPC1768\uart_irq.c               0x00000000   Number         0  uart_irq.o ABSOLUTE
    src\bsp\LPC1768\uart_polling.c           0x00000000   Number         0  uart_polling.o ABSOLUTE
    src\kernel\HAL.c                         0x00000000   Number         0  hal.o ABSOLUTE
    src\kernel\k_mem.c                       0x00000000   Number         0  k_mem.o ABSOLUTE
    src\kernel\k_mem_util.c                  0x00000000   Number         0  k_mem_util.o ABSOLUTE
    src\kernel\k_msg.c                       0x00000000   Number         0  k_msg.o ABSOLUTE
    src\kernel\k_msg_util.c                  0x00000000   Number         0  k_msg_util.o ABSOLUTE
    src\kernel\k_rtx_init.c                  0x00000000   Number         0  k_rtx_init.o ABSOLUTE
    src\kernel\k_task.c                      0x00000000   Number         0  k_task.o ABSOLUTE
    src\kernel\k_task_util.c                 0x00000000   Number         0  k_task_util.o ABSOLUTE
    src\libu\printf.c                        0x00000000   Number         0  printf.o ABSOLUTE
    src\main.c                               0x00000000   Number         0  main.o ABSOLUTE
    src\tasks\cdisp_task.c                   0x00000000   Number         0  cdisp_task.o ABSOLUTE
    src\tasks\kcd_task.c                     0x00000000   Number         0  kcd_task.o ABSOLUTE
    src\tasks\null_task.c                    0x00000000   Number         0  null_task.o ABSOLUTE
    RESET                                    0x10000000   Section      204  startup_lpc17xx.o(RESET)
    !!!main                                  0x100000cc   Section        8  __main.o(!!!main)
    !!!scatter                               0x100000d4   Section       52  __scatter.o(!!!scatter)
    !!handler_copy                           0x10000108   Section       26  __scatter_copy.o(!!handler_copy)
    !!handler_zi                             0x10000124   Section       28  __scatter_zi.o(!!handler_zi)
    .ARM.Collect$$libinit$$00000000          0x10000140   Section        2  libinit.o(.ARM.Collect$$libinit$$00000000)
    .ARM.Collect$$libinit$$00000002          0x10000142   Section        0  libinit2.o(.ARM.Collect$$libinit$$00000002)
    .ARM.Collect$$libinit$$00000004          0x10000142   Section        0  libinit2.o(.ARM.Collect$$libinit$$00000004)
    .ARM.Collect$$libinit$$0000000A          0x10000142   Section        0  libinit2.o(.ARM.Collect$$libinit$$0000000A)
    .ARM.Collect$$libinit$$0000000C          0x10000142   Section        0  libinit2.o(.ARM.Collect$$libinit$$0000000C)
    .ARM.Collect$$libinit$$0000000E          0x10000142   Section        0  libinit2.o(.ARM.Collect$$libinit$$0000000E)
    .ARM.Collect$$libinit$$00000011          0x10000142   Section        0  libinit2.o(.ARM.Collect$$libinit$$00000011)
    .ARM.Collect$$libinit$$00000013          0x10000142   Section        0  libinit2.o(.ARM.Collect$$libinit$$00000013)
    .ARM.Collect$$libinit$$00000015          0x10000142   Section        0  libinit2.o(.ARM.Collect$$libinit$$00000015)
    .ARM.Collect$$libinit$$00000017          0x10000142   Section        0  libinit2.o(.ARM.Collect$$libinit$$00000017)
    .ARM.Collect$$libinit$$00000019          0x10000142   Section        0  libinit2.o(.ARM.Collect$$libinit$$00000019)
    .ARM.Collect$$libinit$$0000001B          0x10000142   Section        0  libinit2.o(.ARM.Collect$$libinit$$0000001B)
    .ARM.Collect$$libinit$$0000001D          0x10000142   Section        0  libinit2.o(.ARM.Collect$$libinit$$0000001D)
    .ARM.Collect$$libinit$$0000001F          0x10000142   Section        0  libinit2.o(.ARM.Collect$$libinit$$0000001F)
    .ARM.Collect$$libinit$$00000021          0x10000142   Section        0  libinit2.o(.ARM.Collect$$libinit$$00000021)
    .ARM.Collect$$libinit$$00000023          0x10000142   Section        0  libinit2.o(.ARM.Collect$$libinit$$00000023)
    .ARM.Collect$$libinit$$00000025          0x10000142   Section        0  libinit2.o(.ARM.Collect$$libinit$$00000025)
    .ARM.Collect$$libinit$$0000002C          0x10000142   Section        0  libinit2.o(.ARM.Collect$$libinit$$0000002C)
    .ARM.Collect$$libinit$$0000002E          0x10000142   Section        0  libinit2.o(.ARM.Collect$$libinit$$0000002E)
    .ARM.Collect$$libinit$$00000030          0x10000142   Section        0  libinit2.o(.ARM.Collect$$libinit$$00000030)
    .ARM.Collect$$libinit$$00000032          0x10000142   Section        0  libinit2.o(.ARM.Collect$$libinit$$00000032)
    .ARM.Collect$$libinit$$00000033          0x10000142   Section        2  libinit2.o(.ARM.Collect$$libinit$$00000033)
    .ARM.Collect$$libshutdown$$00000000      0x10000144   Section        2  libshutdown.o(.ARM.Collect$$libshutdown$$00000000)
    .ARM.Collect$$libshutdown$$00000002      0x10000146   Section        0  libshutdown2.o(.ARM.Collect$$libshutdown$$00000002)
    .ARM.Collect$$libshutdown$$00000004      0x10000146   Section        0  libshutdown2.o(.ARM.Collect$$libshutdown$$00000004)
    .ARM.Collect$$libshutdown$$00000007      0x10000146   Section        0  libshutdown2.o(.ARM.Collect$$libshutdown$$00000007)
    .ARM.Collect$$libshutdown$$0000000A      0x10000146   Section        0  libshutdown2.o(.ARM.Collect$$libshutdown$$0000000A)
    .ARM.Collect$$libshutdown$$0000000C      0x10000146   Section        0  libshutdown2.o(.ARM.Collect$$libshutdown$$0000000C)
    .ARM.Collect$$libshutdown$$0000000F      0x10000146   Section        0  libshutdown2.o(.ARM.Collect$$libshutdown$$0000000F)
    .ARM.Collect$$libshutdown$$00000010      0x10000146   Section        2  libshutdown2.o(.ARM.Collect$$libshutdown$$00000010)
    .ARM.Collect$$rtentry$$00000000          0x10000148   Section        0  __rtentry.o(.ARM.Collect$$rtentry$$00000000)
    .ARM.Collect$$rtentry$$00000002          0x10000148   Section        0  __rtentry2.o(.ARM.Collect$$rtentry$$00000002)
    .ARM.Collect$$rtentry$$00000004          0x10000148   Section        6  __rtentry4.o(.ARM.Collect$$rtentry$$00000004)
    .ARM.Collect$$rtentry$$00000009          0x1000014e   Section        0  __rtentry2.o(.ARM.Collect$$rtentry$$00000009)
    .ARM.Collect$$rtentry$$0000000A          0x1000014e   Section        4  __rtentry2.o(.ARM.Collect$$rtentry$$0000000A)
    .ARM.Collect$$rtentry$$0000000C          0x10000152   Section        0  __rtentry2.o(.ARM.Collect$$rtentry$$0000000C)
    .ARM.Collect$$rtentry$$0000000D          0x10000152   Section        8  __rtentry2.o(.ARM.Collect$$rtentry$$0000000D)
    .ARM.Collect$$rtexit$$00000000           0x1000015a   Section        2  rtexit.o(.ARM.Collect$$rtexit$$00000000)
    .ARM.Collect$$rtexit$$00000002           0x1000015c   Section        0  rtexit2.o(.ARM.Collect$$rtexit$$00000002)
    .ARM.Collect$$rtexit$$00000003           0x1000015c   Section        4  rtexit2.o(.ARM.Collect$$rtexit$$00000003)
    .ARM.Collect$$rtexit$$00000004           0x10000160   Section        6  rtexit2.o(.ARM.Collect$$rtexit$$00000004)
    .emb_text                                0x10000168   Section        8  hal.o(.emb_text)
    .emb_text                                0x10000170   Section       50  k_task.o(.emb_text)
    .text                                    0x100001a4   Section       60  startup_lpc17xx.o(.text)
    .text                                    0x100001e0   Section      100  rt_memcpy_w.o(.text)
    .text                                    0x10000244   Section        0  heapauxi.o(.text)
    .text                                    0x1000024a   Section       74  sys_stackheap_outer.o(.text)
    .text                                    0x10000294   Section        0  exit.o(.text)
    .text                                    0x100002a8   Section        8  libspace.o(.text)
    .text                                    0x100002b0   Section        0  sys_exit.o(.text)
    .text                                    0x100002bc   Section        2  use_no_semi.o(.text)
    .text                                    0x100002be   Section        0  indicate_semi.o(.text)
    i.KCD_handler                            0x100002c0   Section        0  kcd_task.o(i.KCD_handler)
    i.SVC_Handler                            0x100003b4   Section        0  k_task.o(i.SVC_Handler)
    i.SystemInit                             0x1000048c   Section        0  system_lpc17xx.o(i.SystemInit)
    i.UART0_IRQHandler                       0x10000558   Section        0  uart_irq.o(i.UART0_IRQHandler)
    i.__NVIC_EnableIRQ                       0x10000688   Section        0  uart_irq.o(i.__NVIC_EnableIRQ)
    __NVIC_EnableIRQ                         0x10000689   Thumb Code    26  uart_irq.o(i.__NVIC_EnableIRQ)
    i._init_message                          0x100006a2   Section        0  kcd_task.o(i._init_message)
    i._k_mbx_create                          0x100006c0   Section        0  k_msg.o(i._k_mbx_create)
    i._k_recv_msg_nb                         0x10000734   Section        0  k_msg.o(i._k_recv_msg_nb)
    i._k_send_msg_nb                         0x100007c4   Section        0  k_msg.o(i._k_send_msg_nb)
    i.ae_init_new                            0x1000086c   Section        0  ae.o(i.ae_init_new)
    i.ae_set_init_tasks_info                 0x10000890   Section        0  ae.o(i.ae_set_init_tasks_info)
    i.ae_set_sys_info                        0x1000089a   Section        0  ae.o(i.ae_set_sys_info)
    i.block_sender                           0x100008b0   Section        0  k_msg.o(i.block_sender)
    i.block_task                             0x100008cc   Section        0  k_task.o(i.block_task)
    i.check_task_valid                       0x10000900   Section        0  k_task.o(i.check_task_valid)
    i.child_index_to_parent_index            0x10000924   Section        0  k_mem_util.o(i.child_index_to_parent_index)
    i.cleanup_mailbox                        0x10000938   Section        0  k_msg_util.o(i.cleanup_mailbox)
    i.clear_string                           0x10000944   Section        0  kcd_task.o(i.clear_string)
    i.coalesce_buddies                       0x10000960   Section        0  k_mem_util.o(i.coalesce_buddies)
    i.copy                                   0x100009ac   Section        0  kcd_task.o(i.copy)
    i.dump_mailboxes                         0x100009cc   Section        0  ae_tasks_util.o(i.dump_mailboxes)
    i.dump_mbx_info                          0x10000a10   Section        0  ae_tasks_util.o(i.dump_mbx_info)
    i.dump_task_info                         0x10000a78   Section        0  ae_tasks_util.o(i.dump_task_info)
    i.dump_tasks                             0x10000bd8   Section        0  ae_tasks_util.o(i.dump_tasks)
    i.enqueue_back                           0x10000c28   Section        0  k_task_util.o(i.enqueue_back)
    i.enqueue_front                          0x10000c4c   Section        0  k_task_util.o(i.enqueue_front)
    i.error_message                          0x10000c70   Section        0  kcd_task.o(i.error_message)
    i.getIRAM                                0x10000c94   Section        0  k_mem.o(i.getIRAM)
    i.get_index                              0x10000ca0   Section        0  kcd_task.o(i.get_index)
    i.get_msg_length                         0x10000cca   Section        0  k_msg_util.o(i.get_msg_length)
    i.get_next_tid                           0x10000cd0   Section        0  k_task.o(i.get_next_tid)
    i.get_ring_buffer_free_bytes             0x10000d00   Section        0  k_msg_util.o(i.get_ring_buffer_free_bytes)
    i.get_side                               0x10000d0a   Section        0  k_mem_util.o(i.get_side)
    i.get_state                              0x10000d14   Section        0  kcd_task.o(i.get_state)
    i.get_used_block                         0x10000d60   Section        0  k_mem_util.o(i.get_used_block)
    i.height_to_size                         0x10000d7c   Section        0  k_mem_util.o(i.height_to_size)
    i.index_to_pointer                       0x10000d94   Section        0  k_mem_util.o(i.index_to_pointer)
    i.index_to_relative_index                0x10000dc0   Section        0  k_mem_util.o(i.index_to_relative_index)
    i.init_list                              0x10000dca   Section        0  k_mem_util.o(i.init_list)
    i.init_mailbox                           0x10000dd0   Section        0  k_msg_util.o(i.init_mailbox)
    i.init_printf                            0x10000e08   Section        0  printf.o(i.init_printf)
    i.init_queue                             0x10000e14   Section        0  k_task_util.o(i.init_queue)
    i.init_queues                            0x10000e1c   Section        0  k_task_util.o(i.init_queues)
    i.init_ring_buffer_queue                 0x10000e44   Section        0  k_msg_util.o(i.init_ring_buffer_queue)
    i.is_buddy_free                          0x10000e50   Section        0  k_mem_util.o(i.is_buddy_free)
    i.k_alloc_k_stack                        0x10000e7c   Section        0  k_mem.o(i.k_alloc_k_stack)
    i.k_alloc_p_stack                        0x10000ea8   Section        0  k_mem.o(i.k_alloc_p_stack)
    i.k_mbx_cleanup                          0x10000ed0   Section        0  k_msg.o(i.k_mbx_cleanup)
    i.k_mbx_create                           0x10000f04   Section        0  k_msg.o(i.k_mbx_create)
    i.k_mbx_get                              0x10000f14   Section        0  k_msg.o(i.k_mbx_get)
    i.k_mbx_ls                               0x10000f80   Section        0  k_msg.o(i.k_mbx_ls)
    i.k_mem_init                             0x10001018   Section        0  k_mem.o(i.k_mem_init)
    i.k_mpool_alloc                          0x10001074   Section        0  k_mem.o(i.k_mpool_alloc)
    i.k_mpool_create                         0x10001158   Section        0  k_mem.o(i.k_mpool_create)
    i.k_mpool_dealloc                        0x10001278   Section        0  k_mem.o(i.k_mpool_dealloc)
    i.k_mpool_dump                           0x1000135c   Section        0  k_mem.o(i.k_mpool_dump)
    i.k_pre_rtx_init                         0x10001414   Section        0  k_rtx_init.o(i.k_pre_rtx_init)
    i.k_recv_msg                             0x10001434   Section        0  k_msg.o(i.k_recv_msg)
    i.k_recv_msg_nb                          0x100014cc   Section        0  k_msg.o(i.k_recv_msg_nb)
    i.k_rtx_init                             0x100014dc   Section        0  k_rtx_init.o(i.k_rtx_init)
    i.k_send_msg                             0x10001524   Section        0  k_msg.o(i.k_send_msg)
    i.k_send_msg_nb                          0x100015c4   Section        0  k_msg.o(i.k_send_msg_nb)
    i.k_tsk_create                           0x100015d4   Section        0  k_task.o(i.k_tsk_create)
    i.k_tsk_create_new                       0x100016e0   Section        0  k_task.o(i.k_tsk_create_new)
    i.k_tsk_exit                             0x100017c0   Section        0  k_task.o(i.k_tsk_exit)
    i.k_tsk_get                              0x10001814   Section        0  k_task.o(i.k_tsk_get)
    i.k_tsk_gettid                           0x100018f4   Section        0  k_task.o(i.k_tsk_gettid)
    i.k_tsk_init                             0x10001900   Section        0  k_task.o(i.k_tsk_init)
    i.k_tsk_init_daemons                     0x100019d4   Section        0  k_task.o(i.k_tsk_init_daemons)
    i.k_tsk_init_first                       0x10001a88   Section        0  k_task.o(i.k_tsk_init_first)
    i.k_tsk_ls                               0x10001aa4   Section        0  k_task.o(i.k_tsk_ls)
    i.k_tsk_run_new                          0x10001b28   Section        0  k_task.o(i.k_tsk_run_new)
    i.k_tsk_run_new_helper                   0x10001b94   Section        0  k_task.o(i.k_tsk_run_new_helper)
    i.k_tsk_set_prio                         0x10001bd8   Section        0  k_task.o(i.k_tsk_set_prio)
    i.k_tsk_yield                            0x10001cd8   Section        0  k_task.o(i.k_tsk_yield)
    i.list_empty                             0x10001ce8   Section        0  k_mem_util.o(i.list_empty)
    i.log_2                                  0x10001cfc   Section        0  k_mem_util.o(i.log_2)
    i.main                                   0x10001d0c   Section        0  main.o(i.main)
    i.mark_index_as_unused                   0x10001d60   Section        0  k_mem_util.o(i.mark_index_as_unused)
    i.mark_index_as_used                     0x10001d98   Section        0  k_mem_util.o(i.mark_index_as_used)
    i.parent_index_to_child_index            0x10001db8   Section        0  k_mem_util.o(i.parent_index_to_child_index)
    i.peek_ring_buffer                       0x10001dd2   Section        0  k_msg_util.o(i.peek_ring_buffer)
    i.pointer_to_height                      0x10001de8   Section        0  k_mem_util.o(i.pointer_to_height)
    i.pointer_to_index                       0x10001e10   Section        0  k_mem_util.o(i.pointer_to_index)
    i.pop_node                               0x10001e44   Section        0  k_mem_util.o(i.pop_node)
    i.pop_ring_buffer                        0x10001e5a   Section        0  k_msg_util.o(i.pop_ring_buffer)
    i.prio_to_array_index                    0x10001eaa   Section        0  k_task_util.o(i.prio_to_array_index)
    i.priv_task1                             0x10001eb8   Section        0  ae_tasks.o(i.priv_task1)
    i.push_node                              0x100020bc   Section        0  k_mem_util.o(i.push_node)
    i.push_ring_buffer                       0x100020c8   Section        0  k_msg_util.o(i.push_ring_buffer)
    i.putc                                   0x10002114   Section        0  uart_polling.o(i.putc)
    i.putchw                                 0x1000214c   Section        0  printf.o(i.putchw)
    putchw                                   0x1000214d   Thumb Code    70  printf.o(i.putchw)
    i.putcp                                  0x10002192   Section        0  printf.o(i.putcp)
    putcp                                    0x10002193   Thumb Code    10  printf.o(i.putcp)
    i.queue_pop                              0x1000219c   Section        0  k_task_util.o(i.queue_pop)
    i.relative_index_to_index                0x100021b0   Section        0  k_mem_util.o(i.relative_index_to_index)
    i.remove_tcb_given_tid                   0x100021bc   Section        0  k_task_util.o(i.remove_tcb_given_tid)
    i.scheduler                              0x1000220c   Section        0  k_task.o(i.scheduler)
    i.set_ae_init_tasks                      0x10002238   Section        0  ae_tasks.o(i.set_ae_init_tasks)
    i.set_ae_tasks                           0x1000224c   Section        0  ae_tasks.o(i.set_ae_tasks)
    i.set_used_block                         0x10002284   Section        0  k_mem_util.o(i.set_used_block)
    i.size_to_height                         0x100022ac   Section        0  k_mem_util.o(i.size_to_height)
    i.split_block                            0x100022d8   Section        0  k_mem_util.o(i.split_block)
    i.strlen                                 0x10002358   Section        0  kcd_task.o(i.strlen)
    i.task1                                  0x1000236c   Section        0  ae_tasks.o(i.task1)
    i.task2                                  0x100024bc   Section        0  ae_tasks.o(i.task2)
    i.task_cdisp                             0x100024f4   Section        0  cdisp_task.o(i.task_cdisp)
    i.task_kcd                               0x10002524   Section        0  kcd_task.o(i.task_kcd)
    i.task_null                              0x10002618   Section        0  null_task.o(i.task_null)
    i.tfp_format                             0x10002664   Section        0  printf.o(i.tfp_format)
    i.tfp_printf                             0x10002758   Section        0  printf.o(i.tfp_printf)
    i.tfp_sprintf                            0x10002774   Section        0  printf.o(i.tfp_sprintf)
    i.uart_init                              0x10002798   Section        0  uart_polling.o(i.uart_init)
    i.uart_irq_init                          0x100027f8   Section        0  uart_irq.o(i.uart_irq_init)
    i.uart_put_char                          0x10002880   Section        0  uart_polling.o(i.uart_put_char)
    i.uart_put_string                        0x100028a8   Section        0  uart_polling.o(i.uart_put_string)
    i.ui2a                                   0x100028ca   Section        0  printf.o(i.ui2a)
    ui2a                                     0x100028cb   Thumb Code    82  printf.o(i.ui2a)
    i.unblock_all_senders                    0x1000291c   Section        0  k_msg.o(i.unblock_all_senders)
    i.unblock_senders                        0x10002934   Section        0  k_msg.o(i.unblock_senders)
    i.unblock_task                           0x100029a8   Section        0  k_task.o(i.unblock_task)
    i.validate_receive_message               0x100029e8   Section        0  k_msg_util.o(i.validate_receive_message)
    i.validate_send_message                  0x10002a20   Section        0  k_msg_util.o(i.validate_send_message)
    .constdata                               0x10002a7c   Section        4  k_mem.o(.constdata)
    .conststring                             0x10002a80   Section       72  ae_tasks.o(.conststring)
    .data                                    0x10003000   Section       19  uart_irq.o(.data)
    .data                                    0x10003014   Section        4  k_rtx_init.o(.data)
    .data                                    0x10003018   Section       12  k_task.o(.data)
    .data                                    0x10003024   Section       12  k_mem_util.o(.data)
    .data                                    0x10003030   Section        8  k_task_util.o(.data)
    .data                                    0x10003038   Section        8  printf.o(.data)
    stdout_putf                              0x10003038   Data           4  printf.o(.data)
    stdout_putp                              0x1000303c   Data           4  printf.o(.data)
    .data                                    0x10003040   Section        4  kcd_task.o(.data)
    .data                                    0x10003044   Section       16  main.o(.data)
    p_tasks                                  0x10003044   Data           4  main.o(.data)
    num                                      0x10003048   Data           4  main.o(.data)
    sys                                      0x1000304c   Data           8  main.o(.data)
    .bss                                     0x10003058   Section    12800  k_mem.o(.bss)
    .bss                                     0x10006258   Section      608  k_msg.o(.bss)
    .bss                                     0x100064b8   Section      576  k_task.o(.bss)
    .bss                                     0x100066f8   Section      688  k_mem_util.o(.bss)
    .bss                                     0x100069a8   Section       40  k_task_util.o(.bss)
    .bss                                     0x100069d0   Section      126  kcd_task.o(.bss)
    .bss                                     0x10006a50   Section       96  libspace.o(.bss)
    .bss                                     0x10006ab0   Section      296  ae_tasks.o(.bss)
    HEAP                                     0x10006bd8   Section        0  startup_lpc17xx.o(HEAP)
    STACK                                    0x10006bd8   Section      512  startup_lpc17xx.o(STACK)
    Heap_Mem                                 0x10006bd8   Data           0  startup_lpc17xx.o(HEAP)
    Stack_Mem                                0x10006bd8   Data         512  startup_lpc17xx.o(STACK)
    __initial_sp                             0x10006dd8   Data           0  startup_lpc17xx.o(STACK)

    Global Symbols

    Symbol Name                              Value     Ov Type        Size  Object(Section)

    BuildAttributes$$THM_ISAv4$P$D$K$B$S$PE$A:L22UL41UL21$X:L11$S22US41US21$IEEE1$IW$USESV6$~STKCKD$USESV7$~SHL$OSPACE$ROPI$EBA8$UX$STANDARDLIB$REQ8$PRES8$EABIv2 0x00000000   Number         0  anon$$obj.o ABSOLUTE
    __ARM_use_no_argv                        0x00000000   Number         0  main.o ABSOLUTE
    __ARM_exceptions_init                     - Undefined Weak Reference
    __alloca_initialize                       - Undefined Weak Reference
    __arm_preinit_                            - Undefined Weak Reference
    __cpp_initialize__aeabi_                  - Undefined Weak Reference
    __cxa_finalize                            - Undefined Weak Reference
    __rt_locale                               - Undefined Weak Reference
    __sigvec_lookup                           - Undefined Weak Reference
    _atexit_init                              - Undefined Weak Reference
    _call_atexit_fns                          - Undefined Weak Reference
    _clock_init                               - Undefined Weak Reference
    _fp_trap_init                             - Undefined Weak Reference
    _fp_trap_shutdown                         - Undefined Weak Reference
    _get_lc_collate                           - Undefined Weak Reference
    _get_lc_ctype                             - Undefined Weak Reference
    _get_lc_monetary                          - Undefined Weak Reference
    _get_lc_numeric                           - Undefined Weak Reference
    _get_lc_time                              - Undefined Weak Reference
    _getenv_init                              - Undefined Weak Reference
    _handle_redirection                       - Undefined Weak Reference
    _init_alloc                               - Undefined Weak Reference
    _init_user_alloc                          - Undefined Weak Reference
    _initio                                   - Undefined Weak Reference
    _rand_init                                - Undefined Weak Reference
    _signal_finish                            - Undefined Weak Reference
    _signal_init                              - Undefined Weak Reference
    _terminate_alloc                          - Undefined Weak Reference
    _terminate_user_alloc                     - Undefined Weak Reference
    _terminateio                              - Undefined Weak Reference
    __Vectors                                0x10000000   Data           4  startup_lpc17xx.o(RESET)
    __main                                   0x100000cd   Thumb Code     8  __main.o(!!!main)
    __scatterload                            0x100000d5   Thumb Code     0  __scatter.o(!!!scatter)
    __scatterload_rt2                        0x100000d5   Thumb Code    44  __scatter.o(!!!scatter)
    __scatterload_rt2_thumb_only             0x100000d5   Thumb Code     0  __scatter.o(!!!scatter)
    __scatterload_null                       0x100000e3   Thumb Code     0  __scatter.o(!!!scatter)
    __scatterload_copy                       0x10000109   Thumb Code    26  __scatter_copy.o(!!handler_copy)
    __scatterload_zeroinit                   0x10000125   Thumb Code    28  __scatter_zi.o(!!handler_zi)
    __rt_lib_init                            0x10000141   Thumb Code     0  libinit.o(.ARM.Collect$$libinit$$00000000)
    __rt_lib_init_alloca_1                   0x10000143   Thumb Code     0  libinit2.o(.ARM.Collect$$libinit$$0000002E)
    __rt_lib_init_argv_1                     0x10000143   Thumb Code     0  libinit2.o(.ARM.Collect$$libinit$$0000002C)
    __rt_lib_init_atexit_1                   0x10000143   Thumb Code     0  libinit2.o(.ARM.Collect$$libinit$$0000001B)
    __rt_lib_init_clock_1                    0x10000143   Thumb Code     0  libinit2.o(.ARM.Collect$$libinit$$00000021)
    __rt_lib_init_cpp_1                      0x10000143   Thumb Code     0  libinit2.o(.ARM.Collect$$libinit$$00000032)
    __rt_lib_init_exceptions_1               0x10000143   Thumb Code     0  libinit2.o(.ARM.Collect$$libinit$$00000030)
    __rt_lib_init_fp_1                       0x10000143   Thumb Code     0  libinit2.o(.ARM.Collect$$libinit$$00000002)
    __rt_lib_init_fp_trap_1                  0x10000143   Thumb Code     0  libinit2.o(.ARM.Collect$$libinit$$0000001F)
    __rt_lib_init_getenv_1                   0x10000143   Thumb Code     0  libinit2.o(.ARM.Collect$$libinit$$00000023)
    __rt_lib_init_heap_1                     0x10000143   Thumb Code     0  libinit2.o(.ARM.Collect$$libinit$$0000000A)
    __rt_lib_init_lc_collate_1               0x10000143   Thumb Code     0  libinit2.o(.ARM.Collect$$libinit$$00000011)
    __rt_lib_init_lc_ctype_1                 0x10000143   Thumb Code     0  libinit2.o(.ARM.Collect$$libinit$$00000013)
    __rt_lib_init_lc_monetary_1              0x10000143   Thumb Code     0  libinit2.o(.ARM.Collect$$libinit$$00000015)
    __rt_lib_init_lc_numeric_1               0x10000143   Thumb Code     0  libinit2.o(.ARM.Collect$$libinit$$00000017)
    __rt_lib_init_lc_time_1                  0x10000143   Thumb Code     0  libinit2.o(.ARM.Collect$$libinit$$00000019)
    __rt_lib_init_preinit_1                  0x10000143   Thumb Code     0  libinit2.o(.ARM.Collect$$libinit$$00000004)
    __rt_lib_init_rand_1                     0x10000143   Thumb Code     0  libinit2.o(.ARM.Collect$$libinit$$0000000E)
    __rt_lib_init_return                     0x10000143   Thumb Code     0  libinit2.o(.ARM.Collect$$libinit$$00000033)
    __rt_lib_init_signal_1                   0x10000143   Thumb Code     0  libinit2.o(.ARM.Collect$$libinit$$0000001D)
    __rt_lib_init_stdio_1                    0x10000143   Thumb Code     0  libinit2.o(.ARM.Collect$$libinit$$00000025)
    __rt_lib_init_user_alloc_1               0x10000143   Thumb Code     0  libinit2.o(.ARM.Collect$$libinit$$0000000C)
    __rt_lib_shutdown                        0x10000145   Thumb Code     0  libshutdown.o(.ARM.Collect$$libshutdown$$00000000)
    __rt_lib_shutdown_cpp_1                  0x10000147   Thumb Code     0  libshutdown2.o(.ARM.Collect$$libshutdown$$00000002)
    __rt_lib_shutdown_fp_trap_1              0x10000147   Thumb Code     0  libshutdown2.o(.ARM.Collect$$libshutdown$$00000007)
    __rt_lib_shutdown_heap_1                 0x10000147   Thumb Code     0  libshutdown2.o(.ARM.Collect$$libshutdown$$0000000F)
    __rt_lib_shutdown_return                 0x10000147   Thumb Code     0  libshutdown2.o(.ARM.Collect$$libshutdown$$00000010)
    __rt_lib_shutdown_signal_1               0x10000147   Thumb Code     0  libshutdown2.o(.ARM.Collect$$libshutdown$$0000000A)
    __rt_lib_shutdown_stdio_1                0x10000147   Thumb Code     0  libshutdown2.o(.ARM.Collect$$libshutdown$$00000004)
    __rt_lib_shutdown_user_alloc_1           0x10000147   Thumb Code     0  libshutdown2.o(.ARM.Collect$$libshutdown$$0000000C)
    __rt_entry                               0x10000149   Thumb Code     0  __rtentry.o(.ARM.Collect$$rtentry$$00000000)
    __rt_entry_presh_1                       0x10000149   Thumb Code     0  __rtentry2.o(.ARM.Collect$$rtentry$$00000002)
    __rt_entry_sh                            0x10000149   Thumb Code     0  __rtentry4.o(.ARM.Collect$$rtentry$$00000004)
    __rt_entry_li                            0x1000014f   Thumb Code     0  __rtentry2.o(.ARM.Collect$$rtentry$$0000000A)
    __rt_entry_postsh_1                      0x1000014f   Thumb Code     0  __rtentry2.o(.ARM.Collect$$rtentry$$00000009)
    __rt_entry_main                          0x10000153   Thumb Code     0  __rtentry2.o(.ARM.Collect$$rtentry$$0000000D)
    __rt_entry_postli_1                      0x10000153   Thumb Code     0  __rtentry2.o(.ARM.Collect$$rtentry$$0000000C)
    __rt_exit                                0x1000015b   Thumb Code     0  rtexit.o(.ARM.Collect$$rtexit$$00000000)
    __rt_exit_ls                             0x1000015d   Thumb Code     0  rtexit2.o(.ARM.Collect$$rtexit$$00000003)
    __rt_exit_prels_1                        0x1000015d   Thumb Code     0  rtexit2.o(.ARM.Collect$$rtexit$$00000002)
    __rt_exit_exit                           0x10000161   Thumb Code     0  rtexit2.o(.ARM.Collect$$rtexit$$00000004)
    SVC_RTE                                  0x10000169   Thumb Code     0  hal.o(.emb_text)
    __rte                                    0x10000169   Thumb Code     8  hal.o(.emb_text)
    k_tsk_switch                             0x10000171   Thumb Code    44  k_task.o(.emb_text)
    K_RESTORE                                0x10000183   Thumb Code     0  k_task.o(.emb_text)
    k_tsk_start                              0x100001a1   Thumb Code     2  k_task.o(.emb_text)
    Reset_Handler                            0x100001a5   Thumb Code     8  startup_lpc17xx.o(.text)
    NMI_Handler                              0x100001ad   Thumb Code     2  startup_lpc17xx.o(.text)
    HardFault_Handler                        0x100001af   Thumb Code     2  startup_lpc17xx.o(.text)
    MemManage_Handler                        0x100001b1   Thumb Code     2  startup_lpc17xx.o(.text)
    BusFault_Handler                         0x100001b3   Thumb Code     2  startup_lpc17xx.o(.text)
    UsageFault_Handler                       0x100001b5   Thumb Code     2  startup_lpc17xx.o(.text)
    DebugMon_Handler                         0x100001b9   Thumb Code     2  startup_lpc17xx.o(.text)
    PendSV_Handler                           0x100001bb   Thumb Code     2  startup_lpc17xx.o(.text)
    SysTick_Handler                          0x100001bd   Thumb Code     2  startup_lpc17xx.o(.text)
    ADC_IRQHandler                           0x100001bf   Thumb Code     0  startup_lpc17xx.o(.text)
    BOD_IRQHandler                           0x100001bf   Thumb Code     0  startup_lpc17xx.o(.text)
    CANActivity_IRQHandler                   0x100001bf   Thumb Code     0  startup_lpc17xx.o(.text)
    CAN_IRQHandler                           0x100001bf   Thumb Code     0  startup_lpc17xx.o(.text)
    DMA_IRQHandler                           0x100001bf   Thumb Code     0  startup_lpc17xx.o(.text)
    EINT0_IRQHandler                         0x100001bf   Thumb Code     0  startup_lpc17xx.o(.text)
    EINT1_IRQHandler                         0x100001bf   Thumb Code     0  startup_lpc17xx.o(.text)
    EINT2_IRQHandler                         0x100001bf   Thumb Code     0  startup_lpc17xx.o(.text)
    EINT3_IRQHandler                         0x100001bf   Thumb Code     0  startup_lpc17xx.o(.text)
    ENET_IRQHandler                          0x100001bf   Thumb Code     0  startup_lpc17xx.o(.text)
    I2C0_IRQHandler                          0x100001bf   Thumb Code     0  startup_lpc17xx.o(.text)
    I2C1_IRQHandler                          0x100001bf   Thumb Code     0  startup_lpc17xx.o(.text)
    I2C2_IRQHandler                          0x100001bf   Thumb Code     0  startup_lpc17xx.o(.text)
    I2S_IRQHandler                           0x100001bf   Thumb Code     0  startup_lpc17xx.o(.text)
    MCPWM_IRQHandler                         0x100001bf   Thumb Code     0  startup_lpc17xx.o(.text)
    PLL0_IRQHandler                          0x100001bf   Thumb Code     0  startup_lpc17xx.o(.text)
    PLL1_IRQHandler                          0x100001bf   Thumb Code     0  startup_lpc17xx.o(.text)
    PWM1_IRQHandler                          0x100001bf   Thumb Code     0  startup_lpc17xx.o(.text)
    QEI_IRQHandler                           0x100001bf   Thumb Code     0  startup_lpc17xx.o(.text)
    RIT_IRQHandler                           0x100001bf   Thumb Code     0  startup_lpc17xx.o(.text)
    RTC_IRQHandler                           0x100001bf   Thumb Code     0  startup_lpc17xx.o(.text)
    SPI_IRQHandler                           0x100001bf   Thumb Code     0  startup_lpc17xx.o(.text)
    SSP0_IRQHandler                          0x100001bf   Thumb Code     0  startup_lpc17xx.o(.text)
    SSP1_IRQHandler                          0x100001bf   Thumb Code     0  startup_lpc17xx.o(.text)
    TIMER0_IRQHandler                        0x100001bf   Thumb Code     0  startup_lpc17xx.o(.text)
    TIMER1_IRQHandler                        0x100001bf   Thumb Code     0  startup_lpc17xx.o(.text)
    TIMER2_IRQHandler                        0x100001bf   Thumb Code     0  startup_lpc17xx.o(.text)
    TIMER3_IRQHandler                        0x100001bf   Thumb Code     0  startup_lpc17xx.o(.text)
    UART1_IRQHandler                         0x100001bf   Thumb Code     0  startup_lpc17xx.o(.text)
    UART2_IRQHandler                         0x100001bf   Thumb Code     0  startup_lpc17xx.o(.text)
    UART3_IRQHandler                         0x100001bf   Thumb Code     0  startup_lpc17xx.o(.text)
    USBActivity_IRQHandler                   0x100001bf   Thumb Code     0  startup_lpc17xx.o(.text)
    USB_IRQHandler                           0x100001bf   Thumb Code     0  startup_lpc17xx.o(.text)
    WDT_IRQHandler                           0x100001bf   Thumb Code     0  startup_lpc17xx.o(.text)
    __user_initial_stackheap                 0x100001c1   Thumb Code     0  startup_lpc17xx.o(.text)
    __aeabi_memcpy4                          0x100001e1   Thumb Code     0  rt_memcpy_w.o(.text)
    __aeabi_memcpy8                          0x100001e1   Thumb Code     0  rt_memcpy_w.o(.text)
    __rt_memcpy_w                            0x100001e1   Thumb Code   100  rt_memcpy_w.o(.text)
    _memcpy_lastbytes_aligned                0x10000229   Thumb Code     0  rt_memcpy_w.o(.text)
    __use_two_region_memory                  0x10000245   Thumb Code     2  heapauxi.o(.text)
    __rt_heap_escrow$2region                 0x10000247   Thumb Code     2  heapauxi.o(.text)
    __rt_heap_expand$2region                 0x10000249   Thumb Code     2  heapauxi.o(.text)
    __user_setup_stackheap                   0x1000024b   Thumb Code    74  sys_stackheap_outer.o(.text)
    exit                                     0x10000295   Thumb Code    18  exit.o(.text)
    __user_libspace                          0x100002a9   Thumb Code     8  libspace.o(.text)
    __user_perproc_libspace                  0x100002a9   Thumb Code     0  libspace.o(.text)
    __user_perthread_libspace                0x100002a9   Thumb Code     0  libspace.o(.text)
    _sys_exit                                0x100002b1   Thumb Code     8  sys_exit.o(.text)
    __I$use$semihosting                      0x100002bd   Thumb Code     0  use_no_semi.o(.text)
    __use_no_semihosting_swi                 0x100002bd   Thumb Code     2  use_no_semi.o(.text)
    __semihosting_library_function           0x100002bf   Thumb Code     0  indicate_semi.o(.text)
    KCD_handler                              0x100002c1   Thumb Code   160  kcd_task.o(i.KCD_handler)
    SVC_Handler                              0x100003b5   Thumb Code   216  k_task.o(i.SVC_Handler)
    SystemInit                               0x1000048d   Thumb Code   192  system_lpc17xx.o(i.SystemInit)
    UART0_IRQHandler                         0x10000559   Thumb Code   216  uart_irq.o(i.UART0_IRQHandler)
    _init_message                            0x100006a3   Thumb Code    28  kcd_task.o(i._init_message)
    _k_mbx_create                            0x100006c1   Thumb Code    74  k_msg.o(i._k_mbx_create)
    _k_recv_msg_nb                           0x10000735   Thumb Code    96  k_msg.o(i._k_recv_msg_nb)
    _k_send_msg_nb                           0x100007c5   Thumb Code   112  k_msg.o(i._k_send_msg_nb)
    ae_init_new                              0x1000086d   Thumb Code    36  ae.o(i.ae_init_new)
    ae_set_init_tasks_info                   0x10000891   Thumb Code    10  ae.o(i.ae_set_init_tasks_info)
    ae_set_sys_info                          0x1000089b   Thumb Code    20  ae.o(i.ae_set_sys_info)
    block_sender                             0x100008b1   Thumb Code    20  k_msg.o(i.block_sender)
    block_task                               0x100008cd   Thumb Code    46  k_task.o(i.block_task)
    check_task_valid                         0x10000901   Thumb Code    30  k_task.o(i.check_task_valid)
    child_index_to_parent_index              0x10000925   Thumb Code    20  k_mem_util.o(i.child_index_to_parent_index)
    cleanup_mailbox                          0x10000939   Thumb Code    12  k_msg_util.o(i.cleanup_mailbox)
    clear_string                             0x10000945   Thumb Code    20  kcd_task.o(i.clear_string)
    coalesce_buddies                         0x10000961   Thumb Code    76  k_mem_util.o(i.coalesce_buddies)
    copy                                     0x100009ad   Thumb Code    32  kcd_task.o(i.copy)
    dump_mailboxes                           0x100009cd   Thumb Code    42  ae_tasks_util.o(i.dump_mailboxes)
    dump_mbx_info                            0x10000a11   Thumb Code    34  ae_tasks_util.o(i.dump_mbx_info)
    dump_task_info                           0x10000a79   Thumb Code   104  ae_tasks_util.o(i.dump_task_info)
    dump_tasks                               0x10000bd9   Thumb Code    54  ae_tasks_util.o(i.dump_tasks)
    enqueue_back                             0x10000c29   Thumb Code    36  k_task_util.o(i.enqueue_back)
    enqueue_front                            0x10000c4d   Thumb Code    36  k_task_util.o(i.enqueue_front)
    error_message                            0x10000c71   Thumb Code    36  kcd_task.o(i.error_message)
    getIRAM                                  0x10000c95   Thumb Code    12  k_mem.o(i.getIRAM)
    get_index                                0x10000ca1   Thumb Code    42  kcd_task.o(i.get_index)
    get_msg_length                           0x10000ccb   Thumb Code     6  k_msg_util.o(i.get_msg_length)
    get_next_tid                             0x10000cd1   Thumb Code    38  k_task.o(i.get_next_tid)
    get_ring_buffer_free_bytes               0x10000d01   Thumb Code    10  k_msg_util.o(i.get_ring_buffer_free_bytes)
    get_side                                 0x10000d0b   Thumb Code     8  k_mem_util.o(i.get_side)
    get_state                                0x10000d15   Thumb Code    36  kcd_task.o(i.get_state)
    get_used_block                           0x10000d61   Thumb Code    22  k_mem_util.o(i.get_used_block)
    height_to_size                           0x10000d7d   Thumb Code    18  k_mem_util.o(i.height_to_size)
    index_to_pointer                         0x10000d95   Thumb Code    36  k_mem_util.o(i.index_to_pointer)
    index_to_relative_index                  0x10000dc1   Thumb Code    10  k_mem_util.o(i.index_to_relative_index)
    init_list                                0x10000dcb   Thumb Code     6  k_mem_util.o(i.init_list)
    init_mailbox                             0x10000dd1   Thumb Code    54  k_msg_util.o(i.init_mailbox)
    init_printf                              0x10000e09   Thumb Code     8  printf.o(i.init_printf)
    init_queue                               0x10000e15   Thumb Code     8  k_task_util.o(i.init_queue)
    init_queues                              0x10000e1d   Thumb Code    30  k_task_util.o(i.init_queues)
    init_ring_buffer_queue                   0x10000e45   Thumb Code    12  k_msg_util.o(i.init_ring_buffer_queue)
    is_buddy_free                            0x10000e51   Thumb Code    42  k_mem_util.o(i.is_buddy_free)
    k_alloc_k_stack                          0x10000e7d   Thumb Code    36  k_mem.o(i.k_alloc_k_stack)
    k_alloc_p_stack                          0x10000ea9   Thumb Code    32  k_mem.o(i.k_alloc_p_stack)
    k_mbx_cleanup                            0x10000ed1   Thumb Code    42  k_msg.o(i.k_mbx_cleanup)
    k_mbx_create                             0x10000f05   Thumb Code    10  k_msg.o(i.k_mbx_create)
    k_mbx_get                                0x10000f15   Thumb Code    74  k_msg.o(i.k_mbx_get)
    k_mbx_ls                                 0x10000f81   Thumb Code   108  k_msg.o(i.k_mbx_ls)
    k_mem_init                               0x10001019   Thumb Code    52  k_mem.o(i.k_mem_init)
    k_mpool_alloc                            0x10001075   Thumb Code   176  k_mem.o(i.k_mpool_alloc)
    k_mpool_create                           0x10001159   Thumb Code   184  k_mem.o(i.k_mpool_create)
    k_mpool_dealloc                          0x10001279   Thumb Code   166  k_mem.o(i.k_mpool_dealloc)
    k_mpool_dump                             0x1000135d   Thumb Code   104  k_mem.o(i.k_mpool_dump)
    k_pre_rtx_init                           0x10001415   Thumb Code    30  k_rtx_init.o(i.k_pre_rtx_init)
    k_recv_msg                               0x10001435   Thumb Code   110  k_msg.o(i.k_recv_msg)
    k_recv_msg_nb                            0x100014cd   Thumb Code    10  k_msg.o(i.k_recv_msg_nb)
    k_rtx_init                               0x100014dd   Thumb Code    66  k_rtx_init.o(i.k_rtx_init)
    k_send_msg                               0x10001525   Thumb Code   108  k_msg.o(i.k_send_msg)
    k_send_msg_nb                            0x100015c5   Thumb Code    10  k_msg.o(i.k_send_msg_nb)
    k_tsk_create                             0x100015d5   Thumb Code   162  k_task.o(i.k_tsk_create)
    k_tsk_create_new                         0x100016e1   Thumb Code   208  k_task.o(i.k_tsk_create_new)
    k_tsk_exit                               0x100017c1   Thumb Code    48  k_task.o(i.k_tsk_exit)
    k_tsk_get                                0x10001815   Thumb Code   150  k_task.o(i.k_tsk_get)
    k_tsk_gettid                             0x100018f5   Thumb Code     8  k_task.o(i.k_tsk_gettid)
    k_tsk_init                               0x10001901   Thumb Code   194  k_task.o(i.k_tsk_init)
    k_tsk_init_daemons                       0x100019d5   Thumb Code   154  k_task.o(i.k_tsk_init_daemons)
    k_tsk_init_first                         0x10001a89   Thumb Code    22  k_task.o(i.k_tsk_init_first)
    k_tsk_ls                                 0x10001aa5   Thumb Code    92  k_task.o(i.k_tsk_ls)
    k_tsk_run_new                            0x10001b29   Thumb Code    98  k_task.o(i.k_tsk_run_new)
    k_tsk_run_new_helper                     0x10001b95   Thumb Code    58  k_task.o(i.k_tsk_run_new_helper)
    k_tsk_set_prio                           0x10001bd9   Thumb Code   180  k_task.o(i.k_tsk_set_prio)
    k_tsk_yield                              0x10001cd9   Thumb Code    12  k_task.o(i.k_tsk_yield)
    list_empty                               0x10001ce9   Thumb Code    20  k_mem_util.o(i.list_empty)
    log_2                                    0x10001cfd   Thumb Code    14  k_mem_util.o(i.log_2)
    main                                     0x10001d0d   Thumb Code    72  main.o(i.main)
    mark_index_as_unused                     0x10001d61   Thumb Code    52  k_mem_util.o(i.mark_index_as_unused)
    mark_index_as_used                       0x10001d99   Thumb Code    32  k_mem_util.o(i.mark_index_as_used)
    parent_index_to_child_index              0x10001db9   Thumb Code    26  k_mem_util.o(i.parent_index_to_child_index)
    peek_ring_buffer                         0x10001dd3   Thumb Code    22  k_msg_util.o(i.peek_ring_buffer)
    pointer_to_height                        0x10001de9   Thumb Code    38  k_mem_util.o(i.pointer_to_height)
    pointer_to_index                         0x10001e11   Thumb Code    44  k_mem_util.o(i.pointer_to_index)
    pop_node                                 0x10001e45   Thumb Code    22  k_mem_util.o(i.pop_node)
    pop_ring_buffer                          0x10001e5b   Thumb Code    80  k_msg_util.o(i.pop_ring_buffer)
    prio_to_array_index                      0x10001eab   Thumb Code    14  k_task_util.o(i.prio_to_array_index)
    priv_task1                               0x10001eb9   Thumb Code   268  ae_tasks.o(i.priv_task1)
    push_node                                0x100020bd   Thumb Code    12  k_mem_util.o(i.push_node)
    push_ring_buffer                         0x100020c9   Thumb Code    74  k_msg_util.o(i.push_ring_buffer)
    putc                                     0x10002115   Thumb Code    16  uart_polling.o(i.putc)
    queue_pop                                0x1000219d   Thumb Code    20  k_task_util.o(i.queue_pop)
    relative_index_to_index                  0x100021b1   Thumb Code    10  k_mem_util.o(i.relative_index_to_index)
    remove_tcb_given_tid                     0x100021bd   Thumb Code    76  k_task_util.o(i.remove_tcb_given_tid)
    scheduler                                0x1000220d   Thumb Code    36  k_task.o(i.scheduler)
    set_ae_init_tasks                        0x10002239   Thumb Code    16  ae_tasks.o(i.set_ae_init_tasks)
    set_ae_tasks                             0x1000224d   Thumb Code    48  ae_tasks.o(i.set_ae_tasks)
    set_used_block                           0x10002285   Thumb Code    34  k_mem_util.o(i.set_used_block)
    size_to_height                           0x100022ad   Thumb Code    40  k_mem_util.o(i.size_to_height)
    split_block                              0x100022d9   Thumb Code    92  k_mem_util.o(i.split_block)
    strlen                                   0x10002359   Thumb Code    18  kcd_task.o(i.strlen)
    task1                                    0x1000236d   Thumb Code   174  ae_tasks.o(i.task1)
    task2                                    0x100024bd   Thumb Code    36  ae_tasks.o(i.task2)
    task_cdisp                               0x100024f5   Thumb Code    44  cdisp_task.o(i.task_cdisp)
    task_kcd                                 0x10002525   Thumb Code   190  kcd_task.o(i.task_kcd)
    task_null                                0x10002619   Thumb Code    24  null_task.o(i.task_null)
    tfp_format                               0x10002665   Thumb Code   242  printf.o(i.tfp_format)
    tfp_printf                               0x10002759   Thumb Code    24  printf.o(i.tfp_printf)
    tfp_sprintf                              0x10002775   Thumb Code    30  printf.o(i.tfp_sprintf)
    uart_init                                0x10002799   Thumb Code    82  uart_polling.o(i.uart_init)
    uart_irq_init                            0x100027f9   Thumb Code   118  uart_irq.o(i.uart_irq_init)
    uart_put_char                            0x10002881   Thumb Code    30  uart_polling.o(i.uart_put_char)
    uart_put_string                          0x100028a9   Thumb Code    34  uart_polling.o(i.uart_put_string)
    unblock_all_senders                      0x1000291d   Thumb Code    22  k_msg.o(i.unblock_all_senders)
    unblock_senders                          0x10002935   Thumb Code   112  k_msg.o(i.unblock_senders)
    unblock_task                             0x100029a9   Thumb Code    58  k_task.o(i.unblock_task)
    validate_receive_message                 0x100029e9   Thumb Code    52  k_msg_util.o(i.validate_receive_message)
    validate_send_message                    0x10002a21   Thumb Code    82  k_msg_util.o(i.validate_send_message)
    g_k_stack_size                           0x10002a7c   Data           4  k_mem.o(.constdata)
    Region$$Table$$Base                      0x10002ac8   Number         0  anon$$obj.o(Region$$Table)
    Region$$Table$$Limit                     0x10002ae8   Number         0  anon$$obj.o(Region$$Table)
    g_send_char                              0x10003000   Data           1  uart_irq.o(.data)
    g_switch_flag                            0x10003001   Data           1  uart_irq.o(.data)
    g_char_in                                0x10003002   Data           1  uart_irq.o(.data)
    g_buffer                                 0x10003003   Data          16  uart_irq.o(.data)
    errno                                    0x10003014   Data           4  k_rtx_init.o(.data)
    g_largest_tid                            0x10003018   Data           1  k_task.o(.data)
    gp_current_task                          0x1000301c   Data           4  k_task.o(.data)
    g_num_active_tasks                       0x10003020   Data           4  k_task.o(.data)
    SET_IRAM2_SIZE_LOG2                      0x10003024   Data           4  k_mem_util.o(.data)
    SET_IRAM1_SIZE_LOG2                      0x10003028   Data           4  k_mem_util.o(.data)
    SET_IRAM1_BASE                           0x1000302c   Data           4  k_mem_util.o(.data)
    dormant_TCB_queue                        0x10003030   Data           8  k_task_util.o(.data)
    count                                    0x10003040   Data           4  kcd_task.o(.data)
    g_k_stacks                               0x10003058   Data       12288  k_mem.o(.bss)
    g_p_stacks                               0x10006058   Data         512  k_mem.o(.bss)
    mailboxes                                0x10006258   Data         512  k_msg.o(.bss)
    mailbox_uart                             0x10006458   Data          32  k_msg.o(.bss)
    blocked_sender_bufs                      0x10006478   Data          64  k_msg.o(.bss)
    g_tcbs                                   0x100064b8   Data         576  k_task.o(.bss)
    free_lists                               0x100066f8   Data         176  k_mem_util.o(.bss)
    used_blocks                              0x100067a8   Data         512  k_mem_util.o(.bss)
    ready_TCB_queues                         0x100069a8   Data          40  k_task_util.o(.bss)
    cmds                                     0x100069d0   Data          62  kcd_task.o(.bss)
    string                                   0x10006a0e   Data          64  kcd_task.o(.bss)
    __libspace_start                         0x10006a50   Data          96  libspace.o(.bss)
    __temporary_stack_top$libspace           0x10006ab0   Data           0  libspace.o(.bss)
    g_init_tasks                             0x10006ab0   Data          24  ae_tasks.o(.bss)
    g_buf1                                   0x10006ac8   Data         128  ae_tasks.o(.bss)
    g_buf2                                   0x10006b48   Data         128  ae_tasks.o(.bss)
    g_tasks                                  0x10006bc8   Data          16  ae_tasks.o(.bss)



==============================================================================

Memory Map of the image

  Image Entry point : 0x100000cd

  Load Region LR_IROM1 (Base: 0x10000000, Size: 0x00002b3c, Max: 0x00003000, ABSOLUTE)

    Execution Region ER_IROM1 (Exec base: 0x10000000, Load base: 0x10000000, Size: 0x00002ae8, Max: 0x00003000, ABSOLUTE)

    Exec Addr    Load Addr    Size         Type   Attr      Idx    E Section Name        Object

    0x10000000   0x10000000   0x000000cc   Data   RO         1114    RESET               startup_lpc17xx.o
    0x100000cc   0x100000cc   0x00000008   Code   RO         1163  * !!!main             c_w.l(__main.o)
    0x100000d4   0x100000d4   0x00000034   Code   RO         1523    !!!scatter          c_w.l(__scatter.o)
    0x10000108   0x10000108   0x0000001a   Code   RO         1525    !!handler_copy      c_w.l(__scatter_copy.o)
    0x10000122   0x10000122   0x00000002   PAD
    0x10000124   0x10000124   0x0000001c   Code   RO         1527    !!handler_zi        c_w.l(__scatter_zi.o)
    0x10000140   0x10000140   0x00000002   Code   RO         1260    .ARM.Collect$$libinit$$00000000  c_w.l(libinit.o)
    0x10000142   0x10000142   0x00000000   Code   RO         1313    .ARM.Collect$$libinit$$00000002  c_w.l(libinit2.o)
    0x10000142   0x10000142   0x00000000   Code   RO         1315    .ARM.Collect$$libinit$$00000004  c_w.l(libinit2.o)
    0x10000142   0x10000142   0x00000000   Code   RO         1318    .ARM.Collect$$libinit$$0000000A  c_w.l(libinit2.o)
    0x10000142   0x10000142   0x00000000   Code   RO         1320    .ARM.Collect$$libinit$$0000000C  c_w.l(libinit2.o)
    0x10000142   0x10000142   0x00000000   Code   RO         1322    .ARM.Collect$$libinit$$0000000E  c_w.l(libinit2.o)
    0x10000142   0x10000142   0x00000000   Code   RO         1325    .ARM.Collect$$libinit$$00000011  c_w.l(libinit2.o)
    0x10000142   0x10000142   0x00000000   Code   RO         1327    .ARM.Collect$$libinit$$00000013  c_w.l(libinit2.o)
    0x10000142   0x10000142   0x00000000   Code   RO         1329    .ARM.Collect$$libinit$$00000015  c_w.l(libinit2.o)
    0x10000142   0x10000142   0x00000000   Code   RO         1331    .ARM.Collect$$libinit$$00000017  c_w.l(libinit2.o)
    0x10000142   0x10000142   0x00000000   Code   RO         1333    .ARM.Collect$$libinit$$00000019  c_w.l(libinit2.o)
    0x10000142   0x10000142   0x00000000   Code   RO         1335    .ARM.Collect$$libinit$$0000001B  c_w.l(libinit2.o)
    0x10000142   0x10000142   0x00000000   Code   RO         1337    .ARM.Collect$$libinit$$0000001D  c_w.l(libinit2.o)
    0x10000142   0x10000142   0x00000000   Code   RO         1339    .ARM.Collect$$libinit$$0000001F  c_w.l(libinit2.o)
    0x10000142   0x10000142   0x00000000   Code   RO         1341    .ARM.Collect$$libinit$$00000021  c_w.l(libinit2.o)
    0x10000142   0x10000142   0x00000000   Code   RO         1343    .ARM.Collect$$libinit$$00000023  c_w.l(libinit2.o)
    0x10000142   0x10000142   0x00000000   Code   RO         1345    .ARM.Collect$$libinit$$00000025  c_w.l(libinit2.o)
    0x10000142   0x10000142   0x00000000   Code   RO         1349    .ARM.Collect$$libinit$$0000002C  c_w.l(libinit2.o)
    0x10000142   0x10000142   0x00000000   Code   RO         1351    .ARM.Collect$$libinit$$0000002E  c_w.l(libinit2.o)
    0x10000142   0x10000142   0x00000000   Code   RO         1353    .ARM.Collect$$libinit$$00000030  c_w.l(libinit2.o)
    0x10000142   0x10000142   0x00000000   Code   RO         1355    .ARM.Collect$$libinit$$00000032  c_w.l(libinit2.o)
    0x10000142   0x10000142   0x00000002   Code   RO         1356    .ARM.Collect$$libinit$$00000033  c_w.l(libinit2.o)
    0x10000144   0x10000144   0x00000002   Code   RO         1480    .ARM.Collect$$libshutdown$$00000000  c_w.l(libshutdown.o)
    0x10000146   0x10000146   0x00000000   Code   RO         1506    .ARM.Collect$$libshutdown$$00000002  c_w.l(libshutdown2.o)
    0x10000146   0x10000146   0x00000000   Code   RO         1508    .ARM.Collect$$libshutdown$$00000004  c_w.l(libshutdown2.o)
    0x10000146   0x10000146   0x00000000   Code   RO         1511    .ARM.Collect$$libshutdown$$00000007  c_w.l(libshutdown2.o)
    0x10000146   0x10000146   0x00000000   Code   RO         1514    .ARM.Collect$$libshutdown$$0000000A  c_w.l(libshutdown2.o)
    0x10000146   0x10000146   0x00000000   Code   RO         1516    .ARM.Collect$$libshutdown$$0000000C  c_w.l(libshutdown2.o)
    0x10000146   0x10000146   0x00000000   Code   RO         1519    .ARM.Collect$$libshutdown$$0000000F  c_w.l(libshutdown2.o)
    0x10000146   0x10000146   0x00000002   Code   RO         1520    .ARM.Collect$$libshutdown$$00000010  c_w.l(libshutdown2.o)
    0x10000148   0x10000148   0x00000000   Code   RO         1165    .ARM.Collect$$rtentry$$00000000  c_w.l(__rtentry.o)
    0x10000148   0x10000148   0x00000000   Code   RO         1171    .ARM.Collect$$rtentry$$00000002  c_w.l(__rtentry2.o)
    0x10000148   0x10000148   0x00000006   Code   RO         1183    .ARM.Collect$$rtentry$$00000004  c_w.l(__rtentry4.o)
    0x1000014e   0x1000014e   0x00000000   Code   RO         1173    .ARM.Collect$$rtentry$$00000009  c_w.l(__rtentry2.o)
    0x1000014e   0x1000014e   0x00000004   Code   RO         1174    .ARM.Collect$$rtentry$$0000000A  c_w.l(__rtentry2.o)
    0x10000152   0x10000152   0x00000000   Code   RO         1176    .ARM.Collect$$rtentry$$0000000C  c_w.l(__rtentry2.o)
    0x10000152   0x10000152   0x00000008   Code   RO         1177    .ARM.Collect$$rtentry$$0000000D  c_w.l(__rtentry2.o)
    0x1000015a   0x1000015a   0x00000002   Code   RO         1304    .ARM.Collect$$rtexit$$00000000  c_w.l(rtexit.o)
    0x1000015c   0x1000015c   0x00000000   Code   RO         1419    .ARM.Collect$$rtexit$$00000002  c_w.l(rtexit2.o)
    0x1000015c   0x1000015c   0x00000004   Code   RO         1420    .ARM.Collect$$rtexit$$00000003  c_w.l(rtexit2.o)
    0x10000160   0x10000160   0x00000006   Code   RO         1421    .ARM.Collect$$rtexit$$00000004  c_w.l(rtexit2.o)
    0x10000166   0x10000166   0x00000002   PAD
    0x10000168   0x10000168   0x00000008   Code   RO          182    .emb_text           hal.o
    0x10000170   0x10000170   0x00000032   Code   RO          462    .emb_text           k_task.o
    0x100001a2   0x100001a2   0x00000002   PAD
    0x100001a4   0x100001a4   0x0000003c   Code   RO         1115    .text               startup_lpc17xx.o
    0x100001e0   0x100001e0   0x00000064   Code   RO         1159    .text               c_w.l(rt_memcpy_w.o)
    0x10000244   0x10000244   0x00000006   Code   RO         1161    .text               c_w.l(heapauxi.o)
    0x1000024a   0x1000024a   0x0000004a   Code   RO         1247    .text               c_w.l(sys_stackheap_outer.o)
    0x10000294   0x10000294   0x00000012   Code   RO         1249    .text               c_w.l(exit.o)
    0x100002a6   0x100002a6   0x00000002   PAD
    0x100002a8   0x100002a8   0x00000008   Code   RO         1301    .text               c_w.l(libspace.o)
    0x100002b0   0x100002b0   0x0000000c   Code   RO         1416    .text               c_w.l(sys_exit.o)
    0x100002bc   0x100002bc   0x00000002   Code   RO         1469    .text               c_w.l(use_no_semi.o)
    0x100002be   0x100002be   0x00000000   Code   RO         1471    .text               c_w.l(indicate_semi.o)
    0x100002be   0x100002be   0x00000002   PAD
    0x100002c0   0x100002c0   0x000000f4   Code   RO         1013    i.KCD_handler       kcd_task.o
    0x100003b4   0x100003b4   0x000000d8   Code   RO          463    i.SVC_Handler       k_task.o
    0x1000048c   0x1000048c   0x000000cc   Code   RO         1123    i.SystemInit        system_lpc17xx.o
    0x10000558   0x10000558   0x00000130   Code   RO           86    i.UART0_IRQHandler  uart_irq.o
    0x10000688   0x10000688   0x0000001a   Code   RO           87    i.__NVIC_EnableIRQ  uart_irq.o
    0x100006a2   0x100006a2   0x0000001c   Code   RO         1014    i._init_message     kcd_task.o
    0x100006be   0x100006be   0x00000002   PAD
    0x100006c0   0x100006c0   0x00000074   Code   RO          313    i._k_mbx_create     k_msg.o
    0x10000734   0x10000734   0x00000090   Code   RO          314    i._k_recv_msg_nb    k_msg.o
    0x100007c4   0x100007c4   0x000000a8   Code   RO          315    i._k_send_msg_nb    k_msg.o
    0x1000086c   0x1000086c   0x00000024   Code   RO         1262    i.ae_init_new       ae-lib-ram.lib(ae.o)
    0x10000890   0x10000890   0x0000000a   Code   RO         1263    i.ae_set_init_tasks_info  ae-lib-ram.lib(ae.o)
    0x1000089a   0x1000089a   0x00000014   Code   RO         1264    i.ae_set_sys_info   ae-lib-ram.lib(ae.o)
    0x100008ae   0x100008ae   0x00000002   PAD
    0x100008b0   0x100008b0   0x0000001c   Code   RO          316    i.block_sender      k_msg.o
    0x100008cc   0x100008cc   0x00000034   Code   RO          464    i.block_task        k_task.o
    0x10000900   0x10000900   0x00000024   Code   RO          465    i.check_task_valid  k_task.o
    0x10000924   0x10000924   0x00000014   Code   RO          613    i.child_index_to_parent_index  k_mem_util.o
    0x10000938   0x10000938   0x0000000c   Code   RO          836    i.cleanup_mailbox   k_msg_util.o
    0x10000944   0x10000944   0x0000001c   Code   RO         1015    i.clear_string      kcd_task.o
    0x10000960   0x10000960   0x0000004c   Code   RO          614    i.coalesce_buddies  k_mem_util.o
    0x100009ac   0x100009ac   0x00000020   Code   RO         1016    i.copy              kcd_task.o
    0x100009cc   0x100009cc   0x00000044   Code   RO         1433    i.dump_mailboxes    ae-lib-ram.lib(ae_tasks_util.o)
    0x10000a10   0x10000a10   0x00000068   Code   RO         1434    i.dump_mbx_info     ae-lib-ram.lib(ae_tasks_util.o)
    0x10000a78   0x10000a78   0x00000160   Code   RO         1435    i.dump_task_info    ae-lib-ram.lib(ae_tasks_util.o)
    0x10000bd8   0x10000bd8   0x00000050   Code   RO         1436    i.dump_tasks        ae-lib-ram.lib(ae_tasks_util.o)
    0x10000c28   0x10000c28   0x00000024   Code   RO          764    i.enqueue_back      k_task_util.o
    0x10000c4c   0x10000c4c   0x00000024   Code   RO          765    i.enqueue_front     k_task_util.o
    0x10000c70   0x10000c70   0x00000024   Code   RO         1017    i.error_message     kcd_task.o
    0x10000c94   0x10000c94   0x0000000c   Code   RO          234    i.getIRAM           k_mem.o
    0x10000ca0   0x10000ca0   0x0000002a   Code   RO         1018    i.get_index         kcd_task.o
    0x10000cca   0x10000cca   0x00000006   Code   RO          837    i.get_msg_length    k_msg_util.o
    0x10000cd0   0x10000cd0   0x00000030   Code   RO          466    i.get_next_tid      k_task.o
    0x10000d00   0x10000d00   0x0000000a   Code   RO          838    i.get_ring_buffer_free_bytes  k_msg_util.o
    0x10000d0a   0x10000d0a   0x00000008   Code   RO          615    i.get_side          k_mem_util.o
    0x10000d12   0x10000d12   0x00000002   PAD
    0x10000d14   0x10000d14   0x0000004c   Code   RO         1019    i.get_state         kcd_task.o
    0x10000d60   0x10000d60   0x0000001c   Code   RO          616    i.get_used_block    k_mem_util.o
    0x10000d7c   0x10000d7c   0x00000018   Code   RO          617    i.height_to_size    k_mem_util.o
    0x10000d94   0x10000d94   0x0000002c   Code   RO          618    i.index_to_pointer  k_mem_util.o
    0x10000dc0   0x10000dc0   0x0000000a   Code   RO          619    i.index_to_relative_index  k_mem_util.o
    0x10000dca   0x10000dca   0x00000006   Code   RO          620    i.init_list         k_mem_util.o
    0x10000dd0   0x10000dd0   0x00000036   Code   RO          839    i.init_mailbox      k_msg_util.o
    0x10000e06   0x10000e06   0x00000002   PAD
    0x10000e08   0x10000e08   0x0000000c   Code   RO          909    i.init_printf       printf.o
    0x10000e14   0x10000e14   0x00000008   Code   RO          766    i.init_queue        k_task_util.o
    0x10000e1c   0x10000e1c   0x00000028   Code   RO          767    i.init_queues       k_task_util.o
    0x10000e44   0x10000e44   0x0000000c   Code   RO          840    i.init_ring_buffer_queue  k_msg_util.o
    0x10000e50   0x10000e50   0x0000002a   Code   RO          621    i.is_buddy_free     k_mem_util.o
    0x10000e7a   0x10000e7a   0x00000002   PAD
    0x10000e7c   0x10000e7c   0x0000002c   Code   RO          235    i.k_alloc_k_stack   k_mem.o
    0x10000ea8   0x10000ea8   0x00000028   Code   RO          236    i.k_alloc_p_stack   k_mem.o
    0x10000ed0   0x10000ed0   0x00000034   Code   RO          317    i.k_mbx_cleanup     k_msg.o
    0x10000f04   0x10000f04   0x00000010   Code   RO          318    i.k_mbx_create      k_msg.o
    0x10000f14   0x10000f14   0x0000006c   Code   RO          319    i.k_mbx_get         k_msg.o
    0x10000f80   0x10000f80   0x00000098   Code   RO          320    i.k_mbx_ls          k_msg.o
    0x10001018   0x10001018   0x0000005c   Code   RO          237    i.k_mem_init        k_mem.o
    0x10001074   0x10001074   0x000000e4   Code   RO          238    i.k_mpool_alloc     k_mem.o
    0x10001158   0x10001158   0x00000120   Code   RO          239    i.k_mpool_create    k_mem.o
    0x10001278   0x10001278   0x000000e4   Code   RO          240    i.k_mpool_dealloc   k_mem.o
    0x1000135c   0x1000135c   0x000000b8   Code   RO          241    i.k_mpool_dump      k_mem.o
    0x10001414   0x10001414   0x0000001e   Code   RO          418    i.k_pre_rtx_init    k_rtx_init.o
    0x10001432   0x10001432   0x00000002   PAD
    0x10001434   0x10001434   0x00000098   Code   RO          321    i.k_recv_msg        k_msg.o
    0x100014cc   0x100014cc   0x00000010   Code   RO          322    i.k_recv_msg_nb     k_msg.o
    0x100014dc   0x100014dc   0x00000048   Code   RO          419    i.k_rtx_init        k_rtx_init.o
    0x10001524   0x10001524   0x000000a0   Code   RO          323    i.k_send_msg        k_msg.o
    0x100015c4   0x100015c4   0x00000010   Code   RO          324    i.k_send_msg_nb     k_msg.o
    0x100015d4   0x100015d4   0x0000010c   Code   RO          467    i.k_tsk_create      k_task.o
    0x100016e0   0x100016e0   0x000000e0   Code   RO          468    i.k_tsk_create_new  k_task.o
    0x100017c0   0x100017c0   0x00000054   Code   RO          469    i.k_tsk_exit        k_task.o
    0x10001814   0x10001814   0x000000e0   Code   RO          470    i.k_tsk_get         k_task.o
    0x100018f4   0x100018f4   0x0000000c   Code   RO          471    i.k_tsk_gettid      k_task.o
    0x10001900   0x10001900   0x000000d4   Code   RO          472    i.k_tsk_init        k_task.o
    0x100019d4   0x100019d4   0x000000b4   Code   RO          473    i.k_tsk_init_daemons  k_task.o
    0x10001a88   0x10001a88   0x0000001c   Code   RO          474    i.k_tsk_init_first  k_task.o
    0x10001aa4   0x10001aa4   0x00000084   Code   RO          475    i.k_tsk_ls          k_task.o
    0x10001b28   0x10001b28   0x0000006c   Code   RO          476    i.k_tsk_run_new     k_task.o
    0x10001b94   0x10001b94   0x00000044   Code   RO          477    i.k_tsk_run_new_helper  k_task.o
    0x10001bd8   0x10001bd8   0x00000100   Code   RO          478    i.k_tsk_set_prio    k_task.o
    0x10001cd8   0x10001cd8   0x00000010   Code   RO          479    i.k_tsk_yield       k_task.o
    0x10001ce8   0x10001ce8   0x00000014   Code   RO          622    i.list_empty        k_mem_util.o
    0x10001cfc   0x10001cfc   0x0000000e   Code   RO          623    i.log_2             k_mem_util.o
    0x10001d0a   0x10001d0a   0x00000002   PAD
    0x10001d0c   0x10001d0c   0x00000054   Code   RO         1189    i.main              ae-lib-ram.lib(main.o)
    0x10001d60   0x10001d60   0x00000038   Code   RO          624    i.mark_index_as_unused  k_mem_util.o
    0x10001d98   0x10001d98   0x00000020   Code   RO          625    i.mark_index_as_used  k_mem_util.o
    0x10001db8   0x10001db8   0x0000001a   Code   RO          626    i.parent_index_to_child_index  k_mem_util.o
    0x10001dd2   0x10001dd2   0x00000016   Code   RO          841    i.peek_ring_buffer  k_msg_util.o
    0x10001de8   0x10001de8   0x00000026   Code   RO          627    i.pointer_to_height  k_mem_util.o
    0x10001e0e   0x10001e0e   0x00000002   PAD
    0x10001e10   0x10001e10   0x00000034   Code   RO          628    i.pointer_to_index  k_mem_util.o
    0x10001e44   0x10001e44   0x00000016   Code   RO          629    i.pop_node          k_mem_util.o
    0x10001e5a   0x10001e5a   0x00000050   Code   RO          842    i.pop_ring_buffer   k_msg_util.o
    0x10001eaa   0x10001eaa   0x0000000e   Code   RO          768    i.prio_to_array_index  k_task_util.o
    0x10001eb8   0x10001eb8   0x00000204   Code   RO         1357    i.priv_task1        ae-lib-ram.lib(ae_tasks.o)
    0x100020bc   0x100020bc   0x0000000c   Code   RO          630    i.push_node         k_mem_util.o
    0x100020c8   0x100020c8   0x0000004a   Code   RO          843    i.push_ring_buffer  k_msg_util.o
    0x10002112   0x10002112   0x00000002   PAD
    0x10002114   0x10002114   0x00000038   Code   RO            4    i.putc              uart_polling.o
    0x1000214c   0x1000214c   0x00000046   Code   RO          910    i.putchw            printf.o
    0x10002192   0x10002192   0x0000000a   Code   RO          911    i.putcp             printf.o
    0x1000219c   0x1000219c   0x00000014   Code   RO          769    i.queue_pop         k_task_util.o
    0x100021b0   0x100021b0   0x0000000a   Code   RO          631    i.relative_index_to_index  k_mem_util.o
    0x100021ba   0x100021ba   0x00000002   PAD
    0x100021bc   0x100021bc   0x00000050   Code   RO          770    i.remove_tcb_given_tid  k_task_util.o
    0x1000220c   0x1000220c   0x0000002c   Code   RO          480    i.scheduler         k_task.o
    0x10002238   0x10002238   0x00000014   Code   RO         1358    i.set_ae_init_tasks  ae-lib-ram.lib(ae_tasks.o)
    0x1000224c   0x1000224c   0x00000038   Code   RO         1359    i.set_ae_tasks      ae-lib-ram.lib(ae_tasks.o)
    0x10002284   0x10002284   0x00000028   Code   RO          633    i.set_used_block    k_mem_util.o
    0x100022ac   0x100022ac   0x0000002c   Code   RO          634    i.size_to_height    k_mem_util.o
    0x100022d8   0x100022d8   0x00000080   Code   RO          635    i.split_block       k_mem_util.o
    0x10002358   0x10002358   0x00000012   Code   RO         1020    i.strlen            kcd_task.o
    0x1000236a   0x1000236a   0x00000002   PAD
    0x1000236c   0x1000236c   0x00000150   Code   RO         1360    i.task1             ae-lib-ram.lib(ae_tasks.o)
    0x100024bc   0x100024bc   0x00000038   Code   RO         1361    i.task2             ae-lib-ram.lib(ae_tasks.o)
    0x100024f4   0x100024f4   0x00000030   Code   RO          959    i.task_cdisp        cdisp_task.o
    0x10002524   0x10002524   0x000000f4   Code   RO         1021    i.task_kcd          kcd_task.o
    0x10002618   0x10002618   0x0000004c   Code   RO         1085    i.task_null         null_task.o
    0x10002664   0x10002664   0x000000f2   Code   RO          912    i.tfp_format        printf.o
    0x10002756   0x10002756   0x00000002   PAD
    0x10002758   0x10002758   0x0000001c   Code   RO          913    i.tfp_printf        printf.o
    0x10002774   0x10002774   0x00000024   Code   RO          914    i.tfp_sprintf       printf.o
    0x10002798   0x10002798   0x00000060   Code   RO            6    i.uart_init         uart_polling.o
    0x100027f8   0x100027f8   0x00000088   Code   RO           88    i.uart_irq_init     uart_irq.o
    0x10002880   0x10002880   0x00000028   Code   RO            7    i.uart_put_char     uart_polling.o
    0x100028a8   0x100028a8   0x00000022   Code   RO            8    i.uart_put_string   uart_polling.o
    0x100028ca   0x100028ca   0x00000052   Code   RO          915    i.ui2a              printf.o
    0x1000291c   0x1000291c   0x00000016   Code   RO          325    i.unblock_all_senders  k_msg.o
    0x10002932   0x10002932   0x00000002   PAD
    0x10002934   0x10002934   0x00000074   Code   RO          326    i.unblock_senders   k_msg.o
    0x100029a8   0x100029a8   0x00000040   Code   RO          481    i.unblock_task      k_task.o
    0x100029e8   0x100029e8   0x00000038   Code   RO          844    i.validate_receive_message  k_msg_util.o
    0x10002a20   0x10002a20   0x0000005c   Code   RO          845    i.validate_send_message  k_msg_util.o
    0x10002a7c   0x10002a7c   0x00000004   Data   RO          243    .constdata          k_mem.o
    0x10002a80   0x10002a80   0x00000048   Data   RO         1364    .conststring        ae-lib-ram.lib(ae_tasks.o)
    0x10002ac8   0x10002ac8   0x00000020   Data   RO         1521    Region$$Table       anon$$obj.o


    Execution Region RW_IRAM1 (Exec base: 0x10003000, Load base: 0x10002ae8, Size: 0x00003dd8, Max: 0x00004000, ABSOLUTE)

    Exec Addr    Load Addr    Size         Type   Attr      Idx    E Section Name        Object

    0x10003000   0x10002ae8   0x00000013   Data   RW           89    .data               uart_irq.o
    0x10003013   0x10002afb   0x00000001   PAD
    0x10003014   0x10002afc   0x00000004   Data   RW          420    .data               k_rtx_init.o
    0x10003018   0x10002b00   0x0000000c   Data   RW          483    .data               k_task.o
    0x10003024   0x10002b0c   0x0000000c   Data   RW          637    .data               k_mem_util.o
    0x10003030   0x10002b18   0x00000008   Data   RW          773    .data               k_task_util.o
    0x10003038   0x10002b20   0x00000008   Data   RW          916    .data               printf.o
    0x10003040   0x10002b28   0x00000004   Data   RW         1023    .data               kcd_task.o
    0x10003044   0x10002b2c   0x00000010   Data   RW         1190    .data               ae-lib-ram.lib(main.o)
    0x10003054   0x10002b3c   0x00000004   PAD
    0x10003058        -       0x00003200   Zero   RW          242    .bss                k_mem.o
    0x10006258        -       0x00000260   Zero   RW          327    .bss                k_msg.o
    0x100064b8        -       0x00000240   Zero   RW          482    .bss                k_task.o
    0x100066f8        -       0x000002b0   Zero   RW          636    .bss                k_mem_util.o
    0x100069a8        -       0x00000028   Zero   RW          772    .bss                k_task_util.o
    0x100069d0        -       0x0000007e   Zero   RW         1022    .bss                kcd_task.o
    0x10006a4e   0x10002b3c   0x00000002   PAD
    0x10006a50        -       0x00000060   Zero   RW         1302    .bss                c_w.l(libspace.o)
    0x10006ab0        -       0x00000128   Zero   RW         1363    .bss                ae-lib-ram.lib(ae_tasks.o)
    0x10006bd8        -       0x00000000   Zero   RW         1113    HEAP                startup_lpc17xx.o
    0x10006bd8        -       0x00000200   Zero   RW         1112    STACK               startup_lpc17xx.o


==============================================================================

Image component sizes


      Code (inc. data)   RO Data    RW Data    ZI Data      Debug   Object Name

        48          4          0          0          0        961   cdisp_task.o
         8          2          0          0          0       2566   hal.o
      1116        354          4          0      12800       7463   k_mem.o
       752         78          0         12        688      15828   k_mem_util.o
      1266        358          0          0        608       9900   k_msg.o
       418         14          0          0          0       6963   k_msg_util.o
       102          6          0          4          0       5642   k_rtx_init.o
      2322        484          0         12        576      19740   k_task.o
       234         14          0          8         40       5018   k_task_util.o
       748        186          0          4        126       8978   kcd_task.o
        76         52          0          0          0        492   null_task.o
       480         14          0          8          0       5462   printf.o
        60         22        204          0        512        804   startup_lpc17xx.o
       204         12          0          0          0        613   system_lpc17xx.o
       466        106          0         19          0      32322   uart_irq.o
       226         64          0          0          0      24167   uart_polling.o

    ----------------------------------------------------------------------
      8552       1770        240         68      15352     146919   Object Totals
         0          0         32          0          0          0   (incl. Generated)
        26          0          0          1          2          0   (incl. Padding)

    ----------------------------------------------------------------------

      Code (inc. data)   RO Data    RW Data    ZI Data      Debug   Library Member Name

        66          0          0          0          0       4312   ae.o
       984        442         72          0        296       4297   ae_tasks.o
       604        370          0          0          0       2943   ae_tasks_util.o
        84         12          0         16          0       4607   main.o
         8          0          0          0          0         68   __main.o
         0          0          0          0          0          0   __rtentry.o
        12          0          0          0          0          0   __rtentry2.o
         6          0          0          0          0          0   __rtentry4.o
        52          8          0          0          0          0   __scatter.o
        26          0          0          0          0          0   __scatter_copy.o
        28          0          0          0          0          0   __scatter_zi.o
        18          0          0          0          0         80   exit.o
         6          0          0          0          0        152   heapauxi.o
         0          0          0          0          0          0   indicate_semi.o
         2          0          0          0          0          0   libinit.o
         2          0          0          0          0          0   libinit2.o
         2          0          0          0          0          0   libshutdown.o
         2          0          0          0          0          0   libshutdown2.o
         8          4          0          0         96         68   libspace.o
       100          0          0          0          0         80   rt_memcpy_w.o
         2          0          0          0          0          0   rtexit.o
        10          0          0          0          0          0   rtexit2.o
        12          4          0          0          0         68   sys_exit.o
        74          0          0          0          0         80   sys_stackheap_outer.o
         2          0          0          0          0         68   use_no_semi.o

    ----------------------------------------------------------------------
      2120        840         72         16        396      16823   Library Totals
        10          0          0          0          4          0   (incl. Padding)

    ----------------------------------------------------------------------

      Code (inc. data)   RO Data    RW Data    ZI Data      Debug   Library Name

      1738        824         72         16        296      16159   ae-lib-ram.lib
       372         16          0          0         96        664   c_w.l

    ----------------------------------------------------------------------
      2120        840         72         16        396      16823   Library Totals

    ----------------------------------------------------------------------

==============================================================================


      Code (inc. data)   RO Data    RW Data    ZI Data      Debug   

     10672       2610        312         84      15748     157394   Grand Totals
     10672       2610        312         84      15748     157394   ELF Image Totals
     10672       2610        312         84          0          0   ROM Totals

==============================================================================

    Total RO  Size (Code + RO Data)                10984 (  10.73kB)
    Total RW  Size (RW Data + ZI Data)             15832 (  15.46kB)
    Total ROM Size (Code + RO Data + RW Data)      11068 (  10.81kB)

==============================================================================

