Component: ARM Compiler 5.06 update 6 (build 750) Tool: armlink [4d35ed]

==============================================================================

Section Cross References

    uart_polling.o(i.putc) refers to uart_polling.o(i.uart_put_string) for uart_put_string
    uart_polling.o(i.putc) refers to uart_polling.o(i.uart_put_char) for uart_put_char
    uart_polling.o(i.uart_put_string) refers to uart_polling.o(i.uart_put_char) for uart_put_char
    uart_irq.o(i.UART0_IRQHandler) refers to uart_polling.o(i.uart_put_string) for uart_put_string
    uart_irq.o(i.UART0_IRQHandler) refers to uart_polling.o(i.uart_put_char) for uart_put_char
    uart_irq.o(i.UART0_IRQHandler) refers to k_msg.o(i._k_send_msg_nb) for _k_send_msg_nb
    uart_irq.o(i.UART0_IRQHandler) refers to k_msg.o(i._k_recv_msg_nb) for _k_recv_msg_nb
    uart_irq.o(i.UART0_IRQHandler) refers to k_task.o(i.k_tsk_yield) for k_tsk_yield
    uart_irq.o(i.UART0_IRQHandler) refers to uart_irq.o(.data) for g_char_in
    uart_irq.o(i.uart_irq_init) refers to uart_irq.o(i.__NVIC_EnableIRQ) for __NVIC_EnableIRQ
    k_mem.o(i.k_alloc_k_stack) refers to k_rtx_init.o(.data) for errno
    k_mem.o(i.k_alloc_k_stack) refers to k_mem.o(.bss) for g_k_stacks
    k_mem.o(i.k_alloc_p_stack) refers to k_rtx_init.o(.data) for errno
    k_mem.o(i.k_alloc_p_stack) refers to k_mem.o(.bss) for g_p_stacks
    k_mem.o(i.k_mem_init) refers to printf.o(i.tfp_printf) for tfp_printf
    k_mem.o(i.k_mem_init) refers to k_mem.o(i.k_mpool_create) for k_mpool_create
    k_mem.o(i.k_mpool_alloc) refers to printf.o(i.tfp_printf) for tfp_printf
    k_mem.o(i.k_mpool_alloc) refers to k_mem.o(i.getIRAM) for getIRAM
    k_mem.o(i.k_mpool_alloc) refers to k_mem_util.o(i.size_to_height) for size_to_height
    k_mem.o(i.k_mpool_alloc) refers to k_mem_util.o(i.list_empty) for list_empty
    k_mem.o(i.k_mpool_alloc) refers to k_mem_util.o(i.pop_node) for pop_node
    k_mem.o(i.k_mpool_alloc) refers to k_mem_util.o(i.split_block) for split_block
    k_mem.o(i.k_mpool_alloc) refers to k_mem_util.o(i.height_to_size) for height_to_size
    k_mem.o(i.k_mpool_alloc) refers to k_mem_util.o(i.pointer_to_index) for pointer_to_index
    k_mem.o(i.k_mpool_alloc) refers to k_mem_util.o(i.mark_index_as_used) for mark_index_as_used
    k_mem.o(i.k_mpool_alloc) refers to k_rtx_init.o(.data) for errno
    k_mem.o(i.k_mpool_alloc) refers to k_mem_util.o(.bss) for free_lists
    k_mem.o(i.k_mpool_create) refers to printf.o(i.tfp_printf) for tfp_printf
    k_mem.o(i.k_mpool_create) refers to k_mem.o(i.getIRAM) for getIRAM
    k_mem.o(i.k_mpool_create) refers to k_mem_util.o(i.log_2) for log_2
    k_mem.o(i.k_mpool_create) refers to k_mem_util.o(i.init_list) for init_list
    k_mem.o(i.k_mpool_create) refers to k_mem_util.o(i.mark_index_as_unused) for mark_index_as_unused
    k_mem.o(i.k_mpool_create) refers to k_rtx_init.o(.data) for errno
    k_mem.o(i.k_mpool_create) refers to k_mem_util.o(.data) for SET_IRAM1_SIZE_LOG2
    k_mem.o(i.k_mpool_create) refers to k_mem_util.o(.bss) for free_lists
    k_mem.o(i.k_mpool_dealloc) refers to printf.o(i.tfp_printf) for tfp_printf
    k_mem.o(i.k_mpool_dealloc) refers to k_mem.o(i.getIRAM) for getIRAM
    k_mem.o(i.k_mpool_dealloc) refers to k_mem_util.o(i.pointer_to_height) for pointer_to_height
    k_mem.o(i.k_mpool_dealloc) refers to k_mem_util.o(i.pointer_to_index) for pointer_to_index
    k_mem.o(i.k_mpool_dealloc) refers to k_mem_util.o(i.mark_index_as_unused) for mark_index_as_unused
    k_mem.o(i.k_mpool_dealloc) refers to k_mem_util.o(i.get_side) for get_side
    k_mem.o(i.k_mpool_dealloc) refers to k_mem_util.o(i.index_to_pointer) for index_to_pointer
    k_mem.o(i.k_mpool_dealloc) refers to k_mem_util.o(i.coalesce_buddies) for coalesce_buddies
    k_mem.o(i.k_mpool_dealloc) refers to k_mem_util.o(i.child_index_to_parent_index) for child_index_to_parent_index
    k_mem.o(i.k_mpool_dealloc) refers to k_mem_util.o(i.is_buddy_free) for is_buddy_free
    k_mem.o(i.k_mpool_dealloc) refers to k_rtx_init.o(.data) for errno
    k_mem.o(i.k_mpool_dealloc) refers to k_mem_util.o(.data) for SET_IRAM1_BASE
    k_mem.o(i.k_mpool_dump) refers to printf.o(i.tfp_printf) for tfp_printf
    k_mem.o(i.k_mpool_dump) refers to k_mem.o(i.getIRAM) for getIRAM
    k_mem.o(i.k_mpool_dump) refers to k_mem_util.o(i.height_to_size) for height_to_size
    k_mem.o(i.k_mpool_dump) refers to k_mem_util.o(.bss) for free_lists
    k_msg.o(i._k_mbx_create) refers to printf.o(i.tfp_printf) for tfp_printf
    k_msg.o(i._k_mbx_create) refers to k_msg_util.o(i.init_mailbox) for init_mailbox
    k_msg.o(i._k_mbx_create) refers to k_msg.o(.bss) for mailbox_uart
    k_msg.o(i._k_mbx_create) refers to k_rtx_init.o(.data) for errno
    k_msg.o(i._k_recv_msg_nb) refers to printf.o(i.tfp_printf) for tfp_printf
    k_msg.o(i._k_recv_msg_nb) refers to k_msg_util.o(i.validate_receive_message) for validate_receive_message
[...]
    ../clib/libinit.s                        0x00000000   Number         0  libshutdown.o ABSOLUTE
    ../clib/libinit.s                        0x00000000   Number         0  libshutdown2.o ABSOLUTE
    ../clib/libinit.s                        0x00000000   Number         0  libinit2.o ABSOLUTE
    ../clib/libinit.s                        0x00000000   Number         0  libinit.o ABSOLUTE
    ../clib/longlong.s                       0x00000000   Number         0  lludivv7m.o ABSOLUTE
    ../clib/memcpset.s                       0x00000000   Number         0  rt_memcpy_w.o ABSOLUTE
    ../clib/signal.c                         0x00000000   Number         0  defsig_general.o ABSOLUTE
    ../clib/signal.c                         0x00000000   Number         0  __raise.o ABSOLUTE
    ../clib/signal.c                         0x00000000   Number         0  defsig_rtmem_outer.o ABSOLUTE
    ../clib/signal.c                         0x00000000   Number         0  defsig_fpe_inner.o ABSOLUTE
    ../clib/signal.c                         0x00000000   Number         0  defsig_exit.o ABSOLUTE
    ../clib/signal.c                         0x00000000   Number         0  defsig_other.o ABSOLUTE
    ../clib/signal.c                         0x00000000   Number         0  defsig_segv_inner.o ABSOLUTE
    ../clib/signal.c                         0x00000000   Number         0  defsig_cppl_inner.o ABSOLUTE
    ../clib/signal.c                         0x00000000   Number         0  defsig_pvfn_inner.o ABSOLUTE
    ../clib/signal.c                         0x00000000   Number         0  defsig_stak_inner.o ABSOLUTE
    ../clib/signal.c                         0x00000000   Number         0  defsig_rtmem_formal.o ABSOLUTE
    ../clib/signal.c                         0x00000000   Number         0  defsig_rtmem_inner.o ABSOLUTE
    ../clib/signal.c                         0x00000000   Number         0  defsig_fpe_formal.o ABSOLUTE
    ../clib/signal.c                         0x00000000   Number         0  defsig_fpe_outer.o ABSOLUTE
    ../clib/signal.c                         0x00000000   Number         0  defsig_rtred_inner.o ABSOLUTE
    ../clib/signal.c                         0x00000000   Number         0  defsig_abrt_inner.o ABSOLUTE
    ../clib/signal.s                         0x00000000   Number         0  defsig.o ABSOLUTE
    ../clib/stdlib.c                         0x00000000   Number         0  exit.o ABSOLUTE
    ../fplib/fpinit.s                        0x00000000   Number         0  fpinit.o ABSOLUTE
    RTE\Device\LPC1768\startup_LPC17xx.s     0x00000000   Number         0  startup_lpc17xx.o ABSOLUTE
    RTE\Device\LPC1768\system_LPC17xx.c      0x00000000   Number         0  system_lpc17xx.o ABSOLUTE
    RTE\\Device\\LPC1768\\system_LPC17xx.c   0x00000000   Number         0  system_lpc17xx.o ABSOLUTE
    dc.s                                     0x00000000   Number         0  dc.o ABSOLUTE
    src\\bsp\\LPC1768\\uart_irq.c            0x00000000   Number         0  uart_irq.o ABSOLUTE
    src\\bsp\\LPC1768\\uart_polling.c        0x00000000   Number         0  uart_polling.o ABSOLUTE
    src\\kernel\\HAL.c                       0x00000000   Number         0  hal.o ABSOLUTE
    src\\kernel\\k_mem.c                     0x00000000   Number         0  k_mem.o ABSOLUTE
    src\\kernel\\k_mem_util.c                0x00000000   Number         0  k_mem_util.o ABSOLUTE
    src\\kernel\\k_msg.c                     0x00000000   Number         0  k_msg.o ABSOLUTE
    src\\kernel\\k_msg_util.c                0x00000000   Number         0  k_msg_util.o ABSOLUTE
    src\\kernel\\k_rtx_init.c                0x00000000   Number         0  k_rtx_init.o ABSOLUTE
    src\\kernel\\k_task.c                    0x00000000   Number         0  k_task.o ABSOLUTE
    src\\kernel\\k_task_util.c               0x00000000   Number         0  k_task_util.o ABSOLUTE
    src\\main.c                              0x00000000   Number         0  main.o ABSOLUTE
    src\\tasks\\cdisp_task.c                 0x00000000   Number         0  cdisp_task.o ABSOLUTE
    src\\tasks\\null_task.c                  0x00000000   Number         0  null_task.o ABSOLUTE
    src\ae\ae.c                              0x00000000   Number         0  ae.o ABSOLUTE
    src\ae\ae_tasks5_G10.c                   0x00000000   Number         0  ae_tasks5_g10.o ABSOLUTE
    src\ae\ae_util.c                         0x00000000   Number         0  ae_util.o ABSOLUTE
    src\bsp\LPC1768\uart_irq.c               0x00000000   Number         0  uart_irq.o ABSOLUTE
    src\bsp\LPC1768\uart_polling.c           0x00000000   Number         0  uart_polling.o ABSOLUTE
    src\kernel\HAL.c                         0x00000000   Number         0  hal.o ABSOLUTE
    src\kernel\k_mem.c                       0x00000000   Number         0  k_mem.o ABSOLUTE
    src\kernel\k_mem_util.c                  0x00000000   Number         0  k_mem_util.o ABSOLUTE
    src\kernel\k_msg.c                       0x00000000   Number         0  k_msg.o ABSOLUTE
    src\kernel\k_msg_util.c                  0x00000000   Number         0  k_msg_util.o ABSOLUTE
    src\kernel\k_rtx_init.c                  0x00000000   Number         0  k_rtx_init.o ABSOLUTE
    src\kernel\k_task.c                      0x00000000   Number         0  k_task.o ABSOLUTE
    src\kernel\k_task_util.c                 0x00000000   Number         0  k_task_util.o ABSOLUTE
    src\libu\printf.c                        0x00000000   Number         0  printf.o ABSOLUTE
    src\main.c                               0x00000000   Number         0  main.o ABSOLUTE
    src\tasks\cdisp_task.c                   0x00000000   Number         0  cdisp_task.o ABSOLUTE
    src\tasks\kcd_task.c                     0x00000000   Number         0  kcd_task.o ABSOLUTE
    src\tasks\null_task.c                    0x00000000   Number         0  null_task.o ABSOLUTE
    !!!main                                  0x000000cc   Section        8  __main.o(!!!main)
    !!!scatter                               0x000000d4   Section       52  __scatter.o(!!!scatter)
    !!handler_copy                           0x00000108   Section       26  __scatter_copy.o(!!handler_copy)
    !!handler_zi                             0x00000124   Section       28  __scatter_zi.o(!!handler_zi)
    .ARM.Collect$$libinit$$00000000          0x00000140   Section        2  libinit.o(.ARM.Collect$$libinit$$00000000)
    .ARM.Collect$$libinit$$00000002          0x00000142   Section        0  libinit2.o(.ARM.Collect$$libinit$$00000002)
    .ARM.Collect$$libinit$$00000004          0x00000142   Section        0  libinit2.o(.ARM.Collect$$libinit$$00000004)
    .ARM.Collect$$libinit$$0000000A          0x00000142   Section        0  libinit2.o(.ARM.Collect$$libinit$$0000000A)
    .ARM.Collect$$libinit$$0000000C          0x00000142   Section        0  libinit2.o(.ARM.Collect$$libinit$$0000000C)
    .ARM.Collect$$libinit$$0000000E          0x00000142   Section        0  libinit2.o(.ARM.Collect$$libinit$$0000000E)
    .ARM.Collect$$libinit$$00000011          0x00000142   Section        0  libinit2.o(.ARM.Collect$$libinit$$00000011)
    .ARM.Collect$$libinit$$00000013          0x00000142   Section        0  libinit2.o(.ARM.Collect$$libinit$$00000013)
    .ARM.Collect$$libinit$$00000015          0x00000142   Section        0  libinit2.o(.ARM.Collect$$libinit$$00000015)
    .ARM.Collect$$libinit$$00000017          0x00000142   Section        0  libinit2.o(.ARM.Collect$$libinit$$00000017)
    .ARM.Collect$$libinit$$00000019          0x00000142   Section        0  libinit2.o(.ARM.Collect$$libinit$$00000019)
    .ARM.Collect$$libinit$$0000001B          0x00000142   Section        0  libinit2.o(.ARM.Collect$$libinit$$0000001B)
    .ARM.Collect$$libinit$$0000001D          0x00000142   Section        0  libinit2.o(.ARM.Collect$$libinit$$0000001D)
    .ARM.Collect$$libinit$$0000001F          0x00000142   Section        0  libinit2.o(.ARM.Collect$$libinit$$0000001F)
    .ARM.Collect$$libinit$$00000021          0x00000142   Section        0  libinit2.o(.ARM.Collect$$libinit$$00000021)
    .ARM.Collect$$libinit$$00000023          0x00000142   Section        0  libinit2.o(.ARM.Collect$$libinit$$00000023)
    .ARM.Collect$$libinit$$00000025          0x00000142   Section        0  libinit2.o(.ARM.Collect$$libinit$$00000025)
    .ARM.Collect$$libinit$$0000002C          0x00000142   Section        0  libinit2.o(.ARM.Collect$$libinit$$0000002C)
    .ARM.Collect$$libinit$$0000002E          0x00000142   Section        0  libinit2.o(.ARM.Collect$$libinit$$0000002E)
    .ARM.Collect$$libinit$$00000030          0x00000142   Section        0  libinit2.o(.ARM.Collect$$libinit$$00000030)
    .ARM.Collect$$libinit$$00000032          0x00000142   Section        0  libinit2.o(.ARM.Collect$$libinit$$00000032)
    .ARM.Collect$$libinit$$00000033          0x00000142   Section        2  libinit2.o(.ARM.Collect$$libinit$$00000033)
    .ARM.Collect$$libshutdown$$00000000      0x00000144   Section        2  libshutdown.o(.ARM.Collect$$libshutdown$$00000000)
    .ARM.Collect$$libshutdown$$00000002      0x00000146   Section        0  libshutdown2.o(.ARM.Collect$$libshutdown$$00000002)
    .ARM.Collect$$libshutdown$$00000004      0x00000146   Section        0  libshutdown2.o(.ARM.Collect$$libshutdown$$00000004)
    .ARM.Collect$$libshutdown$$00000007      0x00000146   Section        0  libshutdown2.o(.ARM.Collect$$libshutdown$$00000007)
    .ARM.Collect$$libshutdown$$0000000A      0x00000146   Section        0  libshutdown2.o(.ARM.Collect$$libshutdown$$0000000A)
    .ARM.Collect$$libshutdown$$0000000C      0x00000146   Section        0  libshutdown2.o(.ARM.Collect$$libshutdown$$0000000C)
    .ARM.Collect$$libshutdown$$0000000F      0x00000146   Section        0  libshutdown2.o(.ARM.Collect$$libshutdown$$0000000F)
    .ARM.Collect$$libshutdown$$00000010      0x00000146   Section        2  libshutdown2.o(.ARM.Collect$$libshutdown$$00000010)
    .ARM.Collect$$rtentry$$00000000          0x00000148   Section        0  __rtentry.o(.ARM.Collect$$rtentry$$00000000)
    .ARM.Collect$$rtentry$$00000002          0x00000148   Section        0  __rtentry2.o(.ARM.Collect$$rtentry$$00000002)
    .ARM.Collect$$rtentry$$00000004          0x00000148   Section        6  __rtentry4.o(.ARM.Collect$$rtentry$$00000004)
    .ARM.Collect$$rtentry$$00000009          0x0000014e   Section        0  __rtentry2.o(.ARM.Collect$$rtentry$$00000009)
    .ARM.Collect$$rtentry$$0000000A          0x0000014e   Section        4  __rtentry2.o(.ARM.Collect$$rtentry$$0000000A)
    .ARM.Collect$$rtentry$$0000000C          0x00000152   Section        0  __rtentry2.o(.ARM.Collect$$rtentry$$0000000C)
    .ARM.Collect$$rtentry$$0000000D          0x00000152   Section        8  __rtentry2.o(.ARM.Collect$$rtentry$$0000000D)
    .ARM.Collect$$rtexit$$00000000           0x0000015a   Section        2  rtexit.o(.ARM.Collect$$rtexit$$00000000)
    .ARM.Collect$$rtexit$$00000002           0x0000015c   Section        0  rtexit2.o(.ARM.Collect$$rtexit$$00000002)
    .ARM.Collect$$rtexit$$00000003           0x0000015c   Section        4  rtexit2.o(.ARM.Collect$$rtexit$$00000003)
    .ARM.Collect$$rtexit$$00000004           0x00000160   Section        6  rtexit2.o(.ARM.Collect$$rtexit$$00000004)
    .emb_text                                0x00000168   Section        8  hal.o(.emb_text)
    .emb_text                                0x00000170   Section       50  k_task.o(.emb_text)
    .text                                    0x000001a4   Section       60  startup_lpc17xx.o(.text)
    .text                                    0x000001e0   Section      100  rt_memcpy_w.o(.text)
    .text                                    0x00000244   Section        0  heapauxi.o(.text)
    .text                                    0x0000024a   Section       74  sys_stackheap_outer.o(.text)
    .text                                    0x00000294   Section        0  exit.o(.text)
    .text                                    0x000002a8   Section        8  libspace.o(.text)
    .text                                    0x000002b0   Section        0  sys_exit.o(.text)
    .text                                    0x000002bc   Section        2  use_no_semi.o(.text)
    .text                                    0x000002be   Section        0  indicate_semi.o(.text)
    i.HardFault_Handler                      0x000002c0   Section        0  ae_util.o(i.HardFault_Handler)
    i.ae_exit                                0x000002ec   Section        0  ae_util.o(i.ae_exit)
    i.get_msg_length                         0x000002f0   Section        0  k_msg_util.o(i.get_msg_length)
    .ARM.__at_0x02FC                         0x000002fc   Section        4  startup_lpc17xx.o(.ARM.__at_0x02FC)
    i.KCD_handler                            0x00000300   Section        0  kcd_task.o(i.KCD_handler)
    i.SVC_Handler                            0x0000040c   Section        0  k_task.o(i.SVC_Handler)
    i.SystemInit                             0x00000514   Section        0  system_lpc17xx.o(i.SystemInit)
    i.UART0_IRQHandler                       0x00000654   Section        0  uart_irq.o(i.UART0_IRQHandler)
    i.__NVIC_EnableIRQ                       0x00000794   Section        0  uart_irq.o(i.__NVIC_EnableIRQ)
    __NVIC_EnableIRQ                         0x00000795   Thumb Code    34  uart_irq.o(i.__NVIC_EnableIRQ)
    i._init_message                          0x000007b6   Section        0  kcd_task.o(i._init_message)
    i._k_mbx_create                          0x000007ec   Section        0  k_msg.o(i._k_mbx_create)
    i._k_recv_msg_nb                         0x00000874   Section        0  k_msg.o(i._k_recv_msg_nb)
    i._k_send_msg_nb                         0x0000090c   Section        0  k_msg.o(i._k_send_msg_nb)
    i.a2d                                    0x000009d4   Section        0  printf.o(i.a2d)
    a2d                                      0x000009d5   Thumb Code    50  printf.o(i.a2d)
    i.a2i                                    0x00000a06   Section        0  printf.o(i.a2i)
    a2i                                      0x00000a07   Thumb Code    58  printf.o(i.a2i)
    i.ae_init_new                            0x00000a40   Section        0  ae.o(i.ae_init_new)
    i.ae_set_init_tasks_info                 0x00000a70   Section        0  ae.o(i.ae_set_init_tasks_info)
    i.ae_set_sys_info                        0x00000a86   Section        0  ae.o(i.ae_set_sys_info)
    i.block_sender                           0x00000a9c   Section        0  k_msg.o(i.block_sender)
    i.block_task                             0x00000ac0   Section        0  k_task.o(i.block_task)
    i.check_task_valid                       0x00000af8   Section        0  k_task.o(i.check_task_valid)
    i.child_index_to_parent_index            0x00000b20   Section        0  k_mem_util.o(i.child_index_to_parent_index)
    i.cleanup_mailbox                        0x00000b48   Section        0  k_msg_util.o(i.cleanup_mailbox)
    i.clear_string                           0x00000b5c   Section        0  kcd_task.o(i.clear_string)
    i.coalesce_buddies                       0x00000b7c   Section        0  k_mem_util.o(i.coalesce_buddies)
    i.copy                                   0x00000bd4   Section        0  kcd_task.o(i.copy)
    i.count_set_bits                         0x00000bfa   Section        0  ae_util.o(i.count_set_bits)
    i.enqueue_back                           0x00000c0c   Section        0  k_task_util.o(i.enqueue_back)
    i.enqueue_front                          0x00000c36   Section        0  k_task_util.o(i.enqueue_front)
    i.error_message                          0x00000c60   Section        0  kcd_task.o(i.error_message)
    i.gen_req0                               0x00000c88   Section        0  ae_tasks5_g10.o(i.gen_req0)
    i.getIRAM                                0x00000ce0   Section        0  k_mem.o(i.getIRAM)
    i.get_index                              0x00000cf6   Section        0  kcd_task.o(i.get_index)
    i.get_next_tid                           0x00000d28   Section        0  k_task.o(i.get_next_tid)
    i.get_ring_buffer_free_bytes             0x00000d5c   Section        0  k_msg_util.o(i.get_ring_buffer_free_bytes)
    i.get_side                               0x00000d68   Section        0  k_mem_util.o(i.get_side)
    i.get_state                              0x00000d74   Section        0  kcd_task.o(i.get_state)
    i.get_used_block                         0x00000dc4   Section        0  k_mem_util.o(i.get_used_block)
    i.height_to_size                         0x00000de4   Section        0  k_mem_util.o(i.height_to_size)
    i.i2a                                    0x00000e08   Section        0  printf.o(i.i2a)
    i2a                                      0x00000e09   Thumb Code    32  printf.o(i.i2a)
    i.index_to_pointer                       0x00000e28   Section        0  k_mem_util.o(i.index_to_pointer)
    i.index_to_relative_index                0x00000e64   Section        0  k_mem_util.o(i.index_to_relative_index)
    i.init_ae_tsk_test                       0x00000e70   Section        0  ae_tasks5_g10.o(i.init_ae_tsk_test)
    i.init_list                              0x00000eec   Section        0  k_mem_util.o(i.init_list)
    i.init_mailbox                           0x00000ef2   Section        0  k_msg_util.o(i.init_mailbox)
    i.init_message_DEFAULT                   0x00000f2a   Section        0  ae_tasks5_g10.o(i.init_message_DEFAULT)
    i.init_message_DISPLAY                   0x00000f58   Section        0  ae_tasks5_g10.o(i.init_message_DISPLAY)
    i.init_message_KEY_IN                    0x00000f86   Section        0  ae_tasks5_g10.o(i.init_message_KEY_IN)
    i.init_printf                            0x00000fb4   Section        0  printf.o(i.init_printf)
    i.init_queue                             0x00000fc8   Section        0  k_task_util.o(i.init_queue)
    i.init_queues                            0x00000fd0   Section        0  k_task_util.o(i.init_queues)
    i.init_ring_buffer_queue                 0x00000ff8   Section        0  k_msg_util.o(i.init_ring_buffer_queue)
    i.is_buddy_free                          0x00001004   Section        0  k_mem_util.o(i.is_buddy_free)
    i.k_alloc_k_stack                        0x00001038   Section        0  k_mem.o(i.k_alloc_k_stack)
    i.k_alloc_p_stack                        0x00001068   Section        0  k_mem.o(i.k_alloc_p_stack)
    i.k_mbx_cleanup                          0x00001094   Section        0  k_msg.o(i.k_mbx_cleanup)
    i.k_mbx_create                           0x000010c4   Section        0  k_msg.o(i.k_mbx_create)
    i.k_mbx_get                              0x000010dc   Section        0  k_msg.o(i.k_mbx_get)
    i.k_mbx_ls                               0x00001148   Section        0  k_msg.o(i.k_mbx_ls)
    i.k_mem_init                             0x000011e4   Section        0  k_mem.o(i.k_mem_init)
    i.k_mpool_alloc                          0x00001244   Section        0  k_mem.o(i.k_mpool_alloc)
    i.k_mpool_create                         0x00001354   Section        0  k_mem.o(i.k_mpool_create)
    i.k_mpool_dealloc                        0x000014a0   Section        0  k_mem.o(i.k_mpool_dealloc)
    i.k_mpool_dump                           0x000015ac   Section        0  k_mem.o(i.k_mpool_dump)
    i.k_pre_rtx_init                         0x00001670   Section        0  k_rtx_init.o(i.k_pre_rtx_init)
    i.k_recv_msg                             0x00001694   Section        0  k_msg.o(i.k_recv_msg)
    i.k_recv_msg_nb                          0x0000172c   Section        0  k_msg.o(i.k_recv_msg_nb)
    i.k_rtx_init                             0x00001748   Section        0  k_rtx_init.o(i.k_rtx_init)
    i.k_send_msg                             0x00001794   Section        0  k_msg.o(i.k_send_msg)
    i.k_send_msg_nb                          0x00001858   Section        0  k_msg.o(i.k_send_msg_nb)
    i.k_tsk_create                           0x00001874   Section        0  k_task.o(i.k_tsk_create)
    i.k_tsk_create_new                       0x0000198c   Section        0  k_task.o(i.k_tsk_create_new)
    i.k_tsk_exit                             0x00001ab4   Section        0  k_task.o(i.k_tsk_exit)
    i.k_tsk_get                              0x00001b10   Section        0  k_task.o(i.k_tsk_get)
    i.k_tsk_gettid                           0x00001c00   Section        0  k_task.o(i.k_tsk_gettid)
    i.k_tsk_init                             0x00001c0c   Section        0  k_task.o(i.k_tsk_init)
    i.k_tsk_init_daemons                     0x00001d0c   Section        0  k_task.o(i.k_tsk_init_daemons)
    i.k_tsk_init_first                       0x00001dbc   Section        0  k_task.o(i.k_tsk_init_first)
    i.k_tsk_ls                               0x00001dd8   Section        0  k_task.o(i.k_tsk_ls)
    i.k_tsk_run_new                          0x00001e60   Section        0  k_task.o(i.k_tsk_run_new)
    i.k_tsk_run_new_helper                   0x00001ee8   Section        0  k_task.o(i.k_tsk_run_new_helper)
    i.k_tsk_set_prio                         0x00001f2c   Section        0  k_task.o(i.k_tsk_set_prio)
    i.k_tsk_yield                            0x00002044   Section        0  k_task.o(i.k_tsk_yield)
    i.list_empty                             0x00002058   Section        0  k_mem_util.o(i.list_empty)
    i.log_2                                  0x0000206e   Section        0  k_mem_util.o(i.log_2)
    i.main                                   0x00002084   Section        0  main.o(i.main)
    i.mark_index_as_unused                   0x000020ec   Section        0  k_mem_util.o(i.mark_index_as_unused)
    i.mark_index_as_used                     0x00002128   Section        0  k_mem_util.o(i.mark_index_as_used)
    i.parent_index_to_child_index            0x0000214e   Section        0  k_mem_util.o(i.parent_index_to_child_index)
    i.peek_ring_buffer                       0x0000217c   Section        0  k_msg_util.o(i.peek_ring_buffer)
    i.pointer_to_height                      0x00002198   Section        0  k_mem_util.o(i.pointer_to_height)
    i.pointer_to_index                       0x000021d8   Section        0  k_mem_util.o(i.pointer_to_index)
    i.pop_node                               0x00002218   Section        0  k_mem_util.o(i.pop_node)
    i.pop_ring_buffer                        0x00002230   Section        0  k_msg_util.o(i.pop_ring_buffer)
    i.print_log                              0x00002280   Section        0  ae_util.o(i.print_log)
    i.print_results                          0x000022f0   Section        0  ae_util.o(i.print_results)
    i.print_summary                          0x00002410   Section        0  ae_util.o(i.print_summary)
    i.prio_to_array_index                    0x00002438   Section        0  k_task_util.o(i.prio_to_array_index)
    i.priv_task1                             0x00002448   Section        0  ae_tasks5_g10.o(i.priv_task1)
    i.process_sub_result                     0x00002530   Section        0  ae_util.o(i.process_sub_result)
    i.push_node                              0x00002568   Section        0  k_mem_util.o(i.push_node)
    i.push_ring_buffer                       0x00002578   Section        0  k_msg_util.o(i.push_ring_buffer)
    i.putc                                   0x000025c8   Section        0  uart_polling.o(i.putc)
    i.putchw                                 0x0000260c   Section        0  printf.o(i.putchw)
    putchw                                   0x0000260d   Thumb Code    82  printf.o(i.putchw)
    i.putcp                                  0x0000265e   Section        0  printf.o(i.putcp)
    putcp                                    0x0000265f   Thumb Code    10  printf.o(i.putcp)
    i.queue_pop                              0x00002668   Section        0  k_task_util.o(i.queue_pop)
    i.relative_index_to_index                0x00002682   Section        0  k_mem_util.o(i.relative_index_to_index)
    i.remove_node                            0x0000268e   Section        0  k_mem_util.o(i.remove_node)
    i.remove_tcb_given_tid                   0x00002698   Section        0  k_task_util.o(i.remove_tcb_given_tid)
    i.scheduler                              0x000026f8   Section        0  k_task.o(i.scheduler)
    i.set_ae_init_tasks                      0x00002774   Section        0  ae_tasks5_g10.o(i.set_ae_init_tasks)
    i.set_ae_tasks                           0x00002790   Section        0  ae_tasks5_g10.o(i.set_ae_tasks)
    i.set_used_block                         0x000027c8   Section        0  k_mem_util.o(i.set_used_block)
    i.size_to_height                         0x00002808   Section        0  k_mem_util.o(i.size_to_height)
    i.split_block                            0x0000284c   Section        0  k_mem_util.o(i.split_block)
    i.strcpy                                 0x000028d8   Section        0  ae_util.o(i.strcpy)
    i.strlen                                 0x000028f8   Section        0  kcd_task.o(i.strlen)
    i.task1                                  0x0000290c   Section        0  ae_tasks5_g10.o(i.task1)
    i.task2                                  0x00002c20   Section        0  ae_tasks5_g10.o(i.task2)
    i.task_cdisp                             0x00002d2c   Section        0  cdisp_task.o(i.task_cdisp)
    i.task_kcd                               0x00002d60   Section        0  kcd_task.o(i.task_kcd)
    i.task_null                              0x00002e84   Section        0  null_task.o(i.task_null)
    i.test0_start                            0x00002ed4   Section        0  ae_tasks5_g10.o(i.test0_start)
    i.test_abort                             0x00002ee4   Section        0  ae_util.o(i.test_abort)
    i.test_exit                              0x00002f50   Section        0  ae_util.o(i.test_exit)
    i.tfp_format                             0x00002f70   Section        0  printf.o(i.tfp_format)
    i.tfp_printf                             0x00003098   Section        0  printf.o(i.tfp_printf)
    i.tfp_sprintf                            0x000030c4   Section        0  printf.o(i.tfp_sprintf)
    i.uart_init                              0x000030f0   Section        0  uart_polling.o(i.uart_init)
    i.uart_irq_init                          0x0000315c   Section        0  uart_irq.o(i.uart_irq_init)
    i.uart_put_char                          0x00003218   Section        0  uart_polling.o(i.uart_put_char)
    i.uart_put_string                        0x0000324c   Section        0  uart_polling.o(i.uart_put_string)
    i.ui2a                                   0x00003272   Section        0  printf.o(i.ui2a)
    ui2a                                     0x00003273   Thumb Code    86  printf.o(i.ui2a)
    i.unblock_all_senders                    0x000032c8   Section        0  k_msg.o(i.unblock_all_senders)
    i.unblock_senders                        0x000032e0   Section        0  k_msg.o(i.unblock_senders)
    i.unblock_task                           0x00003354   Section        0  k_task.o(i.unblock_task)
    i.validate_receive_message               0x000033a0   Section        0  k_msg_util.o(i.validate_receive_message)
    i.validate_send_message                  0x000033ec   Section        0  k_msg_util.o(i.validate_send_message)
    .constdata                               0x0000346c   Section        8  k_mem.o(.constdata)
    .constdata                               0x00003474   Section       33  ae_tasks5_g10.o(.constdata)
    .data                                    0x10000000   Section       24  uart_irq.o(.data)
    .data                                    0x10000018   Section        4  k_rtx_init.o(.data)
    .data                                    0x1000001c   Section        9  k_task.o(.data)
    .data                                    0x10000028   Section       12  k_mem_util.o(.data)
    .data                                    0x10000034   Section        8  k_task_util.o(.data)
    .data                                    0x1000003c   Section        8  printf.o(.data)
    stdout_putf                              0x1000003c   Data           4  printf.o(.data)
    stdout_putp                              0x10000040   Data           4  printf.o(.data)
    .data                                    0x10000044   Section        4  kcd_task.o(.data)
    .data                                    0x10000048   Section       16  main.o(.data)
    sys                                      0x10000048   Data           8  main.o(.data)
    p_tasks                                  0x10000050   Data           4  main.o(.data)
    num                                      0x10000054   Data           4  main.o(.data)
    .data                                    0x10000058   Section       16  ae_tasks5_g10.o(.data)
    .bss                                     0x10000068   Section    12800  k_mem.o(.bss)
    .bss                                     0x10003268   Section      608  k_msg.o(.bss)
    .bss                                     0x100034c8   Section      576  k_task.o(.bss)
    .bss                                     0x10003708   Section      688  k_mem_util.o(.bss)
    .bss                                     0x100039b8   Section       40  k_task_util.o(.bss)
    .bss                                     0x100039e0   Section      126  kcd_task.o(.bss)
    .bss                                     0x10003a60   Section       96  libspace.o(.bss)
    .bss                                     0x10003ac0   Section     1892  ae_tasks5_g10.o(.bss)
    HEAP                                     0x10004228   Section        0  startup_lpc17xx.o(HEAP)
    STACK                                    0x10004228   Section      512  startup_lpc17xx.o(STACK)
    Heap_Mem                                 0x10004228   Data           0  startup_lpc17xx.o(HEAP)
    Stack_Mem                                0x10004228   Data         512  startup_lpc17xx.o(STACK)
    __initial_sp                             0x10004428   Data           0  startup_lpc17xx.o(STACK)

    Global Symbols

    Symbol Name                              Value     Ov Type        Size  Object(Section)

    BuildAttributes$$THM_ISAv4$P$D$K$B$S$PE$A:L22UL41UL21$X:L11$S22US41US21$IEEE1$IW$USESV6$~STKCKD$USESV7$~SHL$OSPACE$ROPI$EBA8$UX$STANDARDLIB$REQ8$PRES8$EABIv2 0x00000000   Number         0  anon$$obj.o ABSOLUTE
    __ARM_use_no_argv                        0x00000000   Number         0  main.o ABSOLUTE
    __Vectors                                0x00000000   Data           4  startup_lpc17xx.o(RESET)
    __ARM_exceptions_init                     - Undefined Weak Reference
    __alloca_initialize                       - Undefined Weak Reference
    __arm_preinit_                            - Undefined Weak Reference
    __cpp_initialize__aeabi_                  - Undefined Weak Reference
    __cxa_finalize                            - Undefined Weak Reference
    __rt_locale                               - Undefined Weak Reference
    __sigvec_lookup                           - Undefined Weak Reference
    _atexit_init                              - Undefined Weak Reference
    _call_atexit_fns                          - Undefined Weak Reference
    _clock_init                               - Undefined Weak Reference
    _fp_trap_init                             - Undefined Weak Reference
    _fp_trap_shutdown                         - Undefined Weak Reference
    _get_lc_collate                           - Undefined Weak Reference
    _get_lc_ctype                             - Undefined Weak Reference
    _get_lc_monetary                          - Undefined Weak Reference
    _get_lc_numeric                           - Undefined Weak Reference
    _get_lc_time                              - Undefined Weak Reference
    _getenv_init                              - Undefined Weak Reference
    _handle_redirection                       - Undefined Weak Reference
    _init_alloc                               - Undefined Weak Reference
    _init_user_alloc                          - Undefined Weak Reference
    _initio                                   - Undefined Weak Reference
    _rand_init                                - Undefined Weak Reference
    _signal_finish                            - Undefined Weak Reference
    _signal_init                              - Undefined Weak Reference
    _terminate_alloc                          - Undefined Weak Reference
    _terminate_user_alloc                     - Undefined Weak Reference
    _terminateio                              - Undefined Weak Reference
    __main                                   0x000000cd   Thumb Code     8  __main.o(!!!main)
    __scatterload                            0x000000d5   Thumb Code     0  __scatter.o(!!!scatter)
    __scatterload_rt2                        0x000000d5   Thumb Code    44  __scatter.o(!!!scatter)
    __scatterload_rt2_thumb_only             0x000000d5   Thumb Code     0  __scatter.o(!!!scatter)
    __scatterload_null                       0x000000e3   Thumb Code     0  __scatter.o(!!!scatter)
    __scatterload_copy                       0x00000109   Thumb Code    26  __scatter_copy.o(!!handler_copy)
    __scatterload_zeroinit                   0x00000125   Thumb Code    28  __scatter_zi.o(!!handler_zi)
    __rt_lib_init                            0x00000141   Thumb Code     0  libinit.o(.ARM.Collect$$libinit$$00000000)
    __rt_lib_init_alloca_1                   0x00000143   Thumb Code     0  libinit2.o(.ARM.Collect$$libinit$$0000002E)
    __rt_lib_init_argv_1                     0x00000143   Thumb Code     0  libinit2.o(.ARM.Collect$$libinit$$0000002C)
    __rt_lib_init_atexit_1                   0x00000143   Thumb Code     0  libinit2.o(.ARM.Collect$$libinit$$0000001B)
    __rt_lib_init_clock_1                    0x00000143   Thumb Code     0  libinit2.o(.ARM.Collect$$libinit$$00000021)
    __rt_lib_init_cpp_1                      0x00000143   Thumb Code     0  libinit2.o(.ARM.Collect$$libinit$$00000032)
    __rt_lib_init_exceptions_1               0x00000143   Thumb Code     0  libinit2.o(.ARM.Collect$$libinit$$00000030)
    __rt_lib_init_fp_1                       0x00000143   Thumb Code     0  libinit2.o(.ARM.Collect$$libinit$$00000002)
    __rt_lib_init_fp_trap_1                  0x00000143   Thumb Code     0  libinit2.o(.ARM.Collect$$libinit$$0000001F)
    __rt_lib_init_getenv_1                   0x00000143   Thumb Code     0  libinit2.o(.ARM.Collect$$libinit$$00000023)
    __rt_lib_init_heap_1                     0x00000143   Thumb Code     0  libinit2.o(.ARM.Collect$$libinit$$0000000A)
    __rt_lib_init_lc_collate_1               0x00000143   Thumb Code     0  libinit2.o(.ARM.Collect$$libinit$$00000011)
    __rt_lib_init_lc_ctype_1                 0x00000143   Thumb Code     0  libinit2.o(.ARM.Collect$$libinit$$00000013)
    __rt_lib_init_lc_monetary_1              0x00000143   Thumb Code     0  libinit2.o(.ARM.Collect$$libinit$$00000015)
    __rt_lib_init_lc_numeric_1               0x00000143   Thumb Code     0  libinit2.o(.ARM.Collect$$libinit$$00000017)
    __rt_lib_init_lc_time_1                  0x00000143   Thumb Code     0  libinit2.o(.ARM.Collect$$libinit$$00000019)
    __rt_lib_init_preinit_1                  0x00000143   Thumb Code     0  libinit2.o(.ARM.Collect$$libinit$$00000004)
    __rt_lib_init_rand_1                     0x00000143   Thumb Code     0  libinit2.o(.ARM.Collect$$libinit$$0000000E)
    __rt_lib_init_return                     0x00000143   Thumb Code     0  libinit2.o(.ARM.Collect$$libinit$$00000033)
    __rt_lib_init_signal_1                   0x00000143   Thumb Code     0  libinit2.o(.ARM.Collect$$libinit$$0000001D)
    __rt_lib_init_stdio_1                    0x00000143   Thumb Code     0  libinit2.o(.ARM.Collect$$libinit$$00000025)
    __rt_lib_init_user_alloc_1               0x00000143   Thumb Code     0  libinit2.o(.ARM.Collect$$libinit$$0000000C)
    __rt_lib_shutdown                        0x00000145   Thumb Code     0  libshutdown.o(.ARM.Collect$$libshutdown$$00000000)
    __rt_lib_shutdown_cpp_1                  0x00000147   Thumb Code     0  libshutdown2.o(.ARM.Collect$$libshutdown$$00000002)
    __rt_lib_shutdown_fp_trap_1              0x00000147   Thumb Code     0  libshutdown2.o(.ARM.Collect$$libshutdown$$00000007)
    __rt_lib_shutdown_heap_1                 0x00000147   Thumb Code     0  libshutdown2.o(.ARM.Collect$$libshutdown$$0000000F)
    __rt_lib_shutdown_return                 0x00000147   Thumb Code     0  libshutdown2.o(.ARM.Collect$$libshutdown$$00000010)
    __rt_lib_shutdown_signal_1               0x00000147   Thumb Code     0  libshutdown2.o(.ARM.Collect$$libshutdown$$0000000A)
    __rt_lib_shutdown_stdio_1                0x00000147   Thumb Code     0  libshutdown2.o(.ARM.Collect$$libshutdown$$00000004)
    __rt_lib_shutdown_user_alloc_1           0x00000147   Thumb Code     0  libshutdown2.o(.ARM.Collect$$libshutdown$$0000000C)
    __rt_entry                               0x00000149   Thumb Code     0  __rtentry.o(.ARM.Collect$$rtentry$$00000000)
    __rt_entry_presh_1                       0x00000149   Thumb Code     0  __rtentry2.o(.ARM.Collect$$rtentry$$00000002)
    __rt_entry_sh                            0x00000149   Thumb Code     0  __rtentry4.o(.ARM.Collect$$rtentry$$00000004)
    __rt_entry_li                            0x0000014f   Thumb Code     0  __rtentry2.o(.ARM.Collect$$rtentry$$0000000A)
    __rt_entry_postsh_1                      0x0000014f   Thumb Code     0  __rtentry2.o(.ARM.Collect$$rtentry$$00000009)
    __rt_entry_main                          0x00000153   Thumb Code     0  __rtentry2.o(.ARM.Collect$$rtentry$$0000000D)
    __rt_entry_postli_1                      0x00000153   Thumb Code     0  __rtentry2.o(.ARM.Collect$$rtentry$$0000000C)
    __rt_exit                                0x0000015b   Thumb Code     0  rtexit.o(.ARM.Collect$$rtexit$$00000000)
    __rt_exit_ls                             0x0000015d   Thumb Code     0  rtexit2.o(.ARM.Collect$$rtexit$$00000003)
    __rt_exit_prels_1                        0x0000015d   Thumb Code     0  rtexit2.o(.ARM.Collect$$rtexit$$00000002)
    __rt_exit_exit                           0x00000161   Thumb Code     0  rtexit2.o(.ARM.Collect$$rtexit$$00000004)
    SVC_RTE                                  0x00000169   Thumb Code     0  hal.o(.emb_text)
    __rte                                    0x00000169   Thumb Code     8  hal.o(.emb_text)
    k_tsk_switch                             0x00000171   Thumb Code    44  k_task.o(.emb_text)
    K_RESTORE                                0x00000183   Thumb Code     0  k_task.o(.emb_text)
    k_tsk_start                              0x000001a1   Thumb Code     2  k_task.o(.emb_text)
    Reset_Handler                            0x000001a5   Thumb Code     8  startup_lpc17xx.o(.text)
    NMI_Handler                              0x000001ad   Thumb Code     2  startup_lpc17xx.o(.text)
    MemManage_Handler                        0x000001b1   Thumb Code     2  startup_lpc17xx.o(.text)
    BusFault_Handler                         0x000001b3   Thumb Code     2  startup_lpc17xx.o(.text)
    UsageFault_Handler                       0x000001b5   Thumb Code     2  startup_lpc17xx.o(.text)
    DebugMon_Handler                         0x000001b9   Thumb Code     2  startup_lpc17xx.o(.text)
    PendSV_Handler                           0x000001bb   Thumb Code     2  startup_lpc17xx.o(.text)
    SysTick_Handler                          0x000001bd   Thumb Code     2  startup_lpc17xx.o(.text)
    ADC_IRQHandler                           0x000001bf   Thumb Code     0  startup_lpc17xx.o(.text)
    BOD_IRQHandler                           0x000001bf   Thumb Code     0  startup_lpc17xx.o(.text)
    CANActivity_IRQHandler                   0x000001bf   Thumb Code     0  startup_lpc17xx.o(.text)
    CAN_IRQHandler                           0x000001bf   Thumb Code     0  startup_lpc17xx.o(.text)
    DMA_IRQHandler                           0x000001bf   Thumb Code     0  startup_lpc17xx.o(.text)
    EINT0_IRQHandler                         0x000001bf   Thumb Code     0  startup_lpc17xx.o(.text)
    EINT1_IRQHandler                         0x000001bf   Thumb Code     0  startup_lpc17xx.o(.text)
    EINT2_IRQHandler                         0x000001bf   Thumb Code     0  startup_lpc17xx.o(.text)
    EINT3_IRQHandler                         0x000001bf   Thumb Code     0  startup_lpc17xx.o(.text)
    ENET_IRQHandler                          0x000001bf   Thumb Code     0  startup_lpc17xx.o(.text)
    I2C0_IRQHandler                          0x000001bf   Thumb Code     0  startup_lpc17xx.o(.text)
    I2C1_IRQHandler                          0x000001bf   Thumb Code     0  startup_lpc17xx.o(.text)
    I2C2_IRQHandler                          0x000001bf   Thumb Code     0  startup_lpc17xx.o(.text)
    I2S_IRQHandler                           0x000001bf   Thumb Code     0  startup_lpc17xx.o(.text)
    MCPWM_IRQHandler                         0x000001bf   Thumb Code     0  startup_lpc17xx.o(.text)
    PLL0_IRQHandler                          0x000001bf   Thumb Code     0  startup_lpc17xx.o(.text)
    PLL1_IRQHandler                          0x000001bf   Thumb Code     0  startup_lpc17xx.o(.text)
    PWM1_IRQHandler                          0x000001bf   Thumb Code     0  startup_lpc17xx.o(.text)
    QEI_IRQHandler                           0x000001bf   Thumb Code     0  startup_lpc17xx.o(.text)
    RIT_IRQHandler                           0x000001bf   Thumb Code     0  startup_lpc17xx.o(.text)
    RTC_IRQHandler                           0x000001bf   Thumb Code     0  startup_lpc17xx.o(.text)
    SPI_IRQHandler                           0x000001bf   Thumb Code     0  startup_lpc17xx.o(.text)
    SSP0_IRQHandler                          0x000001bf   Thumb Code     0  startup_lpc17xx.o(.text)
    SSP1_IRQHandler                          0x000001bf   Thumb Code     0  startup_lpc17xx.o(.text)
    TIMER0_IRQHandler                        0x000001bf   Thumb Code     0  startup_lpc17xx.o(.text)
    TIMER1_IRQHandler                        0x000001bf   Thumb Code     0  startup_lpc17xx.o(.text)
    TIMER2_IRQHandler                        0x000001bf   Thumb Code     0  startup_lpc17xx.o(.text)
    TIMER3_IRQHandler                        0x000001bf   Thumb Code     0  startup_lpc17xx.o(.text)
    UART1_IRQHandler                         0x000001bf   Thumb Code     0  startup_lpc17xx.o(.text)
    UART2_IRQHandler                         0x000001bf   Thumb Code     0  startup_lpc17xx.o(.text)
    UART3_IRQHandler                         0x000001bf   Thumb Code     0  startup_lpc17xx.o(.text)
    USBActivity_IRQHandler                   0x000001bf   Thumb Code     0  startup_lpc17xx.o(.text)
    USB_IRQHandler                           0x000001bf   Thumb Code     0  startup_lpc17xx.o(.text)
    WDT_IRQHandler                           0x000001bf   Thumb Code     0  startup_lpc17xx.o(.text)
    __user_initial_stackheap                 0x000001c1   Thumb Code     0  startup_lpc17xx.o(.text)
    __aeabi_memcpy4                          0x000001e1   Thumb Code     0  rt_memcpy_w.o(.text)
    __aeabi_memcpy8                          0x000001e1   Thumb Code     0  rt_memcpy_w.o(.text)
    __rt_memcpy_w                            0x000001e1   Thumb Code   100  rt_memcpy_w.o(.text)
    _memcpy_lastbytes_aligned                0x00000229   Thumb Code     0  rt_memcpy_w.o(.text)
    __use_two_region_memory                  0x00000245   Thumb Code     2  heapauxi.o(.text)
    __rt_heap_escrow$2region                 0x00000247   Thumb Code     2  heapauxi.o(.text)
    __rt_heap_expand$2region                 0x00000249   Thumb Code     2  heapauxi.o(.text)
    __user_setup_stackheap                   0x0000024b   Thumb Code    74  sys_stackheap_outer.o(.text)
    exit                                     0x00000295   Thumb Code    18  exit.o(.text)
    __user_libspace                          0x000002a9   Thumb Code     8  libspace.o(.text)
    __user_perproc_libspace                  0x000002a9   Thumb Code     0  libspace.o(.text)
    __user_perthread_libspace                0x000002a9   Thumb Code     0  libspace.o(.text)
    _sys_exit                                0x000002b1   Thumb Code     8  sys_exit.o(.text)
    __I$use$semihosting                      0x000002bd   Thumb Code     0  use_no_semi.o(.text)
    __use_no_semihosting_swi                 0x000002bd   Thumb Code     2  use_no_semi.o(.text)
    __semihosting_library_function           0x000002bf   Thumb Code     0  indicate_semi.o(.text)
    HardFault_Handler                        0x000002c1   Thumb Code    18  ae_util.o(i.HardFault_Handler)
    ae_exit                                  0x000002ed   Thumb Code     4  ae_util.o(i.ae_exit)
    get_msg_length                           0x000002f1   Thumb Code    10  k_msg_util.o(i.get_msg_length)
    KCD_handler                              0x00000301   Thumb Code   182  kcd_task.o(i.KCD_handler)
    SVC_Handler                              0x0000040d   Thumb Code   262  k_task.o(i.SVC_Handler)
    SystemInit                               0x00000515   Thumb Code   302  system_lpc17xx.o(i.SystemInit)
    UART0_IRQHandler                         0x00000655   Thumb Code   220  uart_irq.o(i.UART0_IRQHandler)
    _init_message                            0x000007b7   Thumb Code    52  kcd_task.o(i._init_message)
    _k_mbx_create                            0x000007ed   Thumb Code    94  k_msg.o(i._k_mbx_create)
    _k_recv_msg_nb                           0x00000875   Thumb Code   104  k_msg.o(i._k_recv_msg_nb)
    _k_send_msg_nb                           0x0000090d   Thumb Code   144  k_msg.o(i._k_send_msg_nb)
    ae_init_new                              0x00000a41   Thumb Code    48  ae.o(i.ae_init_new)
    ae_set_init_tasks_info                   0x00000a71   Thumb Code    22  ae.o(i.ae_set_init_tasks_info)
    ae_set_sys_info                          0x00000a87   Thumb Code    22  ae.o(i.ae_set_sys_info)
    block_sender                             0x00000a9d   Thumb Code    28  k_msg.o(i.block_sender)
    block_task                               0x00000ac1   Thumb Code    52  k_task.o(i.block_task)
    check_task_valid                         0x00000af9   Thumb Code    36  k_task.o(i.check_task_valid)
    child_index_to_parent_index              0x00000b21   Thumb Code    40  k_mem_util.o(i.child_index_to_parent_index)
    cleanup_mailbox                          0x00000b49   Thumb Code    18  k_msg_util.o(i.cleanup_mailbox)
    clear_string                             0x00000b5d   Thumb Code    24  kcd_task.o(i.clear_string)
    coalesce_buddies                         0x00000b7d   Thumb Code    88  k_mem_util.o(i.coalesce_buddies)
    copy                                     0x00000bd5   Thumb Code    38  kcd_task.o(i.copy)
    count_set_bits                           0x00000bfb   Thumb Code    18  ae_util.o(i.count_set_bits)
    enqueue_back                             0x00000c0d   Thumb Code    42  k_task_util.o(i.enqueue_back)
    enqueue_front                            0x00000c37   Thumb Code    42  k_task_util.o(i.enqueue_front)
    error_message                            0x00000c61   Thumb Code    38  kcd_task.o(i.error_message)
    gen_req0                                 0x00000c89   Thumb Code    78  ae_tasks5_g10.o(i.gen_req0)
    getIRAM                                  0x00000ce1   Thumb Code    22  k_mem.o(i.getIRAM)
    get_index                                0x00000cf7   Thumb Code    50  kcd_task.o(i.get_index)
    get_next_tid                             0x00000d29   Thumb Code    44  k_task.o(i.get_next_tid)
    get_ring_buffer_free_bytes               0x00000d5d   Thumb Code    12  k_msg_util.o(i.get_ring_buffer_free_bytes)
    get_side                                 0x00000d69   Thumb Code    12  k_mem_util.o(i.get_side)
    get_state                                0x00000d75   Thumb Code    40  kcd_task.o(i.get_state)
    get_used_block                           0x00000dc5   Thumb Code    28  k_mem_util.o(i.get_used_block)
    height_to_size                           0x00000de5   Thumb Code    26  k_mem_util.o(i.height_to_size)
    index_to_pointer                         0x00000e29   Thumb Code    50  k_mem_util.o(i.index_to_pointer)
    index_to_relative_index                  0x00000e65   Thumb Code    12  k_mem_util.o(i.index_to_relative_index)
    init_ae_tsk_test                         0x00000e71   Thumb Code    96  ae_tasks5_g10.o(i.init_ae_tsk_test)
    init_list                                0x00000eed   Thumb Code     6  k_mem_util.o(i.init_list)
    init_mailbox                             0x00000ef3   Thumb Code    56  k_msg_util.o(i.init_mailbox)
    init_message_DEFAULT                     0x00000f2b   Thumb Code    46  ae_tasks5_g10.o(i.init_message_DEFAULT)
    init_message_DISPLAY                     0x00000f59   Thumb Code    46  ae_tasks5_g10.o(i.init_message_DISPLAY)
    init_message_KEY_IN                      0x00000f87   Thumb Code    46  ae_tasks5_g10.o(i.init_message_KEY_IN)
    init_printf                              0x00000fb5   Thumb Code    10  printf.o(i.init_printf)
    init_queue                               0x00000fc9   Thumb Code     8  k_task_util.o(i.init_queue)
    init_queues                              0x00000fd1   Thumb Code    30  k_task_util.o(i.init_queues)
    init_ring_buffer_queue                   0x00000ff9   Thumb Code    12  k_msg_util.o(i.init_ring_buffer_queue)
    is_buddy_free                            0x00001005   Thumb Code    50  k_mem_util.o(i.is_buddy_free)
    k_alloc_k_stack                          0x00001039   Thumb Code    40  k_mem.o(i.k_alloc_k_stack)
    k_alloc_p_stack                          0x00001069   Thumb Code    36  k_mem.o(i.k_alloc_p_stack)
    k_mbx_cleanup                            0x00001095   Thumb Code    40  k_msg.o(i.k_mbx_cleanup)
    k_mbx_create                             0x000010c5   Thumb Code    20  k_msg.o(i.k_mbx_create)
    k_mbx_get                                0x000010dd   Thumb Code    76  k_msg.o(i.k_mbx_get)
    k_mbx_ls                                 0x00001149   Thumb Code   110  k_msg.o(i.k_mbx_ls)
    k_mem_init                               0x000011e5   Thumb Code    56  k_mem.o(i.k_mem_init)
    k_mpool_alloc                            0x00001245   Thumb Code   220  k_mem.o(i.k_mpool_alloc)
    k_mpool_create                           0x00001355   Thumb Code   228  k_mem.o(i.k_mpool_create)
    k_mpool_dealloc                          0x000014a1   Thumb Code   204  k_mem.o(i.k_mpool_dealloc)
    k_mpool_dump                             0x000015ad   Thumb Code   116  k_mem.o(i.k_mpool_dump)
    k_pre_rtx_init                           0x00001671   Thumb Code    36  k_rtx_init.o(i.k_pre_rtx_init)
    k_recv_msg                               0x00001695   Thumb Code   112  k_msg.o(i.k_recv_msg)
    k_recv_msg_nb                            0x0000172d   Thumb Code    22  k_msg.o(i.k_recv_msg_nb)
    k_rtx_init                               0x00001749   Thumb Code    72  k_rtx_init.o(i.k_rtx_init)
    k_send_msg                               0x00001795   Thumb Code   144  k_msg.o(i.k_send_msg)
    k_send_msg_nb                            0x00001859   Thumb Code    22  k_msg.o(i.k_send_msg_nb)
    k_tsk_create                             0x00001875   Thumb Code   174  k_task.o(i.k_tsk_create)
    k_tsk_create_new                         0x0000198d   Thumb Code   278  k_task.o(i.k_tsk_create_new)
    k_tsk_exit                               0x00001ab5   Thumb Code    50  k_task.o(i.k_tsk_exit)
    k_tsk_get                                0x00001b11   Thumb Code   168  k_task.o(i.k_tsk_get)
    k_tsk_gettid                             0x00001c01   Thumb Code     8  k_task.o(i.k_tsk_gettid)
    k_tsk_init                               0x00001c0d   Thumb Code   230  k_task.o(i.k_tsk_init)
    k_tsk_init_daemons                       0x00001d0d   Thumb Code   152  k_task.o(i.k_tsk_init_daemons)
    k_tsk_init_first                         0x00001dbd   Thumb Code    22  k_task.o(i.k_tsk_init_first)
    k_tsk_ls                                 0x00001dd9   Thumb Code    96  k_task.o(i.k_tsk_ls)
    k_tsk_run_new                            0x00001e61   Thumb Code   126  k_task.o(i.k_tsk_run_new)
    k_tsk_run_new_helper                     0x00001ee9   Thumb Code    60  k_task.o(i.k_tsk_run_new_helper)
    k_tsk_set_prio                           0x00001f2d   Thumb Code   202  k_task.o(i.k_tsk_set_prio)
    k_tsk_yield                              0x00002045   Thumb Code    16  k_task.o(i.k_tsk_yield)
    list_empty                               0x00002059   Thumb Code    22  k_mem_util.o(i.list_empty)
    log_2                                    0x0000206f   Thumb Code    20  k_mem_util.o(i.log_2)
    main                                     0x00002085   Thumb Code    84  main.o(i.main)
    mark_index_as_unused                     0x000020ed   Thumb Code    56  k_mem_util.o(i.mark_index_as_unused)
    mark_index_as_used                       0x00002129   Thumb Code    38  k_mem_util.o(i.mark_index_as_used)
    parent_index_to_child_index              0x0000214f   Thumb Code    46  k_mem_util.o(i.parent_index_to_child_index)
    peek_ring_buffer                         0x0000217d   Thumb Code    28  k_msg_util.o(i.peek_ring_buffer)
    pointer_to_height                        0x00002199   Thumb Code    62  k_mem_util.o(i.pointer_to_height)
    pointer_to_index                         0x000021d9   Thumb Code    54  k_mem_util.o(i.pointer_to_index)
    pop_node                                 0x00002219   Thumb Code    24  k_mem_util.o(i.pop_node)
    pop_ring_buffer                          0x00002231   Thumb Code    80  k_msg_util.o(i.pop_ring_buffer)
    print_log                                0x00002281   Thumb Code    42  ae_util.o(i.print_log)
    print_results                            0x000022f1   Thumb Code   118  ae_util.o(i.print_results)
    print_summary                            0x00002411   Thumb Code    18  ae_util.o(i.print_summary)
    prio_to_array_index                      0x00002439   Thumb Code    16  k_task_util.o(i.prio_to_array_index)
    priv_task1                               0x00002449   Thumb Code   106  ae_tasks5_g10.o(i.priv_task1)
    process_sub_result                       0x00002531   Thumb Code    46  ae_util.o(i.process_sub_result)
    push_node                                0x00002569   Thumb Code    16  k_mem_util.o(i.push_node)
    push_ring_buffer                         0x00002579   Thumb Code    78  k_msg_util.o(i.push_ring_buffer)
    putc                                     0x000025c9   Thumb Code    28  uart_polling.o(i.putc)
    queue_pop                                0x00002669   Thumb Code    26  k_task_util.o(i.queue_pop)
    relative_index_to_index                  0x00002683   Thumb Code    12  k_mem_util.o(i.relative_index_to_index)
    remove_node                              0x0000268f   Thumb Code    10  k_mem_util.o(i.remove_node)
    remove_tcb_given_tid                     0x00002699   Thumb Code    92  k_task_util.o(i.remove_tcb_given_tid)
    scheduler                                0x000026f9   Thumb Code   114  k_task.o(i.scheduler)
    set_ae_init_tasks                        0x00002775   Thumb Code    24  ae_tasks5_g10.o(i.set_ae_init_tasks)
    set_ae_tasks                             0x00002791   Thumb Code    48  ae_tasks5_g10.o(i.set_ae_tasks)
    set_used_block                           0x000027c9   Thumb Code    60  k_mem_util.o(i.set_used_block)
    size_to_height                           0x00002809   Thumb Code    58  k_mem_util.o(i.size_to_height)
    split_block                              0x0000284d   Thumb Code   102  k_mem_util.o(i.split_block)
    strcpy                                   0x000028d9   Thumb Code    32  ae_util.o(i.strcpy)
    strlen                                   0x000028f9   Thumb Code    18  kcd_task.o(i.strlen)
    task1                                    0x0000290d   Thumb Code   492  ae_tasks5_g10.o(i.task1)
    task2                                    0x00002c21   Thumb Code   126  ae_tasks5_g10.o(i.task2)
    task_cdisp                               0x00002d2d   Thumb Code    48  cdisp_task.o(i.task_cdisp)
    task_kcd                                 0x00002d61   Thumb Code   236  kcd_task.o(i.task_kcd)
    task_null                                0x00002e85   Thumb Code    28  null_task.o(i.task_null)
    test0_start                              0x00002ed5   Thumb Code    14  ae_tasks5_g10.o(i.test0_start)
    test_abort                               0x00002ee5   Thumb Code    34  ae_util.o(i.test_abort)
    test_exit                                0x00002f51   Thumb Code    12  ae_util.o(i.test_exit)
    tfp_format                               0x00002f71   Thumb Code   296  printf.o(i.tfp_format)
    tfp_printf                               0x00003099   Thumb Code    34  printf.o(i.tfp_printf)
    tfp_sprintf                              0x000030c5   Thumb Code    38  printf.o(i.tfp_sprintf)
    uart_init                                0x000030f1   Thumb Code    96  uart_polling.o(i.uart_init)
    uart_irq_init                            0x0000315d   Thumb Code   166  uart_irq.o(i.uart_irq_init)
    uart_put_char                            0x00003219   Thumb Code    42  uart_polling.o(i.uart_put_char)
    uart_put_string                          0x0000324d   Thumb Code    38  uart_polling.o(i.uart_put_string)
    unblock_all_senders                      0x000032c9   Thumb Code    22  k_msg.o(i.unblock_all_senders)
    unblock_senders                          0x000032e1   Thumb Code   112  k_msg.o(i.unblock_senders)
    unblock_task                             0x00003355   Thumb Code    72  k_task.o(i.unblock_task)
    validate_receive_message                 0x000033a1   Thumb Code    70  k_msg_util.o(i.validate_receive_message)
    validate_send_message                    0x000033ed   Thumb Code   120  k_msg_util.o(i.validate_send_message)
    g_k_stack_size                           0x0000346c   Data           4  k_mem.o(.constdata)
    g_p_stack_size                           0x00003470   Data           4  k_mem.o(.constdata)
    PREFIX                                   0x00003474   Data           8  ae_tasks5_g10.o(.constdata)
    PREFIX_LOG                               0x0000347c   Data          12  ae_tasks5_g10.o(.constdata)
    PREFIX_LOG2                              0x00003488   Data          13  ae_tasks5_g10.o(.constdata)
    Region$$Table$$Base                      0x00003498   Number         0  anon$$obj.o(Region$$Table)
    Region$$Table$$Limit                     0x000034b8   Number         0  anon$$obj.o(Region$$Table)
    g_buffer                                 0x10000000   Data          16  uart_irq.o(.data)
    gp_buffer                                0x10000010   Data           4  uart_irq.o(.data)
    g_send_char                              0x10000014   Data           1  uart_irq.o(.data)
    g_char_in                                0x10000015   Data           1  uart_irq.o(.data)
    g_char_out                               0x10000016   Data           1  uart_irq.o(.data)
    g_switch_flag                            0x10000017   Data           1  uart_irq.o(.data)
    errno                                    0x10000018   Data           4  k_rtx_init.o(.data)
    gp_current_task                          0x1000001c   Data           4  k_task.o(.data)
    g_num_active_tasks                       0x10000020   Data           4  k_task.o(.data)
    g_largest_tid                            0x10000024   Data           1  k_task.o(.data)
    SET_IRAM2_SIZE_LOG2                      0x10000028   Data           4  k_mem_util.o(.data)
    SET_IRAM1_SIZE_LOG2                      0x1000002c   Data           4  k_mem_util.o(.data)
    SET_IRAM1_BASE                           0x10000030   Data           4  k_mem_util.o(.data)
    dormant_TCB_queue                        0x10000034   Data           8  k_task_util.o(.data)
    count                                    0x10000044   Data           4  kcd_task.o(.data)
    g_ae_cases                               0x10000058   Data           8  ae_tasks5_g10.o(.data)
    global_tid                               0x10000060   Data           2  ae_tasks5_g10.o(.data)
    cnt                                      0x10000064   Data           4  ae_tasks5_g10.o(.data)
    g_k_stacks                               0x10000068   Data       12288  k_mem.o(.bss)
    g_p_stacks                               0x10003068   Data         512  k_mem.o(.bss)
    mailboxes                                0x10003268   Data         512  k_msg.o(.bss)
    mailbox_uart                             0x10003468   Data          32  k_msg.o(.bss)
    blocked_sender_bufs                      0x10003488   Data          64  k_msg.o(.bss)
    g_tcbs                                   0x100034c8   Data         576  k_task.o(.bss)
    free_lists                               0x10003708   Data         176  k_mem_util.o(.bss)
    used_blocks                              0x100037b8   Data         512  k_mem_util.o(.bss)
    ready_TCB_queues                         0x100039b8   Data          40  k_task_util.o(.bss)
    string                                   0x100039e0   Data          64  kcd_task.o(.bss)
    cmds                                     0x10003a20   Data          62  kcd_task.o(.bss)
    __libspace_start                         0x10003a60   Data          96  libspace.o(.bss)
    __temporary_stack_top$libspace           0x10003ac0   Data           0  libspace.o(.bss)
    g_ae_xtest                               0x10003ac0   Data         132  ae_tasks5_g10.o(.bss)
    g_tsk_cases                              0x10003b44   Data          72  ae_tasks5_g10.o(.bss)
    g_buf1                                   0x10003b8c   Data         128  ae_tasks5_g10.o(.bss)
    g_buf1a                                  0x10003c0c   Data         128  ae_tasks5_g10.o(.bss)
    g_buf1b                                  0x10003c8c   Data         128  ae_tasks5_g10.o(.bss)
    g_buf2                                   0x10003d0c   Data         128  ae_tasks5_g10.o(.bss)
    g_buf2a                                  0x10003d8c   Data         128  ae_tasks5_g10.o(.bss)
    g_buf2b                                  0x10003e0c   Data         128  ae_tasks5_g10.o(.bss)
    g_buf2c                                  0x10003e8c   Data         128  ae_tasks5_g10.o(.bss)
    g_buf3                                   0x10003f0c   Data         128  ae_tasks5_g10.o(.bss)
    g_buf3a                                  0x10003f8c   Data         128  ae_tasks5_g10.o(.bss)
    g_buf3b                                  0x1000400c   Data         128  ae_tasks5_g10.o(.bss)
    g_buf3c                                  0x1000408c   Data         128  ae_tasks5_g10.o(.bss)
    g_buf4                                   0x1000410c   Data         128  ae_tasks5_g10.o(.bss)
    g_buf5                                   0x1000418c   Data         128  ae_tasks5_g10.o(.bss)
    g_init_tasks                             0x1000420c   Data          24  ae_tasks5_g10.o(.bss)



==============================================================================

Memory Map of the image

  Image Entry point : 0x000000cd

  Load Region LR_IROM1 (Base: 0x00000000, Size: 0x00003520, Max: 0x00080000, ABSOLUTE)

    Execution Region ER_IROM1 (Exec base: 0x00000000, Load base: 0x00000000, Size: 0x000034b8, Max: 0x00080000, ABSOLUTE)

    Exec Addr    Load Addr    Size         Type   Attr      Idx    E Section Name        Object

    0x00000000   0x00000000   0x000000cc   Data   RO         1152    RESET               startup_lpc17xx.o
    0x000000cc   0x000000cc   0x00000008   Code   RO         1204  * !!!main             c_w.l(__main.o)
    0x000000d4   0x000000d4   0x00000034   Code   RO         1650    !!!scatter          c_w.l(__scatter.o)
    0x00000108   0x00000108   0x0000001a   Code   RO         1652    !!handler_copy      c_w.l(__scatter_copy.o)
    0x00000122   0x00000122   0x00000002   PAD
    0x00000124   0x00000124   0x0000001c   Code   RO         1654    !!handler_zi        c_w.l(__scatter_zi.o)
    0x00000140   0x00000140   0x00000002   Code   RO         1301    .ARM.Collect$$libinit$$00000000  c_w.l(libinit.o)
    0x00000142   0x00000142   0x00000000   Code   RO         1356    .ARM.Collect$$libinit$$00000002  c_w.l(libinit2.o)
    0x00000142   0x00000142   0x00000000   Code   RO         1358    .ARM.Collect$$libinit$$00000004  c_w.l(libinit2.o)
    0x00000142   0x00000142   0x00000000   Code   RO         1361    .ARM.Collect$$libinit$$0000000A  c_w.l(libinit2.o)
    0x00000142   0x00000142   0x00000000   Code   RO         1363    .ARM.Collect$$libinit$$0000000C  c_w.l(libinit2.o)
    0x00000142   0x00000142   0x00000000   Code   RO         1365    .ARM.Collect$$libinit$$0000000E  c_w.l(libinit2.o)
    0x00000142   0x00000142   0x00000000   Code   RO         1368    .ARM.Collect$$libinit$$00000011  c_w.l(libinit2.o)
    0x00000142   0x00000142   0x00000000   Code   RO         1370    .ARM.Collect$$libinit$$00000013  c_w.l(libinit2.o)
    0x00000142   0x00000142   0x00000000   Code   RO         1372    .ARM.Collect$$libinit$$00000015  c_w.l(libinit2.o)
    0x00000142   0x00000142   0x00000000   Code   RO         1374    .ARM.Collect$$libinit$$00000017  c_w.l(libinit2.o)
    0x00000142   0x00000142   0x00000000   Code   RO         1376    .ARM.Collect$$libinit$$00000019  c_w.l(libinit2.o)
    0x00000142   0x00000142   0x00000000   Code   RO         1378    .ARM.Collect$$libinit$$0000001B  c_w.l(libinit2.o)
    0x00000142   0x00000142   0x00000000   Code   RO         1380    .ARM.Collect$$libinit$$0000001D  c_w.l(libinit2.o)
    0x00000142   0x00000142   0x00000000   Code   RO         1382    .ARM.Collect$$libinit$$0000001F  c_w.l(libinit2.o)
    0x00000142   0x00000142   0x00000000   Code   RO         1384    .ARM.Collect$$libinit$$00000021  c_w.l(libinit2.o)
    0x00000142   0x00000142   0x00000000   Code   RO         1386    .ARM.Collect$$libinit$$00000023  c_w.l(libinit2.o)
    0x00000142   0x00000142   0x00000000   Code   RO         1388    .ARM.Collect$$libinit$$00000025  c_w.l(libinit2.o)
    0x00000142   0x00000142   0x00000000   Code   RO         1392    .ARM.Collect$$libinit$$0000002C  c_w.l(libinit2.o)
    0x00000142   0x00000142   0x00000000   Code   RO         1394    .ARM.Collect$$libinit$$0000002E  c_w.l(libinit2.o)
    0x00000142   0x00000142   0x00000000   Code   RO         1396    .ARM.Collect$$libinit$$00000030  c_w.l(libinit2.o)
    0x00000142   0x00000142   0x00000000   Code   RO         1398    .ARM.Collect$$libinit$$00000032  c_w.l(libinit2.o)
    0x00000142   0x00000142   0x00000002   Code   RO         1399    .ARM.Collect$$libinit$$00000033  c_w.l(libinit2.o)
    0x00000144   0x00000144   0x00000002   Code   RO         1607    .ARM.Collect$$libshutdown$$00000000  c_w.l(libshutdown.o)
    0x00000146   0x00000146   0x00000000   Code   RO         1633    .ARM.Collect$$libshutdown$$00000002  c_w.l(libshutdown2.o)
    0x00000146   0x00000146   0x00000000   Code   RO         1635    .ARM.Collect$$libshutdown$$00000004  c_w.l(libshutdown2.o)
    0x00000146   0x00000146   0x00000000   Code   RO         1638    .ARM.Collect$$libshutdown$$00000007  c_w.l(libshutdown2.o)
    0x00000146   0x00000146   0x00000000   Code   RO         1641    .ARM.Collect$$libshutdown$$0000000A  c_w.l(libshutdown2.o)
    0x00000146   0x00000146   0x00000000   Code   RO         1643    .ARM.Collect$$libshutdown$$0000000C  c_w.l(libshutdown2.o)
    0x00000146   0x00000146   0x00000000   Code   RO         1646    .ARM.Collect$$libshutdown$$0000000F  c_w.l(libshutdown2.o)
    0x00000146   0x00000146   0x00000002   Code   RO         1647    .ARM.Collect$$libshutdown$$00000010  c_w.l(libshutdown2.o)
    0x00000148   0x00000148   0x00000000   Code   RO         1206    .ARM.Collect$$rtentry$$00000000  c_w.l(__rtentry.o)
    0x00000148   0x00000148   0x00000000   Code   RO         1212    .ARM.Collect$$rtentry$$00000002  c_w.l(__rtentry2.o)
    0x00000148   0x00000148   0x00000006   Code   RO         1224    .ARM.Collect$$rtentry$$00000004  c_w.l(__rtentry4.o)
    0x0000014e   0x0000014e   0x00000000   Code   RO         1214    .ARM.Collect$$rtentry$$00000009  c_w.l(__rtentry2.o)
    0x0000014e   0x0000014e   0x00000004   Code   RO         1215    .ARM.Collect$$rtentry$$0000000A  c_w.l(__rtentry2.o)
    0x00000152   0x00000152   0x00000000   Code   RO         1217    .ARM.Collect$$rtentry$$0000000C  c_w.l(__rtentry2.o)
    0x00000152   0x00000152   0x00000008   Code   RO         1218    .ARM.Collect$$rtentry$$0000000D  c_w.l(__rtentry2.o)
    0x0000015a   0x0000015a   0x00000002   Code   RO         1347    .ARM.Collect$$rtexit$$00000000  c_w.l(rtexit.o)
    0x0000015c   0x0000015c   0x00000000   Code   RO         1510    .ARM.Collect$$rtexit$$00000002  c_w.l(rtexit2.o)
    0x0000015c   0x0000015c   0x00000004   Code   RO         1511    .ARM.Collect$$rtexit$$00000003  c_w.l(rtexit2.o)
    0x00000160   0x00000160   0x00000006   Code   RO         1512    .ARM.Collect$$rtexit$$00000004  c_w.l(rtexit2.o)
    0x00000166   0x00000166   0x00000002   PAD
    0x00000168   0x00000168   0x00000008   Code   RO          181    .emb_text           hal.o
    0x00000170   0x00000170   0x00000032   Code   RO          461    .emb_text           k_task.o
    0x000001a2   0x000001a2   0x00000002   PAD
    0x000001a4   0x000001a4   0x0000003c   Code   RO         1154    .text               startup_lpc17xx.o
    0x000001e0   0x000001e0   0x00000064   Code   RO         1200    .text               c_w.l(rt_memcpy_w.o)
    0x00000244   0x00000244   0x00000006   Code   RO         1202    .text               c_w.l(heapauxi.o)
    0x0000024a   0x0000024a   0x0000004a   Code   RO         1288    .text               c_w.l(sys_stackheap_outer.o)
    0x00000294   0x00000294   0x00000012   Code   RO         1290    .text               c_w.l(exit.o)
    0x000002a6   0x000002a6   0x00000002   PAD
    0x000002a8   0x000002a8   0x00000008   Code   RO         1344    .text               c_w.l(libspace.o)
    0x000002b0   0x000002b0   0x0000000c   Code   RO         1507    .text               c_w.l(sys_exit.o)
    0x000002bc   0x000002bc   0x00000002   Code   RO         1596    .text               c_w.l(use_no_semi.o)
    0x000002be   0x000002be   0x00000000   Code   RO         1598    .text               c_w.l(indicate_semi.o)
    0x000002be   0x000002be   0x00000002   PAD
    0x000002c0   0x000002c0   0x0000002c   Code   RO         1524    i.HardFault_Handler  ae-lib-sim.lib(ae_util.o)
    0x000002ec   0x000002ec   0x00000004   Code   RO         1525    i.ae_exit           ae-lib-sim.lib(ae_util.o)
    0x000002f0   0x000002f0   0x0000000a   Code   RO          853    i.get_msg_length    k_msg_util.o
    0x000002fa   0x000002fa   0x00000002   PAD
    0x000002fc   0x000002fc   0x00000004   Code   RO         1153    .ARM.__at_0x02FC    startup_lpc17xx.o
    0x00000300   0x00000300   0x0000010c   Code   RO         1046    i.KCD_handler       kcd_task.o
    0x0000040c   0x0000040c   0x00000106   Code   RO          462    i.SVC_Handler       k_task.o
    0x00000512   0x00000512   0x00000002   PAD
    0x00000514   0x00000514   0x00000140   Code   RO         1164    i.SystemInit        system_lpc17xx.o
    0x00000654   0x00000654   0x00000140   Code   RO           87    i.UART0_IRQHandler  uart_irq.o
    0x00000794   0x00000794   0x00000022   Code   RO           88    i.__NVIC_EnableIRQ  uart_irq.o
    0x000007b6   0x000007b6   0x00000034   Code   RO         1047    i._init_message     kcd_task.o
    0x000007ea   0x000007ea   0x00000002   PAD
    0x000007ec   0x000007ec   0x00000088   Code   RO          311    i._k_mbx_create     k_msg.o
    0x00000874   0x00000874   0x00000098   Code   RO          312    i._k_recv_msg_nb    k_msg.o
    0x0000090c   0x0000090c   0x000000c8   Code   RO          313    i._k_send_msg_nb    k_msg.o
    0x000009d4   0x000009d4   0x00000032   Code   RO          927    i.a2d               printf.o
    0x00000a06   0x00000a06   0x0000003a   Code   RO          928    i.a2i               printf.o
    0x00000a40   0x00000a40   0x00000030   Code   RO         1303    i.ae_init_new       ae-lib-sim.lib(ae.o)
    0x00000a70   0x00000a70   0x00000016   Code   RO         1304    i.ae_set_init_tasks_info  ae-lib-sim.lib(ae.o)
    0x00000a86   0x00000a86   0x00000016   Code   RO         1305    i.ae_set_sys_info   ae-lib-sim.lib(ae.o)
    0x00000a9c   0x00000a9c   0x00000024   Code   RO          314    i.block_sender      k_msg.o
    0x00000ac0   0x00000ac0   0x00000038   Code   RO          463    i.block_task        k_task.o
    0x00000af8   0x00000af8   0x00000028   Code   RO          464    i.check_task_valid  k_task.o
    0x00000b20   0x00000b20   0x00000028   Code   RO          616    i.child_index_to_parent_index  k_mem_util.o
    0x00000b48   0x00000b48   0x00000012   Code   RO          852    i.cleanup_mailbox   k_msg_util.o
    0x00000b5a   0x00000b5a   0x00000002   PAD
    0x00000b5c   0x00000b5c   0x00000020   Code   RO         1048    i.clear_string      kcd_task.o
    0x00000b7c   0x00000b7c   0x00000058   Code   RO          617    i.coalesce_buddies  k_mem_util.o
    0x00000bd4   0x00000bd4   0x00000026   Code   RO         1049    i.copy              kcd_task.o
    0x00000bfa   0x00000bfa   0x00000012   Code   RO         1526    i.count_set_bits    ae-lib-sim.lib(ae_util.o)
    0x00000c0c   0x00000c0c   0x0000002a   Code   RO          779    i.enqueue_back      k_task_util.o
    0x00000c36   0x00000c36   0x0000002a   Code   RO          780    i.enqueue_front     k_task_util.o
    0x00000c60   0x00000c60   0x00000026   Code   RO         1050    i.error_message     kcd_task.o
    0x00000c86   0x00000c86   0x00000002   PAD
    0x00000c88   0x00000c88   0x00000058   Code   RO         1400    i.gen_req0          ae-lib-sim.lib(ae_tasks5_g10.o)
    0x00000ce0   0x00000ce0   0x00000016   Code   RO          233    i.getIRAM           k_mem.o
    0x00000cf6   0x00000cf6   0x00000032   Code   RO         1051    i.get_index         kcd_task.o
    0x00000d28   0x00000d28   0x00000034   Code   RO          465    i.get_next_tid      k_task.o
    0x00000d5c   0x00000d5c   0x0000000c   Code   RO          854    i.get_ring_buffer_free_bytes  k_msg_util.o
    0x00000d68   0x00000d68   0x0000000c   Code   RO          618    i.get_side          k_mem_util.o
    0x00000d74   0x00000d74   0x00000050   Code   RO         1052    i.get_state         kcd_task.o
    0x00000dc4   0x00000dc4   0x00000020   Code   RO          619    i.get_used_block    k_mem_util.o
    0x00000de4   0x00000de4   0x00000024   Code   RO          620    i.height_to_size    k_mem_util.o
    0x00000e08   0x00000e08   0x00000020   Code   RO          929    i.i2a               printf.o
    0x00000e28   0x00000e28   0x0000003c   Code   RO          621    i.index_to_pointer  k_mem_util.o
    0x00000e64   0x00000e64   0x0000000c   Code   RO          622    i.index_to_relative_index  k_mem_util.o
    0x00000e70   0x00000e70   0x0000007c   Code   RO         1401    i.init_ae_tsk_test  ae-lib-sim.lib(ae_tasks5_g10.o)
    0x00000eec   0x00000eec   0x00000006   Code   RO          623    i.init_list         k_mem_util.o
    0x00000ef2   0x00000ef2   0x00000038   Code   RO          855    i.init_mailbox      k_msg_util.o
    0x00000f2a   0x00000f2a   0x0000002e   Code   RO         1402    i.init_message_DEFAULT  ae-lib-sim.lib(ae_tasks5_g10.o)
    0x00000f58   0x00000f58   0x0000002e   Code   RO         1403    i.init_message_DISPLAY  ae-lib-sim.lib(ae_tasks5_g10.o)
    0x00000f86   0x00000f86   0x0000002e   Code   RO         1404    i.init_message_KEY_IN  ae-lib-sim.lib(ae_tasks5_g10.o)
    0x00000fb4   0x00000fb4   0x00000014   Code   RO          930    i.init_printf       printf.o
    0x00000fc8   0x00000fc8   0x00000008   Code   RO          781    i.init_queue        k_task_util.o
    0x00000fd0   0x00000fd0   0x00000028   Code   RO          782    i.init_queues       k_task_util.o
    0x00000ff8   0x00000ff8   0x0000000c   Code   RO          856    i.init_ring_buffer_queue  k_msg_util.o
    0x00001004   0x00001004   0x00000032   Code   RO          624    i.is_buddy_free     k_mem_util.o
    0x00001036   0x00001036   0x00000002   PAD
    0x00001038   0x00001038   0x00000030   Code   RO          234    i.k_alloc_k_stack   k_mem.o
    0x00001068   0x00001068   0x0000002c   Code   RO          235    i.k_alloc_p_stack   k_mem.o
    0x00001094   0x00001094   0x00000030   Code   RO          315    i.k_mbx_cleanup     k_msg.o
    0x000010c4   0x000010c4   0x00000018   Code   RO          316    i.k_mbx_create      k_msg.o
    0x000010dc   0x000010dc   0x0000006c   Code   RO          317    i.k_mbx_get         k_msg.o
    0x00001148   0x00001148   0x0000009c   Code   RO          318    i.k_mbx_ls          k_msg.o
    0x000011e4   0x000011e4   0x00000060   Code   RO          236    i.k_mem_init        k_mem.o
    0x00001244   0x00001244   0x00000110   Code   RO          237    i.k_mpool_alloc     k_mem.o
    0x00001354   0x00001354   0x0000014c   Code   RO          238    i.k_mpool_create    k_mem.o
    0x000014a0   0x000014a0   0x0000010c   Code   RO          239    i.k_mpool_dealloc   k_mem.o
    0x000015ac   0x000015ac   0x000000c4   Code   RO          240    i.k_mpool_dump      k_mem.o
    0x00001670   0x00001670   0x00000024   Code   RO          417    i.k_pre_rtx_init    k_rtx_init.o
    0x00001694   0x00001694   0x00000098   Code   RO          319    i.k_recv_msg        k_msg.o
    0x0000172c   0x0000172c   0x0000001c   Code   RO          320    i.k_recv_msg_nb     k_msg.o
    0x00001748   0x00001748   0x0000004c   Code   RO          418    i.k_rtx_init        k_rtx_init.o
    0x00001794   0x00001794   0x000000c4   Code   RO          321    i.k_send_msg        k_msg.o
    0x00001858   0x00001858   0x0000001c   Code   RO          322    i.k_send_msg_nb     k_msg.o
    0x00001874   0x00001874   0x00000118   Code   RO          466    i.k_tsk_create      k_task.o
    0x0000198c   0x0000198c   0x00000128   Code   RO          467    i.k_tsk_create_new  k_task.o
    0x00001ab4   0x00001ab4   0x0000005c   Code   RO          468    i.k_tsk_exit        k_task.o
    0x00001b10   0x00001b10   0x000000f0   Code   RO          469    i.k_tsk_get         k_task.o
    0x00001c00   0x00001c00   0x0000000c   Code   RO          470    i.k_tsk_gettid      k_task.o
    0x00001c0c   0x00001c0c   0x00000100   Code   RO          471    i.k_tsk_init        k_task.o
    0x00001d0c   0x00001d0c   0x000000b0   Code   RO          472    i.k_tsk_init_daemons  k_task.o
    0x00001dbc   0x00001dbc   0x0000001c   Code   RO          473    i.k_tsk_init_first  k_task.o
    0x00001dd8   0x00001dd8   0x00000088   Code   RO          474    i.k_tsk_ls          k_task.o
    0x00001e60   0x00001e60   0x00000088   Code   RO          475    i.k_tsk_run_new     k_task.o
    0x00001ee8   0x00001ee8   0x00000044   Code   RO          476    i.k_tsk_run_new_helper  k_task.o
    0x00001f2c   0x00001f2c   0x00000118   Code   RO          477    i.k_tsk_set_prio    k_task.o
    0x00002044   0x00002044   0x00000014   Code   RO          478    i.k_tsk_yield       k_task.o
    0x00002058   0x00002058   0x00000016   Code   RO          625    i.list_empty        k_mem_util.o
    0x0000206e   0x0000206e   0x00000014   Code   RO          626    i.log_2             k_mem_util.o
    0x00002082   0x00002082   0x00000002   PAD
    0x00002084   0x00002084   0x00000068   Code   RO         1230    i.main              ae-lib-sim.lib(main.o)
    0x000020ec   0x000020ec   0x0000003c   Code   RO          627    i.mark_index_as_unused  k_mem_util.o
    0x00002128   0x00002128   0x00000026   Code   RO          628    i.mark_index_as_used  k_mem_util.o
    0x0000214e   0x0000214e   0x0000002e   Code   RO          629    i.parent_index_to_child_index  k_mem_util.o
    0x0000217c   0x0000217c   0x0000001c   Code   RO          857    i.peek_ring_buffer  k_msg_util.o
    0x00002198   0x00002198   0x0000003e   Code   RO          630    i.pointer_to_height  k_mem_util.o
    0x000021d6   0x000021d6   0x00000002   PAD
    0x000021d8   0x000021d8   0x00000040   Code   RO          631    i.pointer_to_index  k_mem_util.o
    0x00002218   0x00002218   0x00000018   Code   RO          632    i.pop_node          k_mem_util.o
    0x00002230   0x00002230   0x00000050   Code   RO          858    i.pop_ring_buffer   k_msg_util.o
    0x00002280   0x00002280   0x00000070   Code   RO         1527    i.print_log         ae-lib-sim.lib(ae_util.o)
    0x000022f0   0x000022f0   0x00000120   Code   RO         1528    i.print_results     ae-lib-sim.lib(ae_util.o)
    0x00002410   0x00002410   0x00000028   Code   RO         1529    i.print_summary     ae-lib-sim.lib(ae_util.o)
    0x00002438   0x00002438   0x00000010   Code   RO          783    i.prio_to_array_index  k_task_util.o
    0x00002448   0x00002448   0x000000e8   Code   RO         1405    i.priv_task1        ae-lib-sim.lib(ae_tasks5_g10.o)
    0x00002530   0x00002530   0x00000038   Code   RO         1530    i.process_sub_result  ae-lib-sim.lib(ae_util.o)
    0x00002568   0x00002568   0x00000010   Code   RO          633    i.push_node         k_mem_util.o
    0x00002578   0x00002578   0x0000004e   Code   RO          859    i.push_ring_buffer  k_msg_util.o
    0x000025c6   0x000025c6   0x00000002   PAD
    0x000025c8   0x000025c8   0x00000044   Code   RO            4    i.putc              uart_polling.o
    0x0000260c   0x0000260c   0x00000052   Code   RO          931    i.putchw            printf.o
    0x0000265e   0x0000265e   0x0000000a   Code   RO          932    i.putcp             printf.o
    0x00002668   0x00002668   0x0000001a   Code   RO          784    i.queue_pop         k_task_util.o
    0x00002682   0x00002682   0x0000000c   Code   RO          634    i.relative_index_to_index  k_mem_util.o
    0x0000268e   0x0000268e   0x0000000a   Code   RO          635    i.remove_node       k_mem_util.o
    0x00002698   0x00002698   0x00000060   Code   RO          785    i.remove_tcb_given_tid  k_task_util.o
    0x000026f8   0x000026f8   0x0000007c   Code   RO          479    i.scheduler         k_task.o
    0x00002774   0x00002774   0x0000001c   Code   RO         1406    i.set_ae_init_tasks  ae-lib-sim.lib(ae_tasks5_g10.o)
    0x00002790   0x00002790   0x00000038   Code   RO         1407    i.set_ae_tasks      ae-lib-sim.lib(ae_tasks5_g10.o)
    0x000027c8   0x000027c8   0x00000040   Code   RO          636    i.set_used_block    k_mem_util.o
    0x00002808   0x00002808   0x00000044   Code   RO          637    i.size_to_height    k_mem_util.o
    0x0000284c   0x0000284c   0x0000008c   Code   RO          638    i.split_block       k_mem_util.o
    0x000028d8   0x000028d8   0x00000020   Code   RO         1531    i.strcpy            ae-lib-sim.lib(ae_util.o)
    0x000028f8   0x000028f8   0x00000012   Code   RO         1053    i.strlen            kcd_task.o
    0x0000290a   0x0000290a   0x00000002   PAD
    0x0000290c   0x0000290c   0x00000314   Code   RO         1408    i.task1             ae-lib-sim.lib(ae_tasks5_g10.o)
    0x00002c20   0x00002c20   0x0000010c   Code   RO         1409    i.task2             ae-lib-sim.lib(ae_tasks5_g10.o)
    0x00002d2c   0x00002d2c   0x00000034   Code   RO          992    i.task_cdisp        cdisp_task.o
    0x00002d60   0x00002d60   0x00000124   Code   RO         1054    i.task_kcd          kcd_task.o
    0x00002e84   0x00002e84   0x00000050   Code   RO         1123    i.task_null         null_task.o
    0x00002ed4   0x00002ed4   0x0000000e   Code   RO         1410    i.test0_start       ae-lib-sim.lib(ae_tasks5_g10.o)
    0x00002ee2   0x00002ee2   0x00000002   PAD
    0x00002ee4   0x00002ee4   0x0000006c   Code   RO         1532    i.test_abort        ae-lib-sim.lib(ae_util.o)
    0x00002f50   0x00002f50   0x00000020   Code   RO         1533    i.test_exit         ae-lib-sim.lib(ae_util.o)
    0x00002f70   0x00002f70   0x00000128   Code   RO          933    i.tfp_format        printf.o
    0x00003098   0x00003098   0x0000002c   Code   RO          934    i.tfp_printf        printf.o
    0x000030c4   0x000030c4   0x0000002c   Code   RO          935    i.tfp_sprintf       printf.o
    0x000030f0   0x000030f0   0x0000006c   Code   RO            6    i.uart_init         uart_polling.o
    0x0000315c   0x0000315c   0x000000bc   Code   RO           89    i.uart_irq_init     uart_irq.o
    0x00003218   0x00003218   0x00000034   Code   RO            7    i.uart_put_char     uart_polling.o
    0x0000324c   0x0000324c   0x00000026   Code   RO            8    i.uart_put_string   uart_polling.o
    0x00003272   0x00003272   0x00000056   Code   RO          936    i.ui2a              printf.o
    0x000032c8   0x000032c8   0x00000016   Code   RO          323    i.unblock_all_senders  k_msg.o
    0x000032de   0x000032de   0x00000002   PAD
    0x000032e0   0x000032e0   0x00000074   Code   RO          324    i.unblock_senders   k_msg.o
    0x00003354   0x00003354   0x0000004c   Code   RO          480    i.unblock_task      k_task.o
    0x000033a0   0x000033a0   0x0000004c   Code   RO          860    i.validate_receive_message  k_msg_util.o
    0x000033ec   0x000033ec   0x00000080   Code   RO          861    i.validate_send_message  k_msg_util.o
    0x0000346c   0x0000346c   0x00000008   Data   RO          242    .constdata          k_mem.o
    0x00003474   0x00003474   0x00000021   Data   RO         1415    .constdata          ae-lib-sim.lib(ae_tasks5_g10.o)
    0x00003495   0x00003495   0x00000003   PAD
    0x00003498   0x00003498   0x00000020   Data   RO         1648    Region$$Table       anon$$obj.o


    Execution Region RW_IRAM1 (Exec base: 0x10000000, Load base: 0x000034b8, Size: 0x00004428, Max: 0x00007000, ABSOLUTE)

    Exec Addr    Load Addr    Size         Type   Attr      Idx    E Section Name        Object

    0x10000000   0x000034b8   0x00000018   Data   RW           90    .data               uart_irq.o
    0x10000018   0x000034d0   0x00000004   Data   RW          419    .data               k_rtx_init.o
    0x1000001c   0x000034d4   0x00000009   Data   RW          482    .data               k_task.o
    0x10000025   0x000034dd   0x00000003   PAD
    0x10000028   0x000034e0   0x0000000c   Data   RW          640    .data               k_mem_util.o
    0x10000034   0x000034ec   0x00000008   Data   RW          788    .data               k_task_util.o
    0x1000003c   0x000034f4   0x00000008   Data   RW          937    .data               printf.o
    0x10000044   0x000034fc   0x00000004   Data   RW         1056    .data               kcd_task.o
    0x10000048   0x00003500   0x00000010   Data   RW         1231    .data               ae-lib-sim.lib(main.o)
    0x10000058   0x00003510   0x00000010   Data   RW         1416    .data               ae-lib-sim.lib(ae_tasks5_g10.o)
    0x10000068        -       0x00003200   Zero   RW          241    .bss                k_mem.o
    0x10003268        -       0x00000260   Zero   RW          325    .bss                k_msg.o
    0x100034c8        -       0x00000240   Zero   RW          481    .bss                k_task.o
    0x10003708        -       0x000002b0   Zero   RW          639    .bss                k_mem_util.o
    0x100039b8        -       0x00000028   Zero   RW          787    .bss                k_task_util.o
    0x100039e0        -       0x0000007e   Zero   RW         1055    .bss                kcd_task.o
    0x10003a5e   0x00003520   0x00000002   PAD
    0x10003a60        -       0x00000060   Zero   RW         1345    .bss                c_w.l(libspace.o)
    0x10003ac0        -       0x00000764   Zero   RW         1414    .bss                ae-lib-sim.lib(ae_tasks5_g10.o)
    0x10004224   0x00003520   0x00000004   PAD
    0x10004228        -       0x00000000   Zero   RW         1151    HEAP                startup_lpc17xx.o
    0x10004228        -       0x00000200   Zero   RW         1150    STACK               startup_lpc17xx.o


==============================================================================

Image component sizes


      Code (inc. data)   RO Data    RW Data    ZI Data      Debug   Object Name

        52          4          0          0          0        997   cdisp_task.o
         8          2          0          0          0       2566   hal.o
      1278        356          8          0      12800       7451   k_mem.o
       982         90          0         12        688      15952   k_mem_util.o
      1402        352          0          0        608       9982   k_msg.o
       498         14          0          0          0       6871   k_msg_util.o
       112          4          0          4          0       5642   k_rtx_init.o
      2680        490          0          9        576      19260   k_task.o
       270         14          0          8         40       4972   k_task_util.o
       868        190          0          4        126       8944   kcd_task.o
        80         52          0          0          0        484   null_task.o
       722         26          0          8          0       6554   printf.o
        64         26        204          0        512       1024   startup_lpc17xx.o
       320         18          0          0          0        585   system_lpc17xx.o
       542        122          0         24          0      32294   uart_irq.o
       266         62          0          0          0      24209   uart_polling.o

    ----------------------------------------------------------------------
     10168       1822        244         72      15352     147787   Object Totals
         0          0         32          0          0          0   (incl. Generated)
        24          0          0          3          2          0   (incl. Padding)

    ----------------------------------------------------------------------

      Code (inc. data)   RO Data    RW Data    ZI Data      Debug   Library Member Name

        92          0          0          0          0       4309   ae.o
      1736        614         33         16       1892       9489   ae_tasks5_g10.o
       734        392          0          0          0       6112   ae_util.o
       104         20          0         16          0       4691   main.o
         8          0          0          0          0         68   __main.o
         0          0          0          0          0          0   __rtentry.o
        12          0          0          0          0          0   __rtentry2.o
         6          0          0          0          0          0   __rtentry4.o
        52          8          0          0          0          0   __scatter.o
        26          0          0          0          0          0   __scatter_copy.o
        28          0          0          0          0          0   __scatter_zi.o
        18          0          0          0          0         80   exit.o
         6          0          0          0          0        152   heapauxi.o
         0          0          0          0          0          0   indicate_semi.o
         2          0          0          0          0          0   libinit.o
         2          0          0          0          0          0   libinit2.o
         2          0          0          0          0          0   libshutdown.o
         2          0          0          0          0          0   libshutdown2.o
         8          4          0          0         96         68   libspace.o
       100          0          0          0          0         80   rt_memcpy_w.o
         2          0          0          0          0          0   rtexit.o
        10          0          0          0          0          0   rtexit2.o
        12          4          0          0          0         68   sys_exit.o
        74          0          0          0          0         80   sys_stackheap_outer.o
         2          0          0          0          0         68   use_no_semi.o

    ----------------------------------------------------------------------
      3048       1042         36         32       1992      25265   Library Totals
        10          0          3          0          4          0   (incl. Padding)

    ----------------------------------------------------------------------

      Code (inc. data)   RO Data    RW Data    ZI Data      Debug   Library Name

      2666       1026         33         32       1892      24601   ae-lib-sim.lib
       372         16          0          0         96        664   c_w.l

    ----------------------------------------------------------------------
      3048       1042         36         32       1992      25265   Library Totals

    ----------------------------------------------------------------------

==============================================================================


      Code (inc. data)   RO Data    RW Data    ZI Data      Debug   

     13216       2864        280        104      17344     165872   Grand Totals
     13216       2864        280        104      17344     165872   ELF Image Totals
     13216       2864        280        104          0          0   ROM Totals

==============================================================================

    Total RO  Size (Code + RO Data)                13496 (  13.18kB)
    Total RW  Size (RW Data + ZI Data)             17448 (  17.04kB)
    Total ROM Size (Code + RO Data + RW Data)      13600 (  13.28kB)

==============================================================================

